Archive member included to satisfy reference by file (symbol)

libs/FreeRTOS-Kernel/libfreertos_kernel.a(tasks.c.obj)
                              CMakeFiles/build.elf.dir/src/main.cpp.obj (xTaskCreate)
libs/FreeRTOS-Kernel/libfreertos_kernel.a(heap_4.c.obj)
                              CMakeFiles/build.elf.dir/libs/src/_mem.c.obj (pvPortMalloc)
libs/FreeRTOS-Kernel/libfreertos_kernel.a(list.c.obj)
                              libs/FreeRTOS-Kernel/libfreertos_kernel.a(tasks.c.obj) (vListInitialise)
libs/FreeRTOS-Kernel/portable/libfreertos_kernel_port.a(port.c.obj)
                              libs/FreeRTOS-Kernel/libfreertos_kernel.a(tasks.c.obj) (pxPortInitialiseStack)
c:/users/daniil/desktop/embedded/gcc-arm-none-eabi-11.2/bin/../lib/gcc/arm-none-eabi/11.2.1/thumb/v7e-m+fp/hard\libg_nano.a(lib_a-assert.o)
                              CMakeFiles/build.elf.dir/src/main.cpp.obj (__assert_func)
c:/users/daniil/desktop/embedded/gcc-arm-none-eabi-11.2/bin/../lib/gcc/arm-none-eabi/11.2.1/thumb/v7e-m+fp/hard\libg_nano.a(lib_a-errno.o)
                              CMakeFiles/build.elf.dir/libs/src/_syscalls.c.obj (__errno)
c:/users/daniil/desktop/embedded/gcc-arm-none-eabi-11.2/bin/../lib/gcc/arm-none-eabi/11.2.1/thumb/v7e-m+fp/hard\libg_nano.a(lib_a-fprintf.o)
                              c:/users/daniil/desktop/embedded/gcc-arm-none-eabi-11.2/bin/../lib/gcc/arm-none-eabi/11.2.1/thumb/v7e-m+fp/hard\libg_nano.a(lib_a-assert.o) (fiprintf)
c:/users/daniil/desktop/embedded/gcc-arm-none-eabi-11.2/bin/../lib/gcc/arm-none-eabi/11.2.1/thumb/v7e-m+fp/hard\libg_nano.a(lib_a-impure.o)
                              c:/users/daniil/desktop/embedded/gcc-arm-none-eabi-11.2/bin/../lib/gcc/arm-none-eabi/11.2.1/thumb/v7e-m+fp/hard\libg_nano.a(lib_a-assert.o) (_impure_ptr)
c:/users/daniil/desktop/embedded/gcc-arm-none-eabi-11.2/bin/../lib/gcc/arm-none-eabi/11.2.1/thumb/v7e-m+fp/hard\libg_nano.a(lib_a-memcpy-stub.o)
                              CMakeFiles/build.elf.dir/libs/src/system_init.cpp.obj (memcpy)
c:/users/daniil/desktop/embedded/gcc-arm-none-eabi-11.2/bin/../lib/gcc/arm-none-eabi/11.2.1/thumb/v7e-m+fp/hard\libg_nano.a(lib_a-memset.o)
                              CMakeFiles/build.elf.dir/libs/src/_startup.c.obj (memset)
c:/users/daniil/desktop/embedded/gcc-arm-none-eabi-11.2/bin/../lib/gcc/arm-none-eabi/11.2.1/thumb/v7e-m+fp/hard\libg_nano.a(lib_a-nano-vfprintf.o)
                              c:/users/daniil/desktop/embedded/gcc-arm-none-eabi-11.2/bin/../lib/gcc/arm-none-eabi/11.2.1/thumb/v7e-m+fp/hard\libg_nano.a(lib_a-fprintf.o) (_vfprintf_r)
c:/users/daniil/desktop/embedded/gcc-arm-none-eabi-11.2/bin/../lib/gcc/arm-none-eabi/11.2.1/thumb/v7e-m+fp/hard\libg_nano.a(lib_a-wbuf.o)
                              c:/users/daniil/desktop/embedded/gcc-arm-none-eabi-11.2/bin/../lib/gcc/arm-none-eabi/11.2.1/thumb/v7e-m+fp/hard\libg_nano.a(lib_a-nano-vfprintf.o) (__swbuf_r)
c:/users/daniil/desktop/embedded/gcc-arm-none-eabi-11.2/bin/../lib/gcc/arm-none-eabi/11.2.1/thumb/v7e-m+fp/hard\libg_nano.a(lib_a-wsetup.o)
                              c:/users/daniil/desktop/embedded/gcc-arm-none-eabi-11.2/bin/../lib/gcc/arm-none-eabi/11.2.1/thumb/v7e-m+fp/hard\libg_nano.a(lib_a-nano-vfprintf.o) (__swsetup_r)
c:/users/daniil/desktop/embedded/gcc-arm-none-eabi-11.2/bin/../lib/gcc/arm-none-eabi/11.2.1/thumb/v7e-m+fp/hard\libg_nano.a(lib_a-fflush.o)
                              c:/users/daniil/desktop/embedded/gcc-arm-none-eabi-11.2/bin/../lib/gcc/arm-none-eabi/11.2.1/thumb/v7e-m+fp/hard\libg_nano.a(lib_a-wbuf.o) (_fflush_r)
c:/users/daniil/desktop/embedded/gcc-arm-none-eabi-11.2/bin/../lib/gcc/arm-none-eabi/11.2.1/thumb/v7e-m+fp/hard\libg_nano.a(lib_a-findfp.o)
                              c:/users/daniil/desktop/embedded/gcc-arm-none-eabi-11.2/bin/../lib/gcc/arm-none-eabi/11.2.1/thumb/v7e-m+fp/hard\libg_nano.a(lib_a-nano-vfprintf.o) (__sinit)
c:/users/daniil/desktop/embedded/gcc-arm-none-eabi-11.2/bin/../lib/gcc/arm-none-eabi/11.2.1/thumb/v7e-m+fp/hard\libg_nano.a(lib_a-fvwrite.o)
                              c:/users/daniil/desktop/embedded/gcc-arm-none-eabi-11.2/bin/../lib/gcc/arm-none-eabi/11.2.1/thumb/v7e-m+fp/hard\libg_nano.a(lib_a-nano-vfprintf.o) (__sfvwrite_r)
c:/users/daniil/desktop/embedded/gcc-arm-none-eabi-11.2/bin/../lib/gcc/arm-none-eabi/11.2.1/thumb/v7e-m+fp/hard\libg_nano.a(lib_a-fwalk.o)
                              c:/users/daniil/desktop/embedded/gcc-arm-none-eabi-11.2/bin/../lib/gcc/arm-none-eabi/11.2.1/thumb/v7e-m+fp/hard\libg_nano.a(lib_a-findfp.o) (_fwalk)
c:/users/daniil/desktop/embedded/gcc-arm-none-eabi-11.2/bin/../lib/gcc/arm-none-eabi/11.2.1/thumb/v7e-m+fp/hard\libg_nano.a(lib_a-makebuf.o)
                              c:/users/daniil/desktop/embedded/gcc-arm-none-eabi-11.2/bin/../lib/gcc/arm-none-eabi/11.2.1/thumb/v7e-m+fp/hard\libg_nano.a(lib_a-wsetup.o) (__smakebuf_r)
[...]
Memory Configuration

Name             Origin             Length             Attributes
FLASH            0x08000000         0x00080000         xr
AXIFLASH         0x00000000         0x00000000         xr
RAM              0x20000000         0x00020000         xrw
ITCM             0x20000000         0x00000000         xrw
DTCM             0x20000000         0x00000000         xrw
CCMRAM           0x00000000         0x00000000         xrw
EXTMEMB0         0x00000000         0x00000000         xr
EXTMEMB1         0x00000000         0x00000000         xr
EXTMEMB2         0x00000000         0x00000000         xr
EXTMEMB3         0x00000000         0x00000000         xr
MEMORY_ARRAY     0x00000000         0x00000000         xrw
*default*        0x00000000         0xffffffff

Linker script and memory map

LOAD CMakeFiles/build.elf.dir/libs/src/_cxx.cpp.obj
LOAD CMakeFiles/build.elf.dir/libs/src/_mem.c.obj
LOAD CMakeFiles/build.elf.dir/libs/src/_startup.c.obj
LOAD CMakeFiles/build.elf.dir/libs/src/_syscalls.c.obj
LOAD CMakeFiles/build.elf.dir/libs/src/system_init.cpp.obj
LOAD CMakeFiles/build.elf.dir/libs/src/system_stm32f4xx.c.obj
LOAD CMakeFiles/build.elf.dir/libs/src/xprintf.c.obj
LOAD CMakeFiles/build.elf.dir/libs/superlib/src/dma.cpp.obj
LOAD CMakeFiles/build.elf.dir/libs/superlib/src/mcu_base.cpp.obj
LOAD CMakeFiles/build.elf.dir/libs/superlib/src/os_abstraction.cpp.obj
LOAD CMakeFiles/build.elf.dir/libs/superlib/src/supergpio.cpp.obj
LOAD CMakeFiles/build.elf.dir/libs/superlib/src/uart.cpp.obj
LOAD CMakeFiles/build.elf.dir/scripts/startup_stm32f411xe.s.obj
LOAD CMakeFiles/build.elf.dir/src/main.cpp.obj
LOAD libs/FreeRTOS-Kernel/libfreertos_kernel.a
LOAD libs/FreeRTOS-Kernel/portable/libfreertos_kernel_port.a
LOAD libs/FreeRTOS-Kernel/libfreertos_kernel.a
LOAD libs/FreeRTOS-Kernel/portable/libfreertos_kernel_port.a
LOAD c:/users/daniil/desktop/embedded/gcc-arm-none-eabi-11.2/bin/../lib/gcc/arm-none-eabi/11.2.1/thumb/v7e-m+fp/hard\libstdc++_nano.a
LOAD c:/users/daniil/desktop/embedded/gcc-arm-none-eabi-11.2/bin/../lib/gcc/arm-none-eabi/11.2.1/thumb/v7e-m+fp/hard\libm.a
START GROUP
LOAD c:/users/daniil/desktop/embedded/gcc-arm-none-eabi-11.2/bin/../lib/gcc/arm-none-eabi/11.2.1/thumb/v7e-m+fp/hard\libgcc.a
LOAD c:/users/daniil/desktop/embedded/gcc-arm-none-eabi-11.2/bin/../lib/gcc/arm-none-eabi/11.2.1/thumb/v7e-m+fp/hard\libg_nano.a
LOAD c:/users/daniil/desktop/embedded/gcc-arm-none-eabi-11.2/bin/../lib/gcc/arm-none-eabi/11.2.1/thumb/v7e-m+fp/hard\libc_nano.a
END GROUP
START GROUP
LOAD c:/users/daniil/desktop/embedded/gcc-arm-none-eabi-11.2/bin/../lib/gcc/arm-none-eabi/11.2.1/thumb/v7e-m+fp/hard\libgcc.a
LOAD c:/users/daniil/desktop/embedded/gcc-arm-none-eabi-11.2/bin/../lib/gcc/arm-none-eabi/11.2.1/thumb/v7e-m+fp/hard\libc_nano.a
END GROUP
                0x20020000                __stack = (ORIGIN (RAM) + LENGTH (RAM))
                0x20020000                _estack = __stack
                0x00000200                __Main_Stack_Size = 0x200
                [!provide]                PROVIDE (_Main_Stack_Size = __Main_Stack_Size)
                0x2001fe00                __Main_Stack_Limit = (__stack - __Main_Stack_Size)
                [!provide]                PROVIDE (_Main_Stack_Limit = __Main_Stack_Limit)
                0x00000100                _Minimum_Stack_Size = 0x100
                [!provide]                PROVIDE (_Heap_Begin = _end_noinit)
                [!provide]                PROVIDE (_Heap_Limit = (__stack - __Main_Stack_Size))

.isr_vector     0x08000000      0x244
 FILL mask 0xff
                0x08000000                __vectors_start = ABSOLUTE (.)
                0x08000000                __vectors_start__ = ABSOLUTE (.)
 *(.isr_vector)
 .isr_vector    0x08000000      0x198 CMakeFiles/build.elf.dir/scripts/startup_stm32f411xe.s.obj
                0x08000000                g_pfnVectors
                0x08000198                __vectors_end = ABSOLUTE (.)
 *(.cfmconfig)
 *(.after_vectors .after_vectors.*)
 .after_vectors
                0x08000198       0xac CMakeFiles/build.elf.dir/libs/src/_startup.c.obj
                0x08000198                _start

.inits          0x08000244       0x2c
                0x08000244                __data_regions_array_start = .
                0x08000244        0x4 LONG 0x8003870 LOADADDR (.data)
                0x08000248        0x4 LONG 0x20000000 ADDR (.data)
                0x0800024c        0x4 LONG 0x2000008c (ADDR (.data) + SIZEOF (.data))
                0x08000250        0x4 LONG 0x8003870 LOADADDR (.data_CCMRAM)
                0x08000254        0x4 LONG 0x0 ADDR (.data_CCMRAM)
                0x08000258        0x4 LONG 0x0 (ADDR (.data_CCMRAM) + SIZEOF (.data_CCMRAM))
                0x0800025c                __data_regions_array_end = .
                0x0800025c                __bss_regions_array_start = .
                0x0800025c        0x4 LONG 0x20000200 ADDR (.bss)
                0x08000260        0x4 LONG 0x20005c58 (ADDR (.bss) + SIZEOF (.bss))
                0x08000264        0x4 LONG 0x0 ADDR (.bss_CCMRAM)
                0x08000268        0x4 LONG 0x0 (ADDR (.bss_CCMRAM) + SIZEOF (.bss_CCMRAM))
                0x0800026c                __bss_regions_array_end = .
 *(.init)
 *(.fini)
                0x0800026c                . = ALIGN (0x4)
                0x0800026c                PROVIDE (__preinit_array_start = .)
 *(.preinit_array_sysinit .preinit_array_sysinit.*)
 *(.preinit_array_platform .preinit_array_platform.*)
 *(.preinit_array .preinit_array.*)
                0x0800026c                PROVIDE (__preinit_array_end = .)
                0x0800026c                . = ALIGN (0x4)
                0x0800026c                PROVIDE (__init_array_start = .)
 *(SORT_BY_NAME(.init_array.*))
 *(.init_array)
 .init_array    0x0800026c        0x4 CMakeFiles/build.elf.dir/src/main.cpp.obj
                0x08000270                PROVIDE (__init_array_end = .)
                0x08000270                . = ALIGN (0x4)
                0x08000270                PROVIDE (__fini_array_start = .)
 *(SORT_BY_NAME(.fini_array.*))
 *(.fini_array)
                0x08000270                PROVIDE (__fini_array_end = .)

.flashtext
 *(.flashtext .flashtext.*)

.text           0x08000270     0x35fe
 *(.text .text.*)
 .text._sbrk    0x08000270       0x10 CMakeFiles/build.elf.dir/libs/src/_mem.c.obj
                0x08000270                _sbrk
 .text._exit    0x08000280        0x8 CMakeFiles/build.elf.dir/libs/src/_mem.c.obj
                0x08000280                _exit
 .text.abort    0x08000288        0x8 CMakeFiles/build.elf.dir/libs/src/_mem.c.obj
                0x08000288                abort
 .text._close   0x08000290       0x10 CMakeFiles/build.elf.dir/libs/src/_syscalls.c.obj
                0x08000290                _close
 .text._fstat   0x080002a0       0x10 CMakeFiles/build.elf.dir/libs/src/_syscalls.c.obj
                0x080002a0                _fstat
 .text._isatty  0x080002b0        0xe CMakeFiles/build.elf.dir/libs/src/_syscalls.c.obj
                0x080002b0                _isatty
 .text._lseek   0x080002be       0x10 CMakeFiles/build.elf.dir/libs/src/_syscalls.c.obj
                0x080002be                _lseek
 .text._read    0x080002ce       0x10 CMakeFiles/build.elf.dir/libs/src/_syscalls.c.obj
                0x080002ce                _read
 .text._write   0x080002de       0x10 CMakeFiles/build.elf.dir/libs/src/_syscalls.c.obj
                0x080002de                _write
 .text.Default_Handler
                0x080002ee       0x10 CMakeFiles/build.elf.dir/libs/src/system_init.cpp.obj
                0x080002ee                Default_Handler
 *fill*         0x080002fe        0x2 
 .text.vApplicationGetIdleTaskMemory
                0x08000300       0x18 CMakeFiles/build.elf.dir/libs/src/system_init.cpp.obj
                0x08000300                vApplicationGetIdleTaskMemory
 .text.system_preinit
                0x08000318        0x2 CMakeFiles/build.elf.dir/libs/src/system_init.cpp.obj
                0x08000318                system_preinit
 *fill*         0x0800031a        0x2 
 .text.system_vectors_init
                0x0800031c       0x28 CMakeFiles/build.elf.dir/libs/src/system_init.cpp.obj
                0x0800031c                system_vectors_init
 .text.system_config
                0x08000344       0xec CMakeFiles/build.elf.dir/libs/src/system_init.cpp.obj
                0x08000344                system_config
 .text.SystemCoreClockUpdate
                0x08000430       0xa0 CMakeFiles/build.elf.dir/libs/src/system_stm32f4xx.c.obj
                0x08000430                SystemCoreClockUpdate
 .text.xputc    0x080004d0       0x38 CMakeFiles/build.elf.dir/libs/src/xprintf.c.obj
                0x080004d0                xputc
 .text.xputs    0x08000508       0x14 CMakeFiles/build.elf.dir/libs/src/xprintf.c.obj
                0x08000508                xputs
 .text.xvprintf
                0x0800051c      0x20a CMakeFiles/build.elf.dir/libs/src/xprintf.c.obj
 .text.xprintf  0x08000726       0x1c CMakeFiles/build.elf.dir/libs/src/xprintf.c.obj
                0x08000726                xprintf
 *fill*         0x08000742        0x2 
 .text._ZN3mcu10set_vectorE9IRQn_TypePFvvE
                0x08000744       0x10 CMakeFiles/build.elf.dir/libs/superlib/src/dma.cpp.obj
                0x08000744                _ZN3mcu10set_vectorE9IRQn_TypePFvvE
 .text._ZN3mcu17dma_error_handlerEv
                0x08000754        0x8 CMakeFiles/build.elf.dir/libs/superlib/src/dma.cpp.obj
                0x08000754                _ZN3mcu17dma_error_handlerEv
 .text._ZN3mcu10dma_stream9get_eventEh
                0x0800075c       0x1c CMakeFiles/build.elf.dir/libs/superlib/src/dma.cpp.obj
                0x0800075c                _ZN3mcu10dma_stream9get_eventEh
 .text._ZN3mcu10dma_stream10get_statusEv
                0x08000778       0x50 CMakeFiles/build.elf.dir/libs/superlib/src/dma.cpp.obj
                0x08000778                _ZN3mcu10dma_stream10get_statusEv
 .text._ZN3mcu10dma_stream11clear_flagsENS_10dma_config5eventE
                0x080007c8       0x60 CMakeFiles/build.elf.dir/libs/superlib/src/dma.cpp.obj
                0x080007c8                _ZN3mcu10dma_stream11clear_flagsENS_10dma_config5eventE
 .text._ZN3mcu11dma_handlerEv
                0x08000828       0x3c CMakeFiles/build.elf.dir/libs/superlib/src/dma.cpp.obj
                0x08000828                _ZN3mcu11dma_handlerEv
 .text._ZN3mcu10dma_streamC2EP18DMA_Stream_TypeDefh9IRQn_Type
                0x08000864       0x48 CMakeFiles/build.elf.dir/libs/superlib/src/dma.cpp.obj
                0x08000864                _ZN3mcu10dma_streamC1EP18DMA_Stream_TypeDefh9IRQn_Type
                0x08000864                _ZN3mcu10dma_streamC2EP18DMA_Stream_TypeDefh9IRQn_Type
 .text._ZN3mcu3dmaC2EP11DMA_TypeDefRVmmOSt5arrayINS_10dma_streamELj8EE
                0x080008ac       0x74 CMakeFiles/build.elf.dir/libs/superlib/src/dma.cpp.obj
                0x080008ac                _ZN3mcu3dmaC1EP11DMA_TypeDefRVmmOSt5arrayINS_10dma_streamELj8EE
                0x080008ac                _ZN3mcu3dmaC2EP11DMA_TypeDefRVmmOSt5arrayINS_10dma_streamELj8EE
 .text._ZN3mcu12register_objE9IRQn_TypePv
                0x08000920       0x10 CMakeFiles/build.elf.dir/libs/superlib/src/mcu_base.cpp.obj
                0x08000920                _ZN3mcu12register_objE9IRQn_TypePv
 .text._ZN3mcu14get_periph_objEv
                0x08000930       0x10 CMakeFiles/build.elf.dir/libs/superlib/src/mcu_base.cpp.obj
                0x08000930                _ZN3mcu14get_periph_objEv
 .text._ZN2os14os_abstraction4waitEv
                0x08000940       0x18 CMakeFiles/build.elf.dir/libs/superlib/src/os_abstraction.cpp.obj
                0x08000940                _ZN2os14os_abstraction4waitEv
 .text._ZN2os14os_abstraction13resumeFromISREv
                0x08000958       0x30 CMakeFiles/build.elf.dir/libs/superlib/src/os_abstraction.cpp.obj
                0x08000958                _ZN2os14os_abstraction13resumeFromISREv
 .text._Z15dma_tx_callbackPvN3mcu10dma_config5eventE
                0x08000988       0x28 CMakeFiles/build.elf.dir/libs/superlib/src/uart.cpp.obj
                0x08000988                _Z15dma_tx_callbackPvN3mcu10dma_config5eventE
 .text._ZN3mcu4uart14get_uart_eventEv
                0x080009b0       0x2e CMakeFiles/build.elf.dir/libs/superlib/src/uart.cpp.obj
                0x080009b0                _ZN3mcu4uart14get_uart_eventEv
 *fill*         0x080009de        0x2 
 .text._ZN3mcu12uart_handlerEv
                0x080009e0       0x64 CMakeFiles/build.elf.dir/libs/superlib/src/uart.cpp.obj
                0x080009e0                _ZN3mcu12uart_handlerEv
 .text._ZN3mcu4uartC2EP13USART_TypeDefRVmm9IRQn_Type
                0x08000a44       0x4c CMakeFiles/build.elf.dir/libs/superlib/src/uart.cpp.obj
                0x08000a44                _ZN3mcu4uartC2EP13USART_TypeDefRVmm9IRQn_Type
                0x08000a44                _ZN3mcu4uartC1EP13USART_TypeDefRVmm9IRQn_Type
 .text._ZN3mcu4uart6configEmNS_8uart_cfg8stop_bitENS1_6parityE
                0x08000a90       0xa0 CMakeFiles/build.elf.dir/libs/superlib/src/uart.cpp.obj
                0x08000a90                _ZN3mcu4uart6configEmNS_8uart_cfg8stop_bitENS1_6parityE
 .text._ZN3mcu4uart7send_ITEPht
                0x08000b30       0x38 CMakeFiles/build.elf.dir/libs/superlib/src/uart.cpp.obj
                0x08000b30                _ZN3mcu4uart7send_ITEPht
 .text._ZN3mcu4uart8send_dmaEPht
                0x08000b68      0x220 CMakeFiles/build.elf.dir/libs/superlib/src/uart.cpp.obj
                0x08000b68                _ZN3mcu4uart8send_dmaEPht
 .text._ZN3mcu4uart9send_charEh
                0x08000d88       0x18 CMakeFiles/build.elf.dir/libs/superlib/src/uart.cpp.obj
                0x08000d88                _ZN3mcu4uart9send_charEh
 .text._ZZ9uart_taskPvENUlhE_4_FUNEh
                0x08000da0       0x10 CMakeFiles/build.elf.dir/src/main.cpp.obj
 .text.main     0x08000db0       0x40 CMakeFiles/build.elf.dir/src/main.cpp.obj
                0x08000db0                main
 .text._ZN3mcu4gpio4initIJLh13EEEEvP12GPIO_TypeDefNS0_4modeENS0_4typeENS0_5speedENS0_4pupdENS0_2afE
                0x08000df0       0x70 CMakeFiles/build.elf.dir/src/main.cpp.obj
                0x08000df0                _ZN3mcu4gpio4initIJLh13EEEEvP12GPIO_TypeDefNS0_4modeENS0_4typeENS0_5speedENS0_4pupdENS0_2afE
 .text._Z10task_blinkPv
                0x08000e60       0x2c CMakeFiles/build.elf.dir/src/main.cpp.obj
                0x08000e60                _Z10task_blinkPv
 .text._ZN3mcu4gpio4initIJLh9ELh10EEEEvP12GPIO_TypeDefNS0_4modeENS0_4typeENS0_5speedENS0_4pupdENS0_2afE
                0x08000e8c       0x90 CMakeFiles/build.elf.dir/src/main.cpp.obj
                0x08000e8c                _ZN3mcu4gpio4initIJLh9ELh10EEEEvP12GPIO_TypeDefNS0_4modeENS0_4typeENS0_5speedENS0_4pupdENS0_2afE
 .text._Z9uart_taskPv
                0x08000f1c       0x80 CMakeFiles/build.elf.dir/src/main.cpp.obj
                0x08000f1c                _Z9uart_taskPv
 .text._ZN5Eigen15PlainObjectBaseINS_6MatrixIfLi2ELi2ELi0ELi2ELi2EEEEC2ERKSt16initializer_listIS4_IfEE
                0x08000f9c       0xb4 CMakeFiles/build.elf.dir/src/main.cpp.obj
                0x08000f9c                _ZN5Eigen15PlainObjectBaseINS_6MatrixIfLi2ELi2ELi0ELi2ELi2EEEEC1ERKSt16initializer_listIS4_IfEE
                0x08000f9c                _ZN5Eigen15PlainObjectBaseINS_6MatrixIfLi2ELi2ELi0ELi2ELi2EEEEC2ERKSt16initializer_listIS4_IfEE
 .text._Z41__static_initialization_and_destruction_0ii
                0x08001050      0x208 CMakeFiles/build.elf.dir/src/main.cpp.obj
 .text._GLOBAL__sub_I_a
                0x08001258        0xe CMakeFiles/build.elf.dir/src/main.cpp.obj
 *fill*         0x08001266        0x2 
 .text.prvResetNextTaskUnblockTime
                0x08001268       0x28 libs/FreeRTOS-Kernel/libfreertos_kernel.a(tasks.c.obj)
 .text.prvInitialiseNewTask
                0x08001290       0x92 libs/FreeRTOS-Kernel/libfreertos_kernel.a(tasks.c.obj)
 *fill*         0x08001322        0x2 
 .text.prvInitialiseTaskLists
                0x08001324       0x68 libs/FreeRTOS-Kernel/libfreertos_kernel.a(tasks.c.obj)
 .text.prvAddNewTaskToReadyList
                0x0800138c       0xc8 libs/FreeRTOS-Kernel/libfreertos_kernel.a(tasks.c.obj)
 .text.prvDeleteTCB
                0x08001454       0x38 libs/FreeRTOS-Kernel/libfreertos_kernel.a(tasks.c.obj)
 .text.prvCheckTasksWaitingTermination
                0x0800148c       0x4c libs/FreeRTOS-Kernel/libfreertos_kernel.a(tasks.c.obj)
 .text.prvIdleTask
                0x080014d8       0x28 libs/FreeRTOS-Kernel/libfreertos_kernel.a(tasks.c.obj)
 .text.prvAddCurrentTaskToDelayedList
                0x08001500       0xb0 libs/FreeRTOS-Kernel/libfreertos_kernel.a(tasks.c.obj)
 .text.xTaskCreateStatic
                0x080015b0       0x96 libs/FreeRTOS-Kernel/libfreertos_kernel.a(tasks.c.obj)
                0x080015b0                xTaskCreateStatic
 .text.xTaskCreate
                0x08001646       0x70 libs/FreeRTOS-Kernel/libfreertos_kernel.a(tasks.c.obj)
                0x08001646                xTaskCreate
 *fill*         0x080016b6        0x2 
 .text.vTaskStartScheduler
                0x080016b8       0x7c libs/FreeRTOS-Kernel/libfreertos_kernel.a(tasks.c.obj)
                0x080016b8                vTaskStartScheduler
 .text.vTaskSuspendAll
                0x08001734       0x10 libs/FreeRTOS-Kernel/libfreertos_kernel.a(tasks.c.obj)
                0x08001734                vTaskSuspendAll
 .text.xTaskIncrementTick
                0x08001744      0x178 libs/FreeRTOS-Kernel/libfreertos_kernel.a(tasks.c.obj)
                0x08001744                xTaskIncrementTick
 .text.xTaskResumeAll
                0x080018bc      0x14c libs/FreeRTOS-Kernel/libfreertos_kernel.a(tasks.c.obj)
                0x080018bc                xTaskResumeAll
 .text.vTaskDelay
                0x08001a08       0x4c libs/FreeRTOS-Kernel/libfreertos_kernel.a(tasks.c.obj)
                0x08001a08                vTaskDelay
 .text.vTaskSwitchContext
                0x08001a54       0x98 libs/FreeRTOS-Kernel/libfreertos_kernel.a(tasks.c.obj)
                0x08001a54                vTaskSwitchContext
 .text.xTaskGetCurrentTaskHandle
                0x08001aec        0xc libs/FreeRTOS-Kernel/libfreertos_kernel.a(tasks.c.obj)
                0x08001aec                xTaskGetCurrentTaskHandle
 .text.ulTaskGenericNotifyTake
                0x08001af8       0xac libs/FreeRTOS-Kernel/libfreertos_kernel.a(tasks.c.obj)
                0x08001af8                ulTaskGenericNotifyTake
 .text.vTaskGenericNotifyGiveFromISR
                0x08001ba4      0x138 libs/FreeRTOS-Kernel/libfreertos_kernel.a(tasks.c.obj)
                0x08001ba4                vTaskGenericNotifyGiveFromISR
 .text.prvHeapInit
                0x08001cdc       0x58 libs/FreeRTOS-Kernel/libfreertos_kernel.a(heap_4.c.obj)
 .text.prvInsertBlockIntoFreeList
                0x08001d34       0x64 libs/FreeRTOS-Kernel/libfreertos_kernel.a(heap_4.c.obj)
 .text.pvPortMalloc
                0x08001d98       0xf8 libs/FreeRTOS-Kernel/libfreertos_kernel.a(heap_4.c.obj)
                0x08001d98                pvPortMalloc
 .text.vPortFree
                0x08001e90       0x78 libs/FreeRTOS-Kernel/libfreertos_kernel.a(heap_4.c.obj)
                0x08001e90                vPortFree
 .text.vListInitialise
                0x08001f08       0x16 libs/FreeRTOS-Kernel/libfreertos_kernel.a(list.c.obj)
                0x08001f08                vListInitialise
 .text.vListInitialiseItem
                0x08001f1e        0x6 libs/FreeRTOS-Kernel/libfreertos_kernel.a(list.c.obj)
                0x08001f1e                vListInitialiseItem
 .text.vListInsert
                0x08001f24       0x32 libs/FreeRTOS-Kernel/libfreertos_kernel.a(list.c.obj)
                0x08001f24                vListInsert
 .text.uxListRemove
                0x08001f56       0x26 libs/FreeRTOS-Kernel/libfreertos_kernel.a(list.c.obj)
                0x08001f56                uxListRemove
 .text.prvTaskExitError
                0x08001f7c       0x40 libs/FreeRTOS-Kernel/portable/libfreertos_kernel_port.a(port.c.obj)
 .text.prvPortStartFirstTask
                0x08001fbc       0x28 libs/FreeRTOS-Kernel/portable/libfreertos_kernel_port.a(port.c.obj)
 .text.vPortEnableVFP
                0x08001fe4       0x14 libs/FreeRTOS-Kernel/portable/libfreertos_kernel_port.a(port.c.obj)
 .text.pxPortInitialiseStack
                0x08001ff8       0x2c libs/FreeRTOS-Kernel/portable/libfreertos_kernel_port.a(port.c.obj)
                0x08001ff8                pxPortInitialiseStack
 *fill*         0x08002024        0xc 
 .text.SVC_Handler
                0x08002030       0x24 libs/FreeRTOS-Kernel/portable/libfreertos_kernel_port.a(port.c.obj)
                0x08002030                SVC_Handler
 .text.vPortEnterCritical
                0x08002054       0x44 libs/FreeRTOS-Kernel/portable/libfreertos_kernel_port.a(port.c.obj)
                0x08002054                vPortEnterCritical
 .text.vPortExitCritical
                0x08002098       0x2c libs/FreeRTOS-Kernel/portable/libfreertos_kernel_port.a(port.c.obj)
                0x08002098                vPortExitCritical
 *fill*         0x080020c4        0xc 
 .text.PendSV_Handler
                0x080020d0       0x64 libs/FreeRTOS-Kernel/portable/libfreertos_kernel_port.a(port.c.obj)
                0x080020d0                PendSV_Handler
 .text.SysTick_Handler
                0x08002134       0x2c libs/FreeRTOS-Kernel/portable/libfreertos_kernel_port.a(port.c.obj)
                0x08002134                SysTick_Handler
 .text.vPortSetupTimerInterrupt
                0x08002160       0x28 libs/FreeRTOS-Kernel/portable/libfreertos_kernel_port.a(port.c.obj)
                0x08002160                vPortSetupTimerInterrupt
 .text.xPortStartScheduler
                0x08002188      0x118 libs/FreeRTOS-Kernel/portable/libfreertos_kernel_port.a(port.c.obj)
                0x08002188                xPortStartScheduler
 .text.vPortValidateInterruptPriority
                0x080022a0       0x5c libs/FreeRTOS-Kernel/portable/libfreertos_kernel_port.a(port.c.obj)
                0x080022a0                vPortValidateInterruptPriority
 .text.__assert_func
                0x080022fc       0x3c c:/users/daniil/desktop/embedded/gcc-arm-none-eabi-11.2/bin/../lib/gcc/arm-none-eabi/11.2.1/thumb/v7e-m+fp/hard\libg_nano.a(lib_a-assert.o)
                0x080022fc                __assert_func
 .text.__errno  0x08002338        0xc c:/users/daniil/desktop/embedded/gcc-arm-none-eabi-11.2/bin/../lib/gcc/arm-none-eabi/11.2.1/thumb/v7e-m+fp/hard\libg_nano.a(lib_a-errno.o)
                0x08002338                __errno
 .text.fprintf  0x08002344       0x24 c:/users/daniil/desktop/embedded/gcc-arm-none-eabi-11.2/bin/../lib/gcc/arm-none-eabi/11.2.1/thumb/v7e-m+fp/hard\libg_nano.a(lib_a-fprintf.o)
                0x08002344                fiprintf
                0x08002344                fprintf
 .text.memcpy   0x08002368       0x1c c:/users/daniil/desktop/embedded/gcc-arm-none-eabi-11.2/bin/../lib/gcc/arm-none-eabi/11.2.1/thumb/v7e-m+fp/hard\libg_nano.a(lib_a-memcpy-stub.o)
                0x08002368                memcpy
 .text.memset   0x08002384       0x10 c:/users/daniil/desktop/embedded/gcc-arm-none-eabi-11.2/bin/../lib/gcc/arm-none-eabi/11.2.1/thumb/v7e-m+fp/hard\libg_nano.a(lib_a-memset.o)
                0x08002384                memset
 .text.__sfputc_r
                0x08002394       0x2e c:/users/daniil/desktop/embedded/gcc-arm-none-eabi-11.2/bin/../lib/gcc/arm-none-eabi/11.2.1/thumb/v7e-m+fp/hard\libg_nano.a(lib_a-nano-vfprintf.o)
 .text.__sfputs_r
                0x080023c2       0x24 c:/users/daniil/desktop/embedded/gcc-arm-none-eabi-11.2/bin/../lib/gcc/arm-none-eabi/11.2.1/thumb/v7e-m+fp/hard\libg_nano.a(lib_a-nano-vfprintf.o)
                0x080023c2                __sfputs_r
 *fill*         0x080023e6        0x2 
 .text._vfprintf_r
                0x080023e8      0x228 c:/users/daniil/desktop/embedded/gcc-arm-none-eabi-11.2/bin/../lib/gcc/arm-none-eabi/11.2.1/thumb/v7e-m+fp/hard\libg_nano.a(lib_a-nano-vfprintf.o)
                0x080023e8                _vfprintf_r
                0x080023e8                _vfiprintf_r
 .text.__swbuf_r
                0x08002610       0xa4 c:/users/daniil/desktop/embedded/gcc-arm-none-eabi-11.2/bin/../lib/gcc/arm-none-eabi/11.2.1/thumb/v7e-m+fp/hard\libg_nano.a(lib_a-wbuf.o)
                0x08002610                __swbuf_r
 .text.__swsetup_r
                0x080026b4       0xdc c:/users/daniil/desktop/embedded/gcc-arm-none-eabi-11.2/bin/../lib/gcc/arm-none-eabi/11.2.1/thumb/v7e-m+fp/hard\libg_nano.a(lib_a-wsetup.o)
                0x080026b4                __swsetup_r
 .text.__sflush_r
                0x08002790      0x10c c:/users/daniil/desktop/embedded/gcc-arm-none-eabi-11.2/bin/../lib/gcc/arm-none-eabi/11.2.1/thumb/v7e-m+fp/hard\libg_nano.a(lib_a-fflush.o)
                0x08002790                __sflush_r
 .text._fflush_r
                0x0800289c       0x54 c:/users/daniil/desktop/embedded/gcc-arm-none-eabi-11.2/bin/../lib/gcc/arm-none-eabi/11.2.1/thumb/v7e-m+fp/hard\libg_nano.a(lib_a-fflush.o)
                0x0800289c                _fflush_r
 .text.std      0x080028f0       0x48 c:/users/daniil/desktop/embedded/gcc-arm-none-eabi-11.2/bin/../lib/gcc/arm-none-eabi/11.2.1/thumb/v7e-m+fp/hard\libg_nano.a(lib_a-findfp.o)
 .text._cleanup_r
                0x08002938        0xc c:/users/daniil/desktop/embedded/gcc-arm-none-eabi-11.2/bin/../lib/gcc/arm-none-eabi/11.2.1/thumb/v7e-m+fp/hard\libg_nano.a(lib_a-findfp.o)
                0x08002938                _cleanup_r
 .text.__sfmoreglue
                0x08002944       0x2c c:/users/daniil/desktop/embedded/gcc-arm-none-eabi-11.2/bin/../lib/gcc/arm-none-eabi/11.2.1/thumb/v7e-m+fp/hard\libg_nano.a(lib_a-findfp.o)
                0x08002944                __sfmoreglue
 .text.__sinit  0x08002970       0x60 c:/users/daniil/desktop/embedded/gcc-arm-none-eabi-11.2/bin/../lib/gcc/arm-none-eabi/11.2.1/thumb/v7e-m+fp/hard\libg_nano.a(lib_a-findfp.o)
                0x08002970                __sinit
 .text.__sfp    0x080029d0       0x78 c:/users/daniil/desktop/embedded/gcc-arm-none-eabi-11.2/bin/../lib/gcc/arm-none-eabi/11.2.1/thumb/v7e-m+fp/hard\libg_nano.a(lib_a-findfp.o)
                0x080029d0                __sfp
 .text._fwalk_reent
                0x08002a48       0x3e c:/users/daniil/desktop/embedded/gcc-arm-none-eabi-11.2/bin/../lib/gcc/arm-none-eabi/11.2.1/thumb/v7e-m+fp/hard\libg_nano.a(lib_a-fwalk.o)
                0x08002a48                _fwalk_reent
 .text.__swhatbuf_r
                0x08002a86       0x4c c:/users/daniil/desktop/embedded/gcc-arm-none-eabi-11.2/bin/../lib/gcc/arm-none-eabi/11.2.1/thumb/v7e-m+fp/hard\libg_nano.a(lib_a-makebuf.o)
                0x08002a86                __swhatbuf_r
 *fill*         0x08002ad2        0x2 
 .text.__smakebuf_r
                0x08002ad4       0x80 c:/users/daniil/desktop/embedded/gcc-arm-none-eabi-11.2/bin/../lib/gcc/arm-none-eabi/11.2.1/thumb/v7e-m+fp/hard\libg_nano.a(lib_a-makebuf.o)
                0x08002ad4                __smakebuf_r
 *fill*         0x08002b54        0xc 
 .text          0x08002b60       0xa0 c:/users/daniil/desktop/embedded/gcc-arm-none-eabi-11.2/bin/../lib/gcc/arm-none-eabi/11.2.1/thumb/v7e-m+fp/hard\libg_nano.a(lib_a-memchr.o)
                0x08002b60                memchr
 .text._free_r  0x08002c00       0x98 c:/users/daniil/desktop/embedded/gcc-arm-none-eabi-11.2/bin/../lib/gcc/arm-none-eabi/11.2.1/thumb/v7e-m+fp/hard\libg_nano.a(lib_a-nano-freer.o)
                0x08002c00                _free_r
 .text.sbrk_aligned
                0x08002c98       0x40 c:/users/daniil/desktop/embedded/gcc-arm-none-eabi-11.2/bin/../lib/gcc/arm-none-eabi/11.2.1/thumb/v7e-m+fp/hard\libg_nano.a(lib_a-nano-mallocr.o)
 .text._malloc_r
                0x08002cd8       0xe8 c:/users/daniil/desktop/embedded/gcc-arm-none-eabi-11.2/bin/../lib/gcc/arm-none-eabi/11.2.1/thumb/v7e-m+fp/hard\libg_nano.a(lib_a-nano-mallocr.o)
                0x08002cd8                _malloc_r
 .text._printf_common
                0x08002dc0       0xda c:/users/daniil/desktop/embedded/gcc-arm-none-eabi-11.2/bin/../lib/gcc/arm-none-eabi/11.2.1/thumb/v7e-m+fp/hard\libg_nano.a(lib_a-nano-vfprintf_i.o)
                0x08002dc0                _printf_common
 *fill*         0x08002e9a        0x2 
 .text._printf_i
                0x08002e9c      0x244 c:/users/daniil/desktop/embedded/gcc-arm-none-eabi-11.2/bin/../lib/gcc/arm-none-eabi/11.2.1/thumb/v7e-m+fp/hard\libg_nano.a(lib_a-nano-vfprintf_i.o)
                0x08002e9c                _printf_i
 .text._sbrk_r  0x080030e0       0x20 c:/users/daniil/desktop/embedded/gcc-arm-none-eabi-11.2/bin/../lib/gcc/arm-none-eabi/11.2.1/thumb/v7e-m+fp/hard\libg_nano.a(lib_a-sbrkr.o)
                0x080030e0                _sbrk_r
 .text.__sread  0x08003100       0x22 c:/users/daniil/desktop/embedded/gcc-arm-none-eabi-11.2/bin/../lib/gcc/arm-none-eabi/11.2.1/thumb/v7e-m+fp/hard\libg_nano.a(lib_a-stdio.o)
                0x08003100                __sread
 .text.__swrite
                0x08003122       0x38 c:/users/daniil/desktop/embedded/gcc-arm-none-eabi-11.2/bin/../lib/gcc/arm-none-eabi/11.2.1/thumb/v7e-m+fp/hard\libg_nano.a(lib_a-stdio.o)
                0x08003122                __swrite
 .text.__sseek  0x0800315a       0x24 c:/users/daniil/desktop/embedded/gcc-arm-none-eabi-11.2/bin/../lib/gcc/arm-none-eabi/11.2.1/thumb/v7e-m+fp/hard\libg_nano.a(lib_a-stdio.o)
                0x0800315a                __sseek
 .text.__sclose
                0x0800317e        0x8 c:/users/daniil/desktop/embedded/gcc-arm-none-eabi-11.2/bin/../lib/gcc/arm-none-eabi/11.2.1/thumb/v7e-m+fp/hard\libg_nano.a(lib_a-stdio.o)
                0x0800317e                __sclose
 *fill*         0x08003186        0x2 
 .text._write_r
                0x08003188       0x24 c:/users/daniil/desktop/embedded/gcc-arm-none-eabi-11.2/bin/../lib/gcc/arm-none-eabi/11.2.1/thumb/v7e-m+fp/hard\libg_nano.a(lib_a-writer.o)
                0x08003188                _write_r
 .text._close_r
                0x080031ac       0x20 c:/users/daniil/desktop/embedded/gcc-arm-none-eabi-11.2/bin/../lib/gcc/arm-none-eabi/11.2.1/thumb/v7e-m+fp/hard\libg_nano.a(lib_a-closer.o)
                0x080031ac                _close_r
 .text._fstat_r
                0x080031cc       0x24 c:/users/daniil/desktop/embedded/gcc-arm-none-eabi-11.2/bin/../lib/gcc/arm-none-eabi/11.2.1/thumb/v7e-m+fp/hard\libg_nano.a(lib_a-fstatr.o)
                0x080031cc                _fstat_r
 .text._isatty_r
                0x080031f0       0x20 c:/users/daniil/desktop/embedded/gcc-arm-none-eabi-11.2/bin/../lib/gcc/arm-none-eabi/11.2.1/thumb/v7e-m+fp/hard\libg_nano.a(lib_a-isattyr.o)
                0x080031f0                _isatty_r
 .text._lseek_r
                0x08003210       0x24 c:/users/daniil/desktop/embedded/gcc-arm-none-eabi-11.2/bin/../lib/gcc/arm-none-eabi/11.2.1/thumb/v7e-m+fp/hard\libg_nano.a(lib_a-lseekr.o)
                0x08003210                _lseek_r
 .text.__malloc_lock
                0x08003234        0x2 c:/users/daniil/desktop/embedded/gcc-arm-none-eabi-11.2/bin/../lib/gcc/arm-none-eabi/11.2.1/thumb/v7e-m+fp/hard\libg_nano.a(lib_a-mlock.o)
                0x08003234                __malloc_lock
 .text.__malloc_unlock
                0x08003236        0x2 c:/users/daniil/desktop/embedded/gcc-arm-none-eabi-11.2/bin/../lib/gcc/arm-none-eabi/11.2.1/thumb/v7e-m+fp/hard\libg_nano.a(lib_a-mlock.o)
                0x08003236                __malloc_unlock
 .text._read_r  0x08003238       0x24 c:/users/daniil/desktop/embedded/gcc-arm-none-eabi-11.2/bin/../lib/gcc/arm-none-eabi/11.2.1/thumb/v7e-m+fp/hard\libg_nano.a(lib_a-readr.o)
                0x08003238                _read_r
 *(.rodata .rodata.* .constdata .constdata.*)
 .rodata.AHBPrescTable
                0x0800325c       0x10 CMakeFiles/build.elf.dir/libs/src/system_stm32f4xx.c.obj
                0x0800325c                AHBPrescTable
 .rodata.main.str1.4
                0x0800326c        0xd CMakeFiles/build.elf.dir/src/main.cpp.obj
 *fill*         0x08003279        0x3 
 .rodata._Z9uart_taskPv.str1.4
                0x0800327c       0x62 CMakeFiles/build.elf.dir/src/main.cpp.obj
 *fill*         0x080032de        0x2 
 .rodata._ZN5Eigen15PlainObjectBaseINS_6MatrixIfLi2ELi2ELi0ELi2ELi2EEEEC2ERKSt16initializer_listIS4_IfEE.str1.4
                0x080032e0      0x490 CMakeFiles/build.elf.dir/src/main.cpp.obj
 .rodata        0x08003770       0x20 CMakeFiles/build.elf.dir/src/main.cpp.obj
 .rodata.vTaskStartScheduler.str1.4
                0x08003790        0x5 libs/FreeRTOS-Kernel/libfreertos_kernel.a(tasks.c.obj)
 .rodata.__assert_func.str1.1
                0x08003795       0x3c c:/users/daniil/desktop/embedded/gcc-arm-none-eabi-11.2/bin/../lib/gcc/arm-none-eabi/11.2.1/thumb/v7e-m+fp/hard\libg_nano.a(lib_a-assert.o)
                                 0x3d (size before relaxing)
 *fill*         0x080037d1        0x3 
 .rodata._global_impure_ptr
                0x080037d4        0x4 c:/users/daniil/desktop/embedded/gcc-arm-none-eabi-11.2/bin/../lib/gcc/arm-none-eabi/11.2.1/thumb/v7e-m+fp/hard\libg_nano.a(lib_a-impure.o)
                0x080037d4                _global_impure_ptr
 .rodata._vfprintf_r.str1.1
                0x080037d8       0x11 c:/users/daniil/desktop/embedded/gcc-arm-none-eabi-11.2/bin/../lib/gcc/arm-none-eabi/11.2.1/thumb/v7e-m+fp/hard\libg_nano.a(lib_a-nano-vfprintf.o)
 *fill*         0x080037e9        0x3 
 .rodata.__sf_fake_stderr
                0x080037ec       0x20 c:/users/daniil/desktop/embedded/gcc-arm-none-eabi-11.2/bin/../lib/gcc/arm-none-eabi/11.2.1/thumb/v7e-m+fp/hard\libg_nano.a(lib_a-findfp.o)
                0x080037ec                __sf_fake_stderr
 .rodata.__sf_fake_stdin
                0x0800380c       0x20 c:/users/daniil/desktop/embedded/gcc-arm-none-eabi-11.2/bin/../lib/gcc/arm-none-eabi/11.2.1/thumb/v7e-m+fp/hard\libg_nano.a(lib_a-findfp.o)
                0x0800380c                __sf_fake_stdin
 .rodata.__sf_fake_stdout
                0x0800382c       0x20 c:/users/daniil/desktop/embedded/gcc-arm-none-eabi-11.2/bin/../lib/gcc/arm-none-eabi/11.2.1/thumb/v7e-m+fp/hard\libg_nano.a(lib_a-findfp.o)
                0x0800382c                __sf_fake_stdout
 .rodata._printf_i.str1.1
                0x0800384c       0x22 c:/users/daniil/desktop/embedded/gcc-arm-none-eabi-11.2/bin/../lib/gcc/arm-none-eabi/11.2.1/thumb/v7e-m+fp/hard\libg_nano.a(lib_a-nano-vfprintf_i.o)
 *(vtable)
 *(.eh_frame*)
 *(.glue_7)
 .glue_7        0x0800386e        0x0 linker stubs
 *(.glue_7t)
 .glue_7t       0x0800386e        0x0 linker stubs

.vfp11_veneer   0x08003870        0x0
 .vfp11_veneer  0x08003870        0x0 linker stubs

.v4_bx          0x08003870        0x0
 .v4_bx         0x08003870        0x0 linker stubs

.iplt           0x08003870        0x0
 .iplt          0x08003870        0x0 CMakeFiles/build.elf.dir/libs/src/_mem.c.obj

.rel.dyn        0x08003870        0x0
 .rel.iplt      0x08003870        0x0 CMakeFiles/build.elf.dir/libs/src/_mem.c.obj

.ARM.extab
 *(.ARM.extab* .gnu.linkonce.armextab.*)
                0x08003870                . = ALIGN (0x4)
                0x08003870                __exidx_start = .

.ARM.exidx
 *(.ARM.exidx* .gnu.linkonce.armexidx.*)
                0x08003870                __exidx_end = .
                0x08003870                . = ALIGN (0x4)
                0x08003870                _etext = .
                0x08003870                __etext = .

.data_CCMRAM    0x00000000        0x0 load address 0x08003870
 FILL mask 0xff
 *(.data.CCMRAM .data.CCMRAM.*)
                0x00000000                . = ALIGN (0x4)
                0x08003870                _sidata = LOADADDR (.data)

.data           0x20000000       0x8c load address 0x08003870
 FILL mask 0xff
                0x20000000                _sdata = .
                0x20000000                __data_start__ = .
 *(.data_begin .data_begin.*)
 *(.data .data.*)
 .data.SystemCoreClock
                0x20000000        0x4 CMakeFiles/build.elf.dir/libs/src/system_stm32f4xx.c.obj
                0x20000000                SystemCoreClock
 .data._ZN3mcu10dma_config7routingL8uartX_txE
                0x20000004       0x12 CMakeFiles/build.elf.dir/libs/superlib/src/uart.cpp.obj
 *fill*         0x20000016        0x2 ff
 .data.baud     0x20000018        0x4 CMakeFiles/build.elf.dir/src/main.cpp.obj
                0x20000018                baud
 .data.ddel     0x2000001c        0x4 CMakeFiles/build.elf.dir/src/main.cpp.obj
                0x2000001c                ddel
 .data.uxTopUsedPriority
                0x20000020        0x4 libs/FreeRTOS-Kernel/libfreertos_kernel.a(tasks.c.obj)
                0x20000020                uxTopUsedPriority
 .data.uxCriticalNesting
                0x20000024        0x4 libs/FreeRTOS-Kernel/portable/libfreertos_kernel_port.a(port.c.obj)
 .data._impure_ptr
                0x20000028        0x4 c:/users/daniil/desktop/embedded/gcc-arm-none-eabi-11.2/bin/../lib/gcc/arm-none-eabi/11.2.1/thumb/v7e-m+fp/hard\libg_nano.a(lib_a-impure.o)
                0x20000028                _impure_ptr
 .data.impure_data
                0x2000002c       0x60 c:/users/daniil/desktop/embedded/gcc-arm-none-eabi-11.2/bin/../lib/gcc/arm-none-eabi/11.2.1/thumb/v7e-m+fp/hard\libg_nano.a(lib_a-impure.o)
 *(.data_end .data_end.*)
                0x2000008c                . = ALIGN (0x4)
                0x2000008c                _edata = .
                0x2000008c                __data_end__ = .

.igot.plt       0x2000008c        0x0 load address 0x080038fc
 .igot.plt      0x2000008c        0x0 CMakeFiles/build.elf.dir/libs/src/_mem.c.obj

.bss_CCMRAM     0x00000000        0x0
 *(.bss.CCMRAM .bss.CCMRAM.*)

.bss            0x20000200     0x5a58
                0x20000200                __bss_start__ = .
                0x20000200                _sbss = .
 *(.bss_begin .bss_begin.*)
 *(.bss .bss.*)
 .bss.errno     0x20000200        0x4 CMakeFiles/build.elf.dir/libs/src/_syscalls.c.obj
                0x20000200                errno
 .bss._ZZ29vApplicationGetIdleTaskMemoryE12xIdleTaskTCB
                0x20000204       0x54 CMakeFiles/build.elf.dir/libs/src/system_init.cpp.obj
 .bss._ZZ29vApplicationGetIdleTaskMemoryE15uxIdleTaskStack
                0x20000258      0x100 CMakeFiles/build.elf.dir/libs/src/system_init.cpp.obj
 *fill*         0x20000358       0xa8 
 .bss.vectors   0x20000400      0x200 CMakeFiles/build.elf.dir/libs/src/system_init.cpp.obj
                0x20000400                vectors
 .bss.outptr    0x20000600        0x4 CMakeFiles/build.elf.dir/libs/src/xprintf.c.obj
 .bss.xfunc_out
                0x20000604        0x4 CMakeFiles/build.elf.dir/libs/src/xprintf.c.obj
                0x20000604                xfunc_out
 .bss._ZN3mcu3dma7dma_idxE
                0x20000608        0xc CMakeFiles/build.elf.dir/libs/superlib/src/dma.cpp.obj
                0x20000608                _ZN3mcu3dma7dma_idxE
 .bss._ZN3mcu16periph_obj_indexE
                0x20000614      0x200 CMakeFiles/build.elf.dir/libs/superlib/src/mcu_base.cpp.obj
                0x20000614                _ZN3mcu16periph_obj_indexE
 .bss.a         0x20000814       0x10 CMakeFiles/build.elf.dir/src/main.cpp.obj
                0x20000814                a
 .bss.b         0x20000824       0x10 CMakeFiles/build.elf.dir/src/main.cpp.obj
                0x20000824                b
 .bss.dma1      0x20000834       0xb4 CMakeFiles/build.elf.dir/src/main.cpp.obj
                0x20000834                dma1
 .bss.dma2      0x200008e8       0xb4 CMakeFiles/build.elf.dir/src/main.cpp.obj
                0x200008e8                dma2
 .bss.uart1     0x2000099c       0x84 CMakeFiles/build.elf.dir/src/main.cpp.obj
                0x2000099c                uart1
 .bss.uart2     0x20000a20       0x84 CMakeFiles/build.elf.dir/src/main.cpp.obj
                0x20000a20                uart2
 .bss.uart6     0x20000aa4       0x84 CMakeFiles/build.elf.dir/src/main.cpp.obj
                0x20000aa4                uart6
 .bss.pxCurrentTCB
                0x20000b28        0x4 libs/FreeRTOS-Kernel/libfreertos_kernel.a(tasks.c.obj)
                0x20000b28                pxCurrentTCB
 .bss.pxDelayedTaskList
                0x20000b2c        0x4 libs/FreeRTOS-Kernel/libfreertos_kernel.a(tasks.c.obj)
 .bss.pxOverflowDelayedTaskList
                0x20000b30        0x4 libs/FreeRTOS-Kernel/libfreertos_kernel.a(tasks.c.obj)
 .bss.pxReadyTasksLists
                0x20000b34       0x64 libs/FreeRTOS-Kernel/libfreertos_kernel.a(tasks.c.obj)
 .bss.uxCurrentNumberOfTasks
                0x20000b98        0x4 libs/FreeRTOS-Kernel/libfreertos_kernel.a(tasks.c.obj)
 .bss.uxDeletedTasksWaitingCleanUp
                0x20000b9c        0x4 libs/FreeRTOS-Kernel/libfreertos_kernel.a(tasks.c.obj)
 .bss.uxSchedulerSuspended
                0x20000ba0        0x4 libs/FreeRTOS-Kernel/libfreertos_kernel.a(tasks.c.obj)
 .bss.uxTaskNumber
                0x20000ba4        0x4 libs/FreeRTOS-Kernel/libfreertos_kernel.a(tasks.c.obj)
 .bss.uxTopReadyPriority
                0x20000ba8        0x4 libs/FreeRTOS-Kernel/libfreertos_kernel.a(tasks.c.obj)
 .bss.xDelayedTaskList1
                0x20000bac       0x14 libs/FreeRTOS-Kernel/libfreertos_kernel.a(tasks.c.obj)
 .bss.xDelayedTaskList2
                0x20000bc0       0x14 libs/FreeRTOS-Kernel/libfreertos_kernel.a(tasks.c.obj)
 .bss.xIdleTaskHandle
                0x20000bd4        0x4 libs/FreeRTOS-Kernel/libfreertos_kernel.a(tasks.c.obj)
 .bss.xNextTaskUnblockTime
                0x20000bd8        0x4 libs/FreeRTOS-Kernel/libfreertos_kernel.a(tasks.c.obj)
 .bss.xNumOfOverflows
                0x20000bdc        0x4 libs/FreeRTOS-Kernel/libfreertos_kernel.a(tasks.c.obj)
 .bss.xPendedTicks
                0x20000be0        0x4 libs/FreeRTOS-Kernel/libfreertos_kernel.a(tasks.c.obj)
 .bss.xPendingReadyList
                0x20000be4       0x14 libs/FreeRTOS-Kernel/libfreertos_kernel.a(tasks.c.obj)
 .bss.xSchedulerRunning
                0x20000bf8        0x4 libs/FreeRTOS-Kernel/libfreertos_kernel.a(tasks.c.obj)
 .bss.xSuspendedTaskList
                0x20000bfc       0x14 libs/FreeRTOS-Kernel/libfreertos_kernel.a(tasks.c.obj)
 .bss.xTasksWaitingTermination
                0x20000c10       0x14 libs/FreeRTOS-Kernel/libfreertos_kernel.a(tasks.c.obj)
 .bss.xTickCount
                0x20000c24        0x4 libs/FreeRTOS-Kernel/libfreertos_kernel.a(tasks.c.obj)
 .bss.xYieldPending
                0x20000c28        0x4 libs/FreeRTOS-Kernel/libfreertos_kernel.a(tasks.c.obj)
 .bss.pxEnd     0x20000c2c        0x4 libs/FreeRTOS-Kernel/libfreertos_kernel.a(heap_4.c.obj)
 .bss.ucHeap    0x20000c30     0x5000 libs/FreeRTOS-Kernel/libfreertos_kernel.a(heap_4.c.obj)
 .bss.xFreeBytesRemaining
                0x20005c30        0x4 libs/FreeRTOS-Kernel/libfreertos_kernel.a(heap_4.c.obj)
 .bss.xMinimumEverFreeBytesRemaining
                0x20005c34        0x4 libs/FreeRTOS-Kernel/libfreertos_kernel.a(heap_4.c.obj)
 .bss.xNumberOfSuccessfulAllocations
                0x20005c38        0x4 libs/FreeRTOS-Kernel/libfreertos_kernel.a(heap_4.c.obj)
 .bss.xNumberOfSuccessfulFrees
                0x20005c3c        0x4 libs/FreeRTOS-Kernel/libfreertos_kernel.a(heap_4.c.obj)
 .bss.xStart    0x20005c40        0x8 libs/FreeRTOS-Kernel/libfreertos_kernel.a(heap_4.c.obj)
 .bss.ucMaxSysCallPriority
                0x20005c48        0x1 libs/FreeRTOS-Kernel/portable/libfreertos_kernel_port.a(port.c.obj)
 *fill*         0x20005c49        0x3 
 .bss.ulMaxPRIGROUPValue
                0x20005c4c        0x4 libs/FreeRTOS-Kernel/portable/libfreertos_kernel_port.a(port.c.obj)
 .bss.__malloc_free_list
                0x20005c50        0x4 c:/users/daniil/desktop/embedded/gcc-arm-none-eabi-11.2/bin/../lib/gcc/arm-none-eabi/11.2.1/thumb/v7e-m+fp/hard\libg_nano.a(lib_a-nano-mallocr.o)
                0x20005c50                __malloc_free_list
 .bss.__malloc_sbrk_start
                0x20005c54        0x4 c:/users/daniil/desktop/embedded/gcc-arm-none-eabi-11.2/bin/../lib/gcc/arm-none-eabi/11.2.1/thumb/v7e-m+fp/hard\libg_nano.a(lib_a-nano-mallocr.o)
                0x20005c54                __malloc_sbrk_start
 *(COMMON)
 *(.bss_end .bss_end.*)
                0x20005c58                . = ALIGN (0x4)
                0x20005c58                __bss_end__ = .
                0x20005c58                _ebss = .

.noinit_CCMRAM
 *(.noinit.CCMRAM .noinit.CCMRAM.*)

.noinit         0x20005c58        0x0
                0x20005c58                _noinit = .
 *(.noinit .noinit.*)
                0x20005c58                . = ALIGN (0x4)
                0x20005c58                _end_noinit = .
                [!provide]                PROVIDE (end = _end_noinit)
                [!provide]                PROVIDE (_end = _end_noinit)
                [!provide]                PROVIDE (__end = _end_noinit)
                [!provide]                PROVIDE (__end__ = _end_noinit)

._check_stack   0x20005c58      0x200
                0x20005e58                . = (. + __Main_Stack_Size)
 *fill*         0x20005c58      0x200 

.eb0text
 *(.eb0text)
 *(.eb0rodata)
 *(.eb0rodata.*)

.eb1text
 *(.eb1text)
 *(.eb1rodata)
 *(.eb1rodata.*)

.eb2text
 *(.eb2text)
 *(.eb2rodata)
 *(.eb2rodata.*)

.eb3text
 *(.eb3text)
 *(.eb3rodata)
 *(.eb3rodata.*)

DISCARD
 libc.a(*)
 libm.a(*)
 libgcc.a(*)

.stab
 *(.stab)

.stabstr
 *(.stabstr)

.stab.excl
 *(.stab.excl)

.stab.exclstr
 *(.stab.exclstr)

.stab.index
 *(.stab.index)

.stab.indexstr
 *(.stab.indexstr)

.comment        0x00000000       0x57
 *(.comment)
 .comment       0x00000000       0x57 CMakeFiles/build.elf.dir/libs/src/_mem.c.obj
                                 0x58 (size before relaxing)
 .comment       0x00000057       0x58 CMakeFiles/build.elf.dir/libs/src/_startup.c.obj
 .comment       0x00000057       0x58 CMakeFiles/build.elf.dir/libs/src/_syscalls.c.obj
 .comment       0x00000057       0x58 CMakeFiles/build.elf.dir/libs/src/system_init.cpp.obj
 .comment       0x00000057       0x58 CMakeFiles/build.elf.dir/libs/src/system_stm32f4xx.c.obj
 .comment       0x00000057       0x58 CMakeFiles/build.elf.dir/libs/src/xprintf.c.obj
 .comment       0x00000057       0x58 CMakeFiles/build.elf.dir/libs/superlib/src/dma.cpp.obj
 .comment       0x00000057       0x58 CMakeFiles/build.elf.dir/libs/superlib/src/mcu_base.cpp.obj
 .comment       0x00000057       0x58 CMakeFiles/build.elf.dir/libs/superlib/src/os_abstraction.cpp.obj
 .comment       0x00000057       0x58 CMakeFiles/build.elf.dir/libs/superlib/src/uart.cpp.obj
 .comment       0x00000057       0x58 CMakeFiles/build.elf.dir/src/main.cpp.obj
 .comment       0x00000057       0x58 libs/FreeRTOS-Kernel/libfreertos_kernel.a(tasks.c.obj)
 .comment       0x00000057       0x58 libs/FreeRTOS-Kernel/libfreertos_kernel.a(heap_4.c.obj)
 .comment       0x00000057       0x58 libs/FreeRTOS-Kernel/libfreertos_kernel.a(list.c.obj)
 .comment       0x00000057       0x58 libs/FreeRTOS-Kernel/portable/libfreertos_kernel_port.a(port.c.obj)
 .comment       0x00000057       0x58 c:/users/daniil/desktop/embedded/gcc-arm-none-eabi-11.2/bin/../lib/gcc/arm-none-eabi/11.2.1/thumb/v7e-m+fp/hard\libg_nano.a(lib_a-assert.o)
 .comment       0x00000057       0x58 c:/users/daniil/desktop/embedded/gcc-arm-none-eabi-11.2/bin/../lib/gcc/arm-none-eabi/11.2.1/thumb/v7e-m+fp/hard\libg_nano.a(lib_a-errno.o)
 .comment       0x00000057       0x58 c:/users/daniil/desktop/embedded/gcc-arm-none-eabi-11.2/bin/../lib/gcc/arm-none-eabi/11.2.1/thumb/v7e-m+fp/hard\libg_nano.a(lib_a-fprintf.o)
 .comment       0x00000057       0x58 c:/users/daniil/desktop/embedded/gcc-arm-none-eabi-11.2/bin/../lib/gcc/arm-none-eabi/11.2.1/thumb/v7e-m+fp/hard\libg_nano.a(lib_a-impure.o)
 .comment       0x00000057       0x58 c:/users/daniil/desktop/embedded/gcc-arm-none-eabi-11.2/bin/../lib/gcc/arm-none-eabi/11.2.1/thumb/v7e-m+fp/hard\libg_nano.a(lib_a-memcpy-stub.o)
 .comment       0x00000057       0x58 c:/users/daniil/desktop/embedded/gcc-arm-none-eabi-11.2/bin/../lib/gcc/arm-none-eabi/11.2.1/thumb/v7e-m+fp/hard\libg_nano.a(lib_a-memset.o)
 .comment       0x00000057       0x58 c:/users/daniil/desktop/embedded/gcc-arm-none-eabi-11.2/bin/../lib/gcc/arm-none-eabi/11.2.1/thumb/v7e-m+fp/hard\libg_nano.a(lib_a-nano-vfprintf.o)
 .comment       0x00000057       0x58 c:/users/daniil/desktop/embedded/gcc-arm-none-eabi-11.2/bin/../lib/gcc/arm-none-eabi/11.2.1/thumb/v7e-m+fp/hard\libg_nano.a(lib_a-wbuf.o)
 .comment       0x00000057       0x58 c:/users/daniil/desktop/embedded/gcc-arm-none-eabi-11.2/bin/../lib/gcc/arm-none-eabi/11.2.1/thumb/v7e-m+fp/hard\libg_nano.a(lib_a-wsetup.o)
 .comment       0x00000057       0x58 c:/users/daniil/desktop/embedded/gcc-arm-none-eabi-11.2/bin/../lib/gcc/arm-none-eabi/11.2.1/thumb/v7e-m+fp/hard\libg_nano.a(lib_a-fflush.o)
 .comment       0x00000057       0x58 c:/users/daniil/desktop/embedded/gcc-arm-none-eabi-11.2/bin/../lib/gcc/arm-none-eabi/11.2.1/thumb/v7e-m+fp/hard\libg_nano.a(lib_a-findfp.o)
 .comment       0x00000057       0x58 c:/users/daniil/desktop/embedded/gcc-arm-none-eabi-11.2/bin/../lib/gcc/arm-none-eabi/11.2.1/thumb/v7e-m+fp/hard\libg_nano.a(lib_a-fwalk.o)
 .comment       0x00000057       0x58 c:/users/daniil/desktop/embedded/gcc-arm-none-eabi-11.2/bin/../lib/gcc/arm-none-eabi/11.2.1/thumb/v7e-m+fp/hard\libg_nano.a(lib_a-makebuf.o)
 .comment       0x00000057       0x58 c:/users/daniil/desktop/embedded/gcc-arm-none-eabi-11.2/bin/../lib/gcc/arm-none-eabi/11.2.1/thumb/v7e-m+fp/hard\libg_nano.a(lib_a-nano-freer.o)
 .comment       0x00000057       0x58 c:/users/daniil/desktop/embedded/gcc-arm-none-eabi-11.2/bin/../lib/gcc/arm-none-eabi/11.2.1/thumb/v7e-m+fp/hard\libg_nano.a(lib_a-nano-mallocr.o)
 .comment       0x00000057       0x58 c:/users/daniil/desktop/embedded/gcc-arm-none-eabi-11.2/bin/../lib/gcc/arm-none-eabi/11.2.1/thumb/v7e-m+fp/hard\libg_nano.a(lib_a-nano-vfprintf_i.o)
 .comment       0x00000057       0x58 c:/users/daniil/desktop/embedded/gcc-arm-none-eabi-11.2/bin/../lib/gcc/arm-none-eabi/11.2.1/thumb/v7e-m+fp/hard\libg_nano.a(lib_a-sbrkr.o)
 .comment       0x00000057       0x58 c:/users/daniil/desktop/embedded/gcc-arm-none-eabi-11.2/bin/../lib/gcc/arm-none-eabi/11.2.1/thumb/v7e-m+fp/hard\libg_nano.a(lib_a-stdio.o)
 .comment       0x00000057       0x58 c:/users/daniil/desktop/embedded/gcc-arm-none-eabi-11.2/bin/../lib/gcc/arm-none-eabi/11.2.1/thumb/v7e-m+fp/hard\libg_nano.a(lib_a-writer.o)
 .comment       0x00000057       0x58 c:/users/daniil/desktop/embedded/gcc-arm-none-eabi-11.2/bin/../lib/gcc/arm-none-eabi/11.2.1/thumb/v7e-m+fp/hard\libg_nano.a(lib_a-closer.o)
 .comment       0x00000057       0x58 c:/users/daniil/desktop/embedded/gcc-arm-none-eabi-11.2/bin/../lib/gcc/arm-none-eabi/11.2.1/thumb/v7e-m+fp/hard\libg_nano.a(lib_a-fstatr.o)
 .comment       0x00000057       0x58 c:/users/daniil/desktop/embedded/gcc-arm-none-eabi-11.2/bin/../lib/gcc/arm-none-eabi/11.2.1/thumb/v7e-m+fp/hard\libg_nano.a(lib_a-isattyr.o)
 .comment       0x00000057       0x58 c:/users/daniil/desktop/embedded/gcc-arm-none-eabi-11.2/bin/../lib/gcc/arm-none-eabi/11.2.1/thumb/v7e-m+fp/hard\libg_nano.a(lib_a-lseekr.o)
 .comment       0x00000057       0x58 c:/users/daniil/desktop/embedded/gcc-arm-none-eabi-11.2/bin/../lib/gcc/arm-none-eabi/11.2.1/thumb/v7e-m+fp/hard\libg_nano.a(lib_a-mlock.o)
 .comment       0x00000057       0x58 c:/users/daniil/desktop/embedded/gcc-arm-none-eabi-11.2/bin/../lib/gcc/arm-none-eabi/11.2.1/thumb/v7e-m+fp/hard\libg_nano.a(lib_a-readr.o)

.ARM.attributes
                0x00000000       0x32
 .ARM.attributes
                0x00000000       0x34 CMakeFiles/build.elf.dir/libs/src/_mem.c.obj
 .ARM.attributes
                0x00000034       0x34 CMakeFiles/build.elf.dir/libs/src/_startup.c.obj
 .ARM.attributes
                0x00000068       0x34 CMakeFiles/build.elf.dir/libs/src/_syscalls.c.obj
 .ARM.attributes
                0x0000009c       0x34 CMakeFiles/build.elf.dir/libs/src/system_init.cpp.obj
 .ARM.attributes
                0x000000d0       0x34 CMakeFiles/build.elf.dir/libs/src/system_stm32f4xx.c.obj
 .ARM.attributes
                0x00000104       0x34 CMakeFiles/build.elf.dir/libs/src/xprintf.c.obj
 .ARM.attributes
                0x00000138       0x34 CMakeFiles/build.elf.dir/libs/superlib/src/dma.cpp.obj
 .ARM.attributes
                0x0000016c       0x34 CMakeFiles/build.elf.dir/libs/superlib/src/mcu_base.cpp.obj
 .ARM.attributes
                0x000001a0       0x34 CMakeFiles/build.elf.dir/libs/superlib/src/os_abstraction.cpp.obj
 .ARM.attributes
                0x000001d4       0x34 CMakeFiles/build.elf.dir/libs/superlib/src/uart.cpp.obj
 .ARM.attributes
                0x00000208       0x21 CMakeFiles/build.elf.dir/scripts/startup_stm32f411xe.s.obj
 .ARM.attributes
                0x00000229       0x34 CMakeFiles/build.elf.dir/src/main.cpp.obj
 .ARM.attributes
                0x0000025d       0x34 libs/FreeRTOS-Kernel/libfreertos_kernel.a(tasks.c.obj)
 .ARM.attributes
                0x00000291       0x34 libs/FreeRTOS-Kernel/libfreertos_kernel.a(heap_4.c.obj)
 .ARM.attributes
                0x000002c5       0x34 libs/FreeRTOS-Kernel/libfreertos_kernel.a(list.c.obj)
 .ARM.attributes
                0x000002f9       0x34 libs/FreeRTOS-Kernel/portable/libfreertos_kernel_port.a(port.c.obj)
 .ARM.attributes
                0x0000032d       0x34 c:/users/daniil/desktop/embedded/gcc-arm-none-eabi-11.2/bin/../lib/gcc/arm-none-eabi/11.2.1/thumb/v7e-m+fp/hard\libg_nano.a(lib_a-assert.o)
 .ARM.attributes
                0x00000361       0x34 c:/users/daniil/desktop/embedded/gcc-arm-none-eabi-11.2/bin/../lib/gcc/arm-none-eabi/11.2.1/thumb/v7e-m+fp/hard\libg_nano.a(lib_a-errno.o)
 .ARM.attributes
                0x00000395       0x34 c:/users/daniil/desktop/embedded/gcc-arm-none-eabi-11.2/bin/../lib/gcc/arm-none-eabi/11.2.1/thumb/v7e-m+fp/hard\libg_nano.a(lib_a-fprintf.o)
 .ARM.attributes
                0x000003c9       0x34 c:/users/daniil/desktop/embedded/gcc-arm-none-eabi-11.2/bin/../lib/gcc/arm-none-eabi/11.2.1/thumb/v7e-m+fp/hard\libg_nano.a(lib_a-impure.o)
 .ARM.attributes
                0x000003fd       0x34 c:/users/daniil/desktop/embedded/gcc-arm-none-eabi-11.2/bin/../lib/gcc/arm-none-eabi/11.2.1/thumb/v7e-m+fp/hard\libg_nano.a(lib_a-memcpy-stub.o)
 .ARM.attributes
                0x00000431       0x34 c:/users/daniil/desktop/embedded/gcc-arm-none-eabi-11.2/bin/../lib/gcc/arm-none-eabi/11.2.1/thumb/v7e-m+fp/hard\libg_nano.a(lib_a-memset.o)
 .ARM.attributes
                0x00000465       0x34 c:/users/daniil/desktop/embedded/gcc-arm-none-eabi-11.2/bin/../lib/gcc/arm-none-eabi/11.2.1/thumb/v7e-m+fp/hard\libg_nano.a(lib_a-nano-vfprintf.o)
 .ARM.attributes
                0x00000499       0x34 c:/users/daniil/desktop/embedded/gcc-arm-none-eabi-11.2/bin/../lib/gcc/arm-none-eabi/11.2.1/thumb/v7e-m+fp/hard\libg_nano.a(lib_a-wbuf.o)
 .ARM.attributes
                0x000004cd       0x34 c:/users/daniil/desktop/embedded/gcc-arm-none-eabi-11.2/bin/../lib/gcc/arm-none-eabi/11.2.1/thumb/v7e-m+fp/hard\libg_nano.a(lib_a-wsetup.o)
 .ARM.attributes
                0x00000501       0x34 c:/users/daniil/desktop/embedded/gcc-arm-none-eabi-11.2/bin/../lib/gcc/arm-none-eabi/11.2.1/thumb/v7e-m+fp/hard\libg_nano.a(lib_a-fflush.o)
 .ARM.attributes
                0x00000535       0x34 c:/users/daniil/desktop/embedded/gcc-arm-none-eabi-11.2/bin/../lib/gcc/arm-none-eabi/11.2.1/thumb/v7e-m+fp/hard\libg_nano.a(lib_a-findfp.o)
 .ARM.attributes
                0x00000569       0x34 c:/users/daniil/desktop/embedded/gcc-arm-none-eabi-11.2/bin/../lib/gcc/arm-none-eabi/11.2.1/thumb/v7e-m+fp/hard\libg_nano.a(lib_a-fwalk.o)
 .ARM.attributes
                0x0000059d       0x34 c:/users/daniil/desktop/embedded/gcc-arm-none-eabi-11.2/bin/../lib/gcc/arm-none-eabi/11.2.1/thumb/v7e-m+fp/hard\libg_nano.a(lib_a-makebuf.o)
 .ARM.attributes
                0x000005d1       0x1c c:/users/daniil/desktop/embedded/gcc-arm-none-eabi-11.2/bin/../lib/gcc/arm-none-eabi/11.2.1/thumb/v7e-m+fp/hard\libg_nano.a(lib_a-memchr.o)
 .ARM.attributes
                0x000005ed       0x34 c:/users/daniil/desktop/embedded/gcc-arm-none-eabi-11.2/bin/../lib/gcc/arm-none-eabi/11.2.1/thumb/v7e-m+fp/hard\libg_nano.a(lib_a-nano-freer.o)
 .ARM.attributes
                0x00000621       0x34 c:/users/daniil/desktop/embedded/gcc-arm-none-eabi-11.2/bin/../lib/gcc/arm-none-eabi/11.2.1/thumb/v7e-m+fp/hard\libg_nano.a(lib_a-nano-mallocr.o)
 .ARM.attributes
                0x00000655       0x34 c:/users/daniil/desktop/embedded/gcc-arm-none-eabi-11.2/bin/../lib/gcc/arm-none-eabi/11.2.1/thumb/v7e-m+fp/hard\libg_nano.a(lib_a-nano-vfprintf_i.o)
 .ARM.attributes
                0x00000689       0x34 c:/users/daniil/desktop/embedded/gcc-arm-none-eabi-11.2/bin/../lib/gcc/arm-none-eabi/11.2.1/thumb/v7e-m+fp/hard\libg_nano.a(lib_a-sbrkr.o)
 .ARM.attributes
                0x000006bd       0x34 c:/users/daniil/desktop/embedded/gcc-arm-none-eabi-11.2/bin/../lib/gcc/arm-none-eabi/11.2.1/thumb/v7e-m+fp/hard\libg_nano.a(lib_a-stdio.o)
 .ARM.attributes
                0x000006f1       0x34 c:/users/daniil/desktop/embedded/gcc-arm-none-eabi-11.2/bin/../lib/gcc/arm-none-eabi/11.2.1/thumb/v7e-m+fp/hard\libg_nano.a(lib_a-writer.o)
 .ARM.attributes
                0x00000725       0x34 c:/users/daniil/desktop/embedded/gcc-arm-none-eabi-11.2/bin/../lib/gcc/arm-none-eabi/11.2.1/thumb/v7e-m+fp/hard\libg_nano.a(lib_a-closer.o)
 .ARM.attributes
                0x00000759       0x34 c:/users/daniil/desktop/embedded/gcc-arm-none-eabi-11.2/bin/../lib/gcc/arm-none-eabi/11.2.1/thumb/v7e-m+fp/hard\libg_nano.a(lib_a-fstatr.o)
 .ARM.attributes
                0x0000078d       0x34 c:/users/daniil/desktop/embedded/gcc-arm-none-eabi-11.2/bin/../lib/gcc/arm-none-eabi/11.2.1/thumb/v7e-m+fp/hard\libg_nano.a(lib_a-isattyr.o)
 .ARM.attributes
                0x000007c1       0x34 c:/users/daniil/desktop/embedded/gcc-arm-none-eabi-11.2/bin/../lib/gcc/arm-none-eabi/11.2.1/thumb/v7e-m+fp/hard\libg_nano.a(lib_a-lseekr.o)
 .ARM.attributes
                0x000007f5       0x34 c:/users/daniil/desktop/embedded/gcc-arm-none-eabi-11.2/bin/../lib/gcc/arm-none-eabi/11.2.1/thumb/v7e-m+fp/hard\libg_nano.a(lib_a-mlock.o)
 .ARM.attributes
                0x00000829       0x34 c:/users/daniil/desktop/embedded/gcc-arm-none-eabi-11.2/bin/../lib/gcc/arm-none-eabi/11.2.1/thumb/v7e-m+fp/hard\libg_nano.a(lib_a-readr.o)

.debug
 *(.debug)

.line
 *(.line)

.debug_srcinfo
 *(.debug_srcinfo)

.debug_sfnames
 *(.debug_sfnames)

.debug_aranges  0x00000000      0xae0
 *(.debug_aranges)
 .debug_aranges
                0x00000000       0x40 CMakeFiles/build.elf.dir/libs/src/_mem.c.obj
 .debug_aranges
                0x00000040       0x40 CMakeFiles/build.elf.dir/libs/src/_startup.c.obj
 .debug_aranges
                0x00000080       0xc8 CMakeFiles/build.elf.dir/libs/src/_syscalls.c.obj
 .debug_aranges
                0x00000148       0x48 CMakeFiles/build.elf.dir/libs/src/system_init.cpp.obj
 .debug_aranges
                0x00000190       0x28 CMakeFiles/build.elf.dir/libs/src/system_stm32f4xx.c.obj
 .debug_aranges
                0x000001b8       0x78 CMakeFiles/build.elf.dir/libs/src/xprintf.c.obj
 .debug_aranges
                0x00000230       0x58 CMakeFiles/build.elf.dir/libs/superlib/src/dma.cpp.obj
 .debug_aranges
                0x00000288       0x38 CMakeFiles/build.elf.dir/libs/superlib/src/mcu_base.cpp.obj
 .debug_aranges
                0x000002c0       0x28 CMakeFiles/build.elf.dir/libs/superlib/src/os_abstraction.cpp.obj
 .debug_aranges
                0x000002e8       0x70 CMakeFiles/build.elf.dir/libs/superlib/src/uart.cpp.obj
 .debug_aranges
                0x00000358       0x70 CMakeFiles/build.elf.dir/src/main.cpp.obj
 .debug_aranges
                0x000003c8      0x1f0 libs/FreeRTOS-Kernel/libfreertos_kernel.a(tasks.c.obj)
 .debug_aranges
                0x000005b8       0x60 libs/FreeRTOS-Kernel/libfreertos_kernel.a(heap_4.c.obj)
 .debug_aranges
                0x00000618       0x40 libs/FreeRTOS-Kernel/libfreertos_kernel.a(list.c.obj)
 .debug_aranges
                0x00000658       0x80 libs/FreeRTOS-Kernel/portable/libfreertos_kernel_port.a(port.c.obj)
 .debug_aranges
                0x000006d8       0x28 c:/users/daniil/desktop/embedded/gcc-arm-none-eabi-11.2/bin/../lib/gcc/arm-none-eabi/11.2.1/thumb/v7e-m+fp/hard\libg_nano.a(lib_a-assert.o)
 .debug_aranges
                0x00000700       0x20 c:/users/daniil/desktop/embedded/gcc-arm-none-eabi-11.2/bin/../lib/gcc/arm-none-eabi/11.2.1/thumb/v7e-m+fp/hard\libg_nano.a(lib_a-errno.o)
 .debug_aranges
                0x00000720       0x28 c:/users/daniil/desktop/embedded/gcc-arm-none-eabi-11.2/bin/../lib/gcc/arm-none-eabi/11.2.1/thumb/v7e-m+fp/hard\libg_nano.a(lib_a-fprintf.o)
 .debug_aranges
                0x00000748       0x18 c:/users/daniil/desktop/embedded/gcc-arm-none-eabi-11.2/bin/../lib/gcc/arm-none-eabi/11.2.1/thumb/v7e-m+fp/hard\libg_nano.a(lib_a-impure.o)
 .debug_aranges
                0x00000760       0x20 c:/users/daniil/desktop/embedded/gcc-arm-none-eabi-11.2/bin/../lib/gcc/arm-none-eabi/11.2.1/thumb/v7e-m+fp/hard\libg_nano.a(lib_a-memcpy-stub.o)
 .debug_aranges
                0x00000780       0x20 c:/users/daniil/desktop/embedded/gcc-arm-none-eabi-11.2/bin/../lib/gcc/arm-none-eabi/11.2.1/thumb/v7e-m+fp/hard\libg_nano.a(lib_a-memset.o)
 .debug_aranges
                0x000007a0       0x40 c:/users/daniil/desktop/embedded/gcc-arm-none-eabi-11.2/bin/../lib/gcc/arm-none-eabi/11.2.1/thumb/v7e-m+fp/hard\libg_nano.a(lib_a-nano-vfprintf.o)
 .debug_aranges
                0x000007e0       0x28 c:/users/daniil/desktop/embedded/gcc-arm-none-eabi-11.2/bin/../lib/gcc/arm-none-eabi/11.2.1/thumb/v7e-m+fp/hard\libg_nano.a(lib_a-wbuf.o)
 .debug_aranges
                0x00000808       0x20 c:/users/daniil/desktop/embedded/gcc-arm-none-eabi-11.2/bin/../lib/gcc/arm-none-eabi/11.2.1/thumb/v7e-m+fp/hard\libg_nano.a(lib_a-wsetup.o)
 .debug_aranges
                0x00000828       0x30 c:/users/daniil/desktop/embedded/gcc-arm-none-eabi-11.2/bin/../lib/gcc/arm-none-eabi/11.2.1/thumb/v7e-m+fp/hard\libg_nano.a(lib_a-fflush.o)
 .debug_aranges
                0x00000858       0x68 c:/users/daniil/desktop/embedded/gcc-arm-none-eabi-11.2/bin/../lib/gcc/arm-none-eabi/11.2.1/thumb/v7e-m+fp/hard\libg_nano.a(lib_a-findfp.o)
 .debug_aranges
                0x000008c0       0x28 c:/users/daniil/desktop/embedded/gcc-arm-none-eabi-11.2/bin/../lib/gcc/arm-none-eabi/11.2.1/thumb/v7e-m+fp/hard\libg_nano.a(lib_a-fwalk.o)
 .debug_aranges
                0x000008e8       0x28 c:/users/daniil/desktop/embedded/gcc-arm-none-eabi-11.2/bin/../lib/gcc/arm-none-eabi/11.2.1/thumb/v7e-m+fp/hard\libg_nano.a(lib_a-makebuf.o)
 .debug_aranges
                0x00000910       0x20 c:/users/daniil/desktop/embedded/gcc-arm-none-eabi-11.2/bin/../lib/gcc/arm-none-eabi/11.2.1/thumb/v7e-m+fp/hard\libg_nano.a(lib_a-memchr.o)
 .debug_aranges
                0x00000930       0x20 c:/users/daniil/desktop/embedded/gcc-arm-none-eabi-11.2/bin/../lib/gcc/arm-none-eabi/11.2.1/thumb/v7e-m+fp/hard\libg_nano.a(lib_a-nano-freer.o)
 .debug_aranges
                0x00000950       0x28 c:/users/daniil/desktop/embedded/gcc-arm-none-eabi-11.2/bin/../lib/gcc/arm-none-eabi/11.2.1/thumb/v7e-m+fp/hard\libg_nano.a(lib_a-nano-mallocr.o)
 .debug_aranges
                0x00000978       0x28 c:/users/daniil/desktop/embedded/gcc-arm-none-eabi-11.2/bin/../lib/gcc/arm-none-eabi/11.2.1/thumb/v7e-m+fp/hard\libg_nano.a(lib_a-nano-vfprintf_i.o)
 .debug_aranges
                0x000009a0       0x20 c:/users/daniil/desktop/embedded/gcc-arm-none-eabi-11.2/bin/../lib/gcc/arm-none-eabi/11.2.1/thumb/v7e-m+fp/hard\libg_nano.a(lib_a-sbrkr.o)
 .debug_aranges
                0x000009c0       0x40 c:/users/daniil/desktop/embedded/gcc-arm-none-eabi-11.2/bin/../lib/gcc/arm-none-eabi/11.2.1/thumb/v7e-m+fp/hard\libg_nano.a(lib_a-stdio.o)
 .debug_aranges
                0x00000a00       0x20 c:/users/daniil/desktop/embedded/gcc-arm-none-eabi-11.2/bin/../lib/gcc/arm-none-eabi/11.2.1/thumb/v7e-m+fp/hard\libg_nano.a(lib_a-writer.o)
 .debug_aranges
                0x00000a20       0x20 c:/users/daniil/desktop/embedded/gcc-arm-none-eabi-11.2/bin/../lib/gcc/arm-none-eabi/11.2.1/thumb/v7e-m+fp/hard\libg_nano.a(lib_a-closer.o)
 .debug_aranges
                0x00000a40       0x20 c:/users/daniil/desktop/embedded/gcc-arm-none-eabi-11.2/bin/../lib/gcc/arm-none-eabi/11.2.1/thumb/v7e-m+fp/hard\libg_nano.a(lib_a-fstatr.o)
 .debug_aranges
                0x00000a60       0x20 c:/users/daniil/desktop/embedded/gcc-arm-none-eabi-11.2/bin/../lib/gcc/arm-none-eabi/11.2.1/thumb/v7e-m+fp/hard\libg_nano.a(lib_a-isattyr.o)
 .debug_aranges
                0x00000a80       0x20 c:/users/daniil/desktop/embedded/gcc-arm-none-eabi-11.2/bin/../lib/gcc/arm-none-eabi/11.2.1/thumb/v7e-m+fp/hard\libg_nano.a(lib_a-lseekr.o)
 .debug_aranges
                0x00000aa0       0x20 c:/users/daniil/desktop/embedded/gcc-arm-none-eabi-11.2/bin/../lib/gcc/arm-none-eabi/11.2.1/thumb/v7e-m+fp/hard\libg_nano.a(lib_a-mlock.o)
 .debug_aranges
                0x00000ac0       0x20 c:/users/daniil/desktop/embedded/gcc-arm-none-eabi-11.2/bin/../lib/gcc/arm-none-eabi/11.2.1/thumb/v7e-m+fp/hard\libg_nano.a(lib_a-readr.o)

.debug_pubnames
 *(.debug_pubnames)

.debug_info     0x00000000    0x2fe0a
 *(.debug_info .gnu.linkonce.wi.*)
 .debug_info    0x00000000      0x208 CMakeFiles/build.elf.dir/libs/src/_mem.c.obj
 .debug_info    0x00000208      0x495 CMakeFiles/build.elf.dir/libs/src/_startup.c.obj
 .debug_info    0x0000069d      0x9d9 CMakeFiles/build.elf.dir/libs/src/_syscalls.c.obj
 .debug_info    0x00001076      0xe68 CMakeFiles/build.elf.dir/libs/src/system_init.cpp.obj
 .debug_info    0x00001ede      0x550 CMakeFiles/build.elf.dir/libs/src/system_stm32f4xx.c.obj
 .debug_info    0x0000242e      0x7c9 CMakeFiles/build.elf.dir/libs/src/xprintf.c.obj
 .debug_info    0x00002bf7     0x585d CMakeFiles/build.elf.dir/libs/superlib/src/dma.cpp.obj
 .debug_info    0x00008454      0x82d CMakeFiles/build.elf.dir/libs/superlib/src/mcu_base.cpp.obj
 .debug_info    0x00008c81      0x25c CMakeFiles/build.elf.dir/libs/superlib/src/os_abstraction.cpp.obj
 .debug_info    0x00008edd     0x6419 CMakeFiles/build.elf.dir/libs/superlib/src/uart.cpp.obj
 .debug_info    0x0000f2f6     0xeba1 CMakeFiles/build.elf.dir/src/main.cpp.obj
 .debug_info    0x0001de97     0x3222 libs/FreeRTOS-Kernel/libfreertos_kernel.a(tasks.c.obj)
 .debug_info    0x000210b9      0x65e libs/FreeRTOS-Kernel/libfreertos_kernel.a(heap_4.c.obj)
 .debug_info    0x00021717      0x2c3 libs/FreeRTOS-Kernel/libfreertos_kernel.a(list.c.obj)
 .debug_info    0x000219da      0x559 libs/FreeRTOS-Kernel/portable/libfreertos_kernel_port.a(port.c.obj)
 .debug_info    0x00021f33      0x874 c:/users/daniil/desktop/embedded/gcc-arm-none-eabi-11.2/bin/../lib/gcc/arm-none-eabi/11.2.1/thumb/v7e-m+fp/hard\libg_nano.a(lib_a-assert.o)
 .debug_info    0x000227a7      0x751 c:/users/daniil/desktop/embedded/gcc-arm-none-eabi-11.2/bin/../lib/gcc/arm-none-eabi/11.2.1/thumb/v7e-m+fp/hard\libg_nano.a(lib_a-errno.o)
 .debug_info    0x00022ef8      0x8ab c:/users/daniil/desktop/embedded/gcc-arm-none-eabi-11.2/bin/../lib/gcc/arm-none-eabi/11.2.1/thumb/v7e-m+fp/hard\libg_nano.a(lib_a-fprintf.o)
 .debug_info    0x000237a3      0x7fc c:/users/daniil/desktop/embedded/gcc-arm-none-eabi-11.2/bin/../lib/gcc/arm-none-eabi/11.2.1/thumb/v7e-m+fp/hard\libg_nano.a(lib_a-impure.o)
 .debug_info    0x00023f9f      0x121 c:/users/daniil/desktop/embedded/gcc-arm-none-eabi-11.2/bin/../lib/gcc/arm-none-eabi/11.2.1/thumb/v7e-m+fp/hard\libg_nano.a(lib_a-memcpy-stub.o)
 .debug_info    0x000240c0       0xe0 c:/users/daniil/desktop/embedded/gcc-arm-none-eabi-11.2/bin/../lib/gcc/arm-none-eabi/11.2.1/thumb/v7e-m+fp/hard\libg_nano.a(lib_a-memset.o)
 .debug_info    0x000241a0     0x112d c:/users/daniil/desktop/embedded/gcc-arm-none-eabi-11.2/bin/../lib/gcc/arm-none-eabi/11.2.1/thumb/v7e-m+fp/hard\libg_nano.a(lib_a-nano-vfprintf.o)
 .debug_info    0x000252cd      0x953 c:/users/daniil/desktop/embedded/gcc-arm-none-eabi-11.2/bin/../lib/gcc/arm-none-eabi/11.2.1/thumb/v7e-m+fp/hard\libg_nano.a(lib_a-wbuf.o)
 .debug_info    0x00025c20      0x8af c:/users/daniil/desktop/embedded/gcc-arm-none-eabi-11.2/bin/../lib/gcc/arm-none-eabi/11.2.1/thumb/v7e-m+fp/hard\libg_nano.a(lib_a-wsetup.o)
 .debug_info    0x000264cf      0xa4e c:/users/daniil/desktop/embedded/gcc-arm-none-eabi-11.2/bin/../lib/gcc/arm-none-eabi/11.2.1/thumb/v7e-m+fp/hard\libg_nano.a(lib_a-fflush.o)
 .debug_info    0x00026f1d      0xebd c:/users/daniil/desktop/embedded/gcc-arm-none-eabi-11.2/bin/../lib/gcc/arm-none-eabi/11.2.1/thumb/v7e-m+fp/hard\libg_nano.a(lib_a-findfp.o)
 .debug_info    0x00027dda      0x88f c:/users/daniil/desktop/embedded/gcc-arm-none-eabi-11.2/bin/../lib/gcc/arm-none-eabi/11.2.1/thumb/v7e-m+fp/hard\libg_nano.a(lib_a-fwalk.o)
 .debug_info    0x00028669      0xb81 c:/users/daniil/desktop/embedded/gcc-arm-none-eabi-11.2/bin/../lib/gcc/arm-none-eabi/11.2.1/thumb/v7e-m+fp/hard\libg_nano.a(lib_a-makebuf.o)
 .debug_info    0x000291ea       0x25 c:/users/daniil/desktop/embedded/gcc-arm-none-eabi-11.2/bin/../lib/gcc/arm-none-eabi/11.2.1/thumb/v7e-m+fp/hard\libg_nano.a(lib_a-memchr.o)
 .debug_info    0x0002920f      0x89c c:/users/daniil/desktop/embedded/gcc-arm-none-eabi-11.2/bin/../lib/gcc/arm-none-eabi/11.2.1/thumb/v7e-m+fp/hard\libg_nano.a(lib_a-nano-freer.o)
 .debug_info    0x00029aab      0xa12 c:/users/daniil/desktop/embedded/gcc-arm-none-eabi-11.2/bin/../lib/gcc/arm-none-eabi/11.2.1/thumb/v7e-m+fp/hard\libg_nano.a(lib_a-nano-mallocr.o)
 .debug_info    0x0002a4bd      0xe38 c:/users/daniil/desktop/embedded/gcc-arm-none-eabi-11.2/bin/../lib/gcc/arm-none-eabi/11.2.1/thumb/v7e-m+fp/hard\libg_nano.a(lib_a-nano-vfprintf_i.o)
 .debug_info    0x0002b2f5      0x7d2 c:/users/daniil/desktop/embedded/gcc-arm-none-eabi-11.2/bin/../lib/gcc/arm-none-eabi/11.2.1/thumb/v7e-m+fp/hard\libg_nano.a(lib_a-sbrkr.o)
 .debug_info    0x0002bac7      0xaaa c:/users/daniil/desktop/embedded/gcc-arm-none-eabi-11.2/bin/../lib/gcc/arm-none-eabi/11.2.1/thumb/v7e-m+fp/hard\libg_nano.a(lib_a-stdio.o)
 .debug_info    0x0002c571      0x809 c:/users/daniil/desktop/embedded/gcc-arm-none-eabi-11.2/bin/../lib/gcc/arm-none-eabi/11.2.1/thumb/v7e-m+fp/hard\libg_nano.a(lib_a-writer.o)
 .debug_info    0x0002cd7a      0x7ad c:/users/daniil/desktop/embedded/gcc-arm-none-eabi-11.2/bin/../lib/gcc/arm-none-eabi/11.2.1/thumb/v7e-m+fp/hard\libg_nano.a(lib_a-closer.o)
 .debug_info    0x0002d527      0x9cb c:/users/daniil/desktop/embedded/gcc-arm-none-eabi-11.2/bin/../lib/gcc/arm-none-eabi/11.2.1/thumb/v7e-m+fp/hard\libg_nano.a(lib_a-fstatr.o)
 .debug_info    0x0002def2      0x7ad c:/users/daniil/desktop/embedded/gcc-arm-none-eabi-11.2/bin/../lib/gcc/arm-none-eabi/11.2.1/thumb/v7e-m+fp/hard\libg_nano.a(lib_a-isattyr.o)
 .debug_info    0x0002e69f      0x7ec c:/users/daniil/desktop/embedded/gcc-arm-none-eabi-11.2/bin/../lib/gcc/arm-none-eabi/11.2.1/thumb/v7e-m+fp/hard\libg_nano.a(lib_a-lseekr.o)
 .debug_info    0x0002ee8b      0x77c c:/users/daniil/desktop/embedded/gcc-arm-none-eabi-11.2/bin/../lib/gcc/arm-none-eabi/11.2.1/thumb/v7e-m+fp/hard\libg_nano.a(lib_a-mlock.o)
 .debug_info    0x0002f607      0x803 c:/users/daniil/desktop/embedded/gcc-arm-none-eabi-11.2/bin/../lib/gcc/arm-none-eabi/11.2.1/thumb/v7e-m+fp/hard\libg_nano.a(lib_a-readr.o)

.debug_abbrev   0x00000000     0x6943
 *(.debug_abbrev)
 .debug_abbrev  0x00000000      0x14f CMakeFiles/build.elf.dir/libs/src/_mem.c.obj
 .debug_abbrev  0x0000014f      0x234 CMakeFiles/build.elf.dir/libs/src/_startup.c.obj
 .debug_abbrev  0x00000383      0x12d CMakeFiles/build.elf.dir/libs/src/_syscalls.c.obj
 .debug_abbrev  0x000004b0      0x393 CMakeFiles/build.elf.dir/libs/src/system_init.cpp.obj
 .debug_abbrev  0x00000843      0x120 CMakeFiles/build.elf.dir/libs/src/system_stm32f4xx.c.obj
 .debug_abbrev  0x00000963      0x292 CMakeFiles/build.elf.dir/libs/src/xprintf.c.obj
 .debug_abbrev  0x00000bf5      0x6c4 CMakeFiles/build.elf.dir/libs/superlib/src/dma.cpp.obj
 .debug_abbrev  0x000012b9      0x2dc CMakeFiles/build.elf.dir/libs/superlib/src/mcu_base.cpp.obj
 .debug_abbrev  0x00001595      0x182 CMakeFiles/build.elf.dir/libs/superlib/src/os_abstraction.cpp.obj
 .debug_abbrev  0x00001717      0x7e7 CMakeFiles/build.elf.dir/libs/superlib/src/uart.cpp.obj
 .debug_abbrev  0x00001efe      0xf4d CMakeFiles/build.elf.dir/src/main.cpp.obj
 .debug_abbrev  0x00002e4b      0x3b3 libs/FreeRTOS-Kernel/libfreertos_kernel.a(tasks.c.obj)
 .debug_abbrev  0x000031fe      0x2bb libs/FreeRTOS-Kernel/libfreertos_kernel.a(heap_4.c.obj)
 .debug_abbrev  0x000034b9      0x10c libs/FreeRTOS-Kernel/libfreertos_kernel.a(list.c.obj)
 .debug_abbrev  0x000035c5      0x295 libs/FreeRTOS-Kernel/portable/libfreertos_kernel_port.a(port.c.obj)
 .debug_abbrev  0x0000385a      0x1ea c:/users/daniil/desktop/embedded/gcc-arm-none-eabi-11.2/bin/../lib/gcc/arm-none-eabi/11.2.1/thumb/v7e-m+fp/hard\libg_nano.a(lib_a-assert.o)
 .debug_abbrev  0x00003a44      0x15e c:/users/daniil/desktop/embedded/gcc-arm-none-eabi-11.2/bin/../lib/gcc/arm-none-eabi/11.2.1/thumb/v7e-m+fp/hard\libg_nano.a(lib_a-errno.o)
 .debug_abbrev  0x00003ba2      0x21d c:/users/daniil/desktop/embedded/gcc-arm-none-eabi-11.2/bin/../lib/gcc/arm-none-eabi/11.2.1/thumb/v7e-m+fp/hard\libg_nano.a(lib_a-fprintf.o)
 .debug_abbrev  0x00003dbf      0x15a c:/users/daniil/desktop/embedded/gcc-arm-none-eabi-11.2/bin/../lib/gcc/arm-none-eabi/11.2.1/thumb/v7e-m+fp/hard\libg_nano.a(lib_a-impure.o)
 .debug_abbrev  0x00003f19       0xc1 c:/users/daniil/desktop/embedded/gcc-arm-none-eabi-11.2/bin/../lib/gcc/arm-none-eabi/11.2.1/thumb/v7e-m+fp/hard\libg_nano.a(lib_a-memcpy-stub.o)
 .debug_abbrev  0x00003fda       0x9e c:/users/daniil/desktop/embedded/gcc-arm-none-eabi-11.2/bin/../lib/gcc/arm-none-eabi/11.2.1/thumb/v7e-m+fp/hard\libg_nano.a(lib_a-memset.o)
 .debug_abbrev  0x00004078      0x305 c:/users/daniil/desktop/embedded/gcc-arm-none-eabi-11.2/bin/../lib/gcc/arm-none-eabi/11.2.1/thumb/v7e-m+fp/hard\libg_nano.a(lib_a-nano-vfprintf.o)
 .debug_abbrev  0x0000437d      0x22e c:/users/daniil/desktop/embedded/gcc-arm-none-eabi-11.2/bin/../lib/gcc/arm-none-eabi/11.2.1/thumb/v7e-m+fp/hard\libg_nano.a(lib_a-wbuf.o)
 .debug_abbrev  0x000045ab      0x1d9 c:/users/daniil/desktop/embedded/gcc-arm-none-eabi-11.2/bin/../lib/gcc/arm-none-eabi/11.2.1/thumb/v7e-m+fp/hard\libg_nano.a(lib_a-wsetup.o)
 .debug_abbrev  0x00004784      0x2b9 c:/users/daniil/desktop/embedded/gcc-arm-none-eabi-11.2/bin/../lib/gcc/arm-none-eabi/11.2.1/thumb/v7e-m+fp/hard\libg_nano.a(lib_a-fflush.o)
 .debug_abbrev  0x00004a3d      0x3cd c:/users/daniil/desktop/embedded/gcc-arm-none-eabi-11.2/bin/../lib/gcc/arm-none-eabi/11.2.1/thumb/v7e-m+fp/hard\libg_nano.a(lib_a-findfp.o)
 .debug_abbrev  0x00004e0a      0x19f c:/users/daniil/desktop/embedded/gcc-arm-none-eabi-11.2/bin/../lib/gcc/arm-none-eabi/11.2.1/thumb/v7e-m+fp/hard\libg_nano.a(lib_a-fwalk.o)
 .debug_abbrev  0x00004fa9      0x2a3 c:/users/daniil/desktop/embedded/gcc-arm-none-eabi-11.2/bin/../lib/gcc/arm-none-eabi/11.2.1/thumb/v7e-m+fp/hard\libg_nano.a(lib_a-makebuf.o)
 .debug_abbrev  0x0000524c       0x14 c:/users/daniil/desktop/embedded/gcc-arm-none-eabi-11.2/bin/../lib/gcc/arm-none-eabi/11.2.1/thumb/v7e-m+fp/hard\libg_nano.a(lib_a-memchr.o)
 .debug_abbrev  0x00005260      0x23b c:/users/daniil/desktop/embedded/gcc-arm-none-eabi-11.2/bin/../lib/gcc/arm-none-eabi/11.2.1/thumb/v7e-m+fp/hard\libg_nano.a(lib_a-nano-freer.o)
 .debug_abbrev  0x0000549b      0x24a c:/users/daniil/desktop/embedded/gcc-arm-none-eabi-11.2/bin/../lib/gcc/arm-none-eabi/11.2.1/thumb/v7e-m+fp/hard\libg_nano.a(lib_a-nano-mallocr.o)
 .debug_abbrev  0x000056e5      0x285 c:/users/daniil/desktop/embedded/gcc-arm-none-eabi-11.2/bin/../lib/gcc/arm-none-eabi/11.2.1/thumb/v7e-m+fp/hard\libg_nano.a(lib_a-nano-vfprintf_i.o)
 .debug_abbrev  0x0000596a      0x1da c:/users/daniil/desktop/embedded/gcc-arm-none-eabi-11.2/bin/../lib/gcc/arm-none-eabi/11.2.1/thumb/v7e-m+fp/hard\libg_nano.a(lib_a-sbrkr.o)
 .debug_abbrev  0x00005b44      0x221 c:/users/daniil/desktop/embedded/gcc-arm-none-eabi-11.2/bin/../lib/gcc/arm-none-eabi/11.2.1/thumb/v7e-m+fp/hard\libg_nano.a(lib_a-stdio.o)
 .debug_abbrev  0x00005d65      0x1b5 c:/users/daniil/desktop/embedded/gcc-arm-none-eabi-11.2/bin/../lib/gcc/arm-none-eabi/11.2.1/thumb/v7e-m+fp/hard\libg_nano.a(lib_a-writer.o)
 .debug_abbrev  0x00005f1a      0x1b0 c:/users/daniil/desktop/embedded/gcc-arm-none-eabi-11.2/bin/../lib/gcc/arm-none-eabi/11.2.1/thumb/v7e-m+fp/hard\libg_nano.a(lib_a-closer.o)
 .debug_abbrev  0x000060ca      0x1c3 c:/users/daniil/desktop/embedded/gcc-arm-none-eabi-11.2/bin/../lib/gcc/arm-none-eabi/11.2.1/thumb/v7e-m+fp/hard\libg_nano.a(lib_a-fstatr.o)
 .debug_abbrev  0x0000628d      0x1b0 c:/users/daniil/desktop/embedded/gcc-arm-none-eabi-11.2/bin/../lib/gcc/arm-none-eabi/11.2.1/thumb/v7e-m+fp/hard\libg_nano.a(lib_a-isattyr.o)
 .debug_abbrev  0x0000643d      0x1c4 c:/users/daniil/desktop/embedded/gcc-arm-none-eabi-11.2/bin/../lib/gcc/arm-none-eabi/11.2.1/thumb/v7e-m+fp/hard\libg_nano.a(lib_a-lseekr.o)
 .debug_abbrev  0x00006601      0x192 c:/users/daniil/desktop/embedded/gcc-arm-none-eabi-11.2/bin/../lib/gcc/arm-none-eabi/11.2.1/thumb/v7e-m+fp/hard\libg_nano.a(lib_a-mlock.o)
 .debug_abbrev  0x00006793      0x1b0 c:/users/daniil/desktop/embedded/gcc-arm-none-eabi-11.2/bin/../lib/gcc/arm-none-eabi/11.2.1/thumb/v7e-m+fp/hard\libg_nano.a(lib_a-readr.o)

.debug_line     0x00000000    0x11c81
 *(.debug_line)
 .debug_line    0x00000000      0x594 CMakeFiles/build.elf.dir/libs/src/_mem.c.obj
 .debug_line    0x00000594      0x576 CMakeFiles/build.elf.dir/libs/src/_startup.c.obj
 .debug_line    0x00000b0a      0x712 CMakeFiles/build.elf.dir/libs/src/_syscalls.c.obj
 .debug_line    0x0000121c      0xa9a CMakeFiles/build.elf.dir/libs/src/system_init.cpp.obj
 .debug_line    0x00001cb6      0x45e CMakeFiles/build.elf.dir/libs/src/system_stm32f4xx.c.obj
 .debug_line    0x00002114      0x95c CMakeFiles/build.elf.dir/libs/src/xprintf.c.obj
 .debug_line    0x00002a70      0xcd7 CMakeFiles/build.elf.dir/libs/superlib/src/dma.cpp.obj
 .debug_line    0x00003747      0x828 CMakeFiles/build.elf.dir/libs/superlib/src/mcu_base.cpp.obj
 .debug_line    0x00003f6f      0x786 CMakeFiles/build.elf.dir/libs/superlib/src/os_abstraction.cpp.obj
 .debug_line    0x000046f5     0x10ad CMakeFiles/build.elf.dir/libs/superlib/src/uart.cpp.obj
 .debug_line    0x000057a2     0x2c6d CMakeFiles/build.elf.dir/src/main.cpp.obj
 .debug_line    0x0000840f     0x3106 libs/FreeRTOS-Kernel/libfreertos_kernel.a(tasks.c.obj)
 .debug_line    0x0000b515      0xb4b libs/FreeRTOS-Kernel/libfreertos_kernel.a(heap_4.c.obj)
 .debug_line    0x0000c060      0x76b libs/FreeRTOS-Kernel/libfreertos_kernel.a(list.c.obj)
 .debug_line    0x0000c7cb      0x9fe libs/FreeRTOS-Kernel/portable/libfreertos_kernel_port.a(port.c.obj)
 .debug_line    0x0000d1c9      0x228 c:/users/daniil/desktop/embedded/gcc-arm-none-eabi-11.2/bin/../lib/gcc/arm-none-eabi/11.2.1/thumb/v7e-m+fp/hard\libg_nano.a(lib_a-assert.o)
 .debug_line    0x0000d3f1      0x17d c:/users/daniil/desktop/embedded/gcc-arm-none-eabi-11.2/bin/../lib/gcc/arm-none-eabi/11.2.1/thumb/v7e-m+fp/hard\libg_nano.a(lib_a-errno.o)
 .debug_line    0x0000d56e      0x237 c:/users/daniil/desktop/embedded/gcc-arm-none-eabi-11.2/bin/../lib/gcc/arm-none-eabi/11.2.1/thumb/v7e-m+fp/hard\libg_nano.a(lib_a-fprintf.o)
 .debug_line    0x0000d7a5      0x15b c:/users/daniil/desktop/embedded/gcc-arm-none-eabi-11.2/bin/../lib/gcc/arm-none-eabi/11.2.1/thumb/v7e-m+fp/hard\libg_nano.a(lib_a-impure.o)
 .debug_line    0x0000d900      0x191 c:/users/daniil/desktop/embedded/gcc-arm-none-eabi-11.2/bin/../lib/gcc/arm-none-eabi/11.2.1/thumb/v7e-m+fp/hard\libg_nano.a(lib_a-memcpy-stub.o)
 .debug_line    0x0000da91      0x176 c:/users/daniil/desktop/embedded/gcc-arm-none-eabi-11.2/bin/../lib/gcc/arm-none-eabi/11.2.1/thumb/v7e-m+fp/hard\libg_nano.a(lib_a-memset.o)
 .debug_line    0x0000dc07      0x6e1 c:/users/daniil/desktop/embedded/gcc-arm-none-eabi-11.2/bin/../lib/gcc/arm-none-eabi/11.2.1/thumb/v7e-m+fp/hard\libg_nano.a(lib_a-nano-vfprintf.o)
 .debug_line    0x0000e2e8      0x2f7 c:/users/daniil/desktop/embedded/gcc-arm-none-eabi-11.2/bin/../lib/gcc/arm-none-eabi/11.2.1/thumb/v7e-m+fp/hard\libg_nano.a(lib_a-wbuf.o)
 .debug_line    0x0000e5df      0x33b c:/users/daniil/desktop/embedded/gcc-arm-none-eabi-11.2/bin/../lib/gcc/arm-none-eabi/11.2.1/thumb/v7e-m+fp/hard\libg_nano.a(lib_a-wsetup.o)
 .debug_line    0x0000e91a      0x47e c:/users/daniil/desktop/embedded/gcc-arm-none-eabi-11.2/bin/../lib/gcc/arm-none-eabi/11.2.1/thumb/v7e-m+fp/hard\libg_nano.a(lib_a-fflush.o)
 .debug_line    0x0000ed98      0x518 c:/users/daniil/desktop/embedded/gcc-arm-none-eabi-11.2/bin/../lib/gcc/arm-none-eabi/11.2.1/thumb/v7e-m+fp/hard\libg_nano.a(lib_a-findfp.o)
 .debug_line    0x0000f2b0      0x2cc c:/users/daniil/desktop/embedded/gcc-arm-none-eabi-11.2/bin/../lib/gcc/arm-none-eabi/11.2.1/thumb/v7e-m+fp/hard\libg_nano.a(lib_a-fwalk.o)
 .debug_line    0x0000f57c      0x3c3 c:/users/daniil/desktop/embedded/gcc-arm-none-eabi-11.2/bin/../lib/gcc/arm-none-eabi/11.2.1/thumb/v7e-m+fp/hard\libg_nano.a(lib_a-makebuf.o)
 .debug_line    0x0000f93f       0x82 c:/users/daniil/desktop/embedded/gcc-arm-none-eabi-11.2/bin/../lib/gcc/arm-none-eabi/11.2.1/thumb/v7e-m+fp/hard\libg_nano.a(lib_a-memchr.o)
 .debug_line    0x0000f9c1      0x30e c:/users/daniil/desktop/embedded/gcc-arm-none-eabi-11.2/bin/../lib/gcc/arm-none-eabi/11.2.1/thumb/v7e-m+fp/hard\libg_nano.a(lib_a-nano-freer.o)
 .debug_line    0x0000fccf      0x496 c:/users/daniil/desktop/embedded/gcc-arm-none-eabi-11.2/bin/../lib/gcc/arm-none-eabi/11.2.1/thumb/v7e-m+fp/hard\libg_nano.a(lib_a-nano-mallocr.o)
 .debug_line    0x00010165      0x73f c:/users/daniil/desktop/embedded/gcc-arm-none-eabi-11.2/bin/../lib/gcc/arm-none-eabi/11.2.1/thumb/v7e-m+fp/hard\libg_nano.a(lib_a-nano-vfprintf_i.o)
 .debug_line    0x000108a4      0x214 c:/users/daniil/desktop/embedded/gcc-arm-none-eabi-11.2/bin/../lib/gcc/arm-none-eabi/11.2.1/thumb/v7e-m+fp/hard\libg_nano.a(lib_a-sbrkr.o)
 .debug_line    0x00010ab8      0x2ed c:/users/daniil/desktop/embedded/gcc-arm-none-eabi-11.2/bin/../lib/gcc/arm-none-eabi/11.2.1/thumb/v7e-m+fp/hard\libg_nano.a(lib_a-stdio.o)
 .debug_line    0x00010da5      0x213 c:/users/daniil/desktop/embedded/gcc-arm-none-eabi-11.2/bin/../lib/gcc/arm-none-eabi/11.2.1/thumb/v7e-m+fp/hard\libg_nano.a(lib_a-writer.o)
 .debug_line    0x00010fb8      0x214 c:/users/daniil/desktop/embedded/gcc-arm-none-eabi-11.2/bin/../lib/gcc/arm-none-eabi/11.2.1/thumb/v7e-m+fp/hard\libg_nano.a(lib_a-closer.o)
 .debug_line    0x000111cc      0x2a9 c:/users/daniil/desktop/embedded/gcc-arm-none-eabi-11.2/bin/../lib/gcc/arm-none-eabi/11.2.1/thumb/v7e-m+fp/hard\libg_nano.a(lib_a-fstatr.o)
 .debug_line    0x00011475      0x215 c:/users/daniil/desktop/embedded/gcc-arm-none-eabi-11.2/bin/../lib/gcc/arm-none-eabi/11.2.1/thumb/v7e-m+fp/hard\libg_nano.a(lib_a-isattyr.o)
 .debug_line    0x0001168a      0x213 c:/users/daniil/desktop/embedded/gcc-arm-none-eabi-11.2/bin/../lib/gcc/arm-none-eabi/11.2.1/thumb/v7e-m+fp/hard\libg_nano.a(lib_a-lseekr.o)
 .debug_line    0x0001189d      0x1d2 c:/users/daniil/desktop/embedded/gcc-arm-none-eabi-11.2/bin/../lib/gcc/arm-none-eabi/11.2.1/thumb/v7e-m+fp/hard\libg_nano.a(lib_a-mlock.o)
 .debug_line    0x00011a6f      0x212 c:/users/daniil/desktop/embedded/gcc-arm-none-eabi-11.2/bin/../lib/gcc/arm-none-eabi/11.2.1/thumb/v7e-m+fp/hard\libg_nano.a(lib_a-readr.o)

.debug_frame    0x00000000     0x18c8
 *(.debug_frame)
 .debug_frame   0x00000000       0x88 CMakeFiles/build.elf.dir/libs/src/_mem.c.obj
 .debug_frame   0x00000088       0x80 CMakeFiles/build.elf.dir/libs/src/_startup.c.obj
 .debug_frame   0x00000108      0x220 CMakeFiles/build.elf.dir/libs/src/_syscalls.c.obj
 .debug_frame   0x00000328       0x84 CMakeFiles/build.elf.dir/libs/src/system_init.cpp.obj
 .debug_frame   0x000003ac       0x30 CMakeFiles/build.elf.dir/libs/src/system_stm32f4xx.c.obj
 .debug_frame   0x000003dc      0x1b8 CMakeFiles/build.elf.dir/libs/src/xprintf.c.obj
 .debug_frame   0x00000594       0xc4 CMakeFiles/build.elf.dir/libs/superlib/src/dma.cpp.obj
 .debug_frame   0x00000658       0x5c CMakeFiles/build.elf.dir/libs/superlib/src/mcu_base.cpp.obj
 .debug_frame   0x000006b4       0x48 CMakeFiles/build.elf.dir/libs/superlib/src/os_abstraction.cpp.obj
 .debug_frame   0x000006fc      0x108 CMakeFiles/build.elf.dir/libs/superlib/src/uart.cpp.obj
 .debug_frame   0x00000804      0x140 CMakeFiles/build.elf.dir/src/main.cpp.obj
 .debug_frame   0x00000944      0x5f8 libs/FreeRTOS-Kernel/libfreertos_kernel.a(tasks.c.obj)
 .debug_frame   0x00000f3c       0xec libs/FreeRTOS-Kernel/libfreertos_kernel.a(heap_4.c.obj)
 .debug_frame   0x00001028       0x70 libs/FreeRTOS-Kernel/libfreertos_kernel.a(list.c.obj)
 .debug_frame   0x00001098      0x110 libs/FreeRTOS-Kernel/portable/libfreertos_kernel_port.a(port.c.obj)
 .debug_frame   0x000011a8       0x40 c:/users/daniil/desktop/embedded/gcc-arm-none-eabi-11.2/bin/../lib/gcc/arm-none-eabi/11.2.1/thumb/v7e-m+fp/hard\libg_nano.a(lib_a-assert.o)
 .debug_frame   0x000011e8       0x20 c:/users/daniil/desktop/embedded/gcc-arm-none-eabi-11.2/bin/../lib/gcc/arm-none-eabi/11.2.1/thumb/v7e-m+fp/hard\libg_nano.a(lib_a-errno.o)
 .debug_frame   0x00001208       0x64 c:/users/daniil/desktop/embedded/gcc-arm-none-eabi-11.2/bin/../lib/gcc/arm-none-eabi/11.2.1/thumb/v7e-m+fp/hard\libg_nano.a(lib_a-fprintf.o)
 .debug_frame   0x0000126c       0x28 c:/users/daniil/desktop/embedded/gcc-arm-none-eabi-11.2/bin/../lib/gcc/arm-none-eabi/11.2.1/thumb/v7e-m+fp/hard\libg_nano.a(lib_a-memcpy-stub.o)
 .debug_frame   0x00001294       0x20 c:/users/daniil/desktop/embedded/gcc-arm-none-eabi-11.2/bin/../lib/gcc/arm-none-eabi/11.2.1/thumb/v7e-m+fp/hard\libg_nano.a(lib_a-memset.o)
 .debug_frame   0x000012b4       0xa8 c:/users/daniil/desktop/embedded/gcc-arm-none-eabi-11.2/bin/../lib/gcc/arm-none-eabi/11.2.1/thumb/v7e-m+fp/hard\libg_nano.a(lib_a-nano-vfprintf.o)
 .debug_frame   0x0000135c       0x40 c:/users/daniil/desktop/embedded/gcc-arm-none-eabi-11.2/bin/../lib/gcc/arm-none-eabi/11.2.1/thumb/v7e-m+fp/hard\libg_nano.a(lib_a-wbuf.o)
 .debug_frame   0x0000139c       0x2c c:/users/daniil/desktop/embedded/gcc-arm-none-eabi-11.2/bin/../lib/gcc/arm-none-eabi/11.2.1/thumb/v7e-m+fp/hard\libg_nano.a(lib_a-wsetup.o)
 .debug_frame   0x000013c8       0x68 c:/users/daniil/desktop/embedded/gcc-arm-none-eabi-11.2/bin/../lib/gcc/arm-none-eabi/11.2.1/thumb/v7e-m+fp/hard\libg_nano.a(lib_a-fflush.o)
 .debug_frame   0x00001430      0x11c c:/users/daniil/desktop/embedded/gcc-arm-none-eabi-11.2/bin/../lib/gcc/arm-none-eabi/11.2.1/thumb/v7e-m+fp/hard\libg_nano.a(lib_a-findfp.o)
 .debug_frame   0x0000154c       0x54 c:/users/daniil/desktop/embedded/gcc-arm-none-eabi-11.2/bin/../lib/gcc/arm-none-eabi/11.2.1/thumb/v7e-m+fp/hard\libg_nano.a(lib_a-fwalk.o)
 .debug_frame   0x000015a0       0x58 c:/users/daniil/desktop/embedded/gcc-arm-none-eabi-11.2/bin/../lib/gcc/arm-none-eabi/11.2.1/thumb/v7e-m+fp/hard\libg_nano.a(lib_a-makebuf.o)
 .debug_frame   0x000015f8       0x38 c:/users/daniil/desktop/embedded/gcc-arm-none-eabi-11.2/bin/../lib/gcc/arm-none-eabi/11.2.1/thumb/v7e-m+fp/hard\libg_nano.a(lib_a-nano-freer.o)
 .debug_frame   0x00001630       0x4c c:/users/daniil/desktop/embedded/gcc-arm-none-eabi-11.2/bin/../lib/gcc/arm-none-eabi/11.2.1/thumb/v7e-m+fp/hard\libg_nano.a(lib_a-nano-mallocr.o)
 .debug_frame   0x0000167c       0x60 c:/users/daniil/desktop/embedded/gcc-arm-none-eabi-11.2/bin/../lib/gcc/arm-none-eabi/11.2.1/thumb/v7e-m+fp/hard\libg_nano.a(lib_a-nano-vfprintf_i.o)
 .debug_frame   0x000016dc       0x2c c:/users/daniil/desktop/embedded/gcc-arm-none-eabi-11.2/bin/../lib/gcc/arm-none-eabi/11.2.1/thumb/v7e-m+fp/hard\libg_nano.a(lib_a-sbrkr.o)
 .debug_frame   0x00001708       0x88 c:/users/daniil/desktop/embedded/gcc-arm-none-eabi-11.2/bin/../lib/gcc/arm-none-eabi/11.2.1/thumb/v7e-m+fp/hard\libg_nano.a(lib_a-stdio.o)
 .debug_frame   0x00001790       0x2c c:/users/daniil/desktop/embedded/gcc-arm-none-eabi-11.2/bin/../lib/gcc/arm-none-eabi/11.2.1/thumb/v7e-m+fp/hard\libg_nano.a(lib_a-writer.o)
 .debug_frame   0x000017bc       0x2c c:/users/daniil/desktop/embedded/gcc-arm-none-eabi-11.2/bin/../lib/gcc/arm-none-eabi/11.2.1/thumb/v7e-m+fp/hard\libg_nano.a(lib_a-closer.o)
 .debug_frame   0x000017e8       0x2c c:/users/daniil/desktop/embedded/gcc-arm-none-eabi-11.2/bin/../lib/gcc/arm-none-eabi/11.2.1/thumb/v7e-m+fp/hard\libg_nano.a(lib_a-fstatr.o)
 .debug_frame   0x00001814       0x2c c:/users/daniil/desktop/embedded/gcc-arm-none-eabi-11.2/bin/../lib/gcc/arm-none-eabi/11.2.1/thumb/v7e-m+fp/hard\libg_nano.a(lib_a-isattyr.o)
 .debug_frame   0x00001840       0x2c c:/users/daniil/desktop/embedded/gcc-arm-none-eabi-11.2/bin/../lib/gcc/arm-none-eabi/11.2.1/thumb/v7e-m+fp/hard\libg_nano.a(lib_a-lseekr.o)
 .debug_frame   0x0000186c       0x30 c:/users/daniil/desktop/embedded/gcc-arm-none-eabi-11.2/bin/../lib/gcc/arm-none-eabi/11.2.1/thumb/v7e-m+fp/hard\libg_nano.a(lib_a-mlock.o)
 .debug_frame   0x0000189c       0x2c c:/users/daniil/desktop/embedded/gcc-arm-none-eabi-11.2/bin/../lib/gcc/arm-none-eabi/11.2.1/thumb/v7e-m+fp/hard\libg_nano.a(lib_a-readr.o)

.debug_str      0x00000000    0x81ab5
 *(.debug_str)
 .debug_str     0x00000000    0x5296d CMakeFiles/build.elf.dir/libs/src/_mem.c.obj
                              0x52b71 (size before relaxing)
 .debug_str     0x0005296d     0x23b7 CMakeFiles/build.elf.dir/libs/src/_startup.c.obj
                               0x63ec (size before relaxing)
 .debug_str     0x00054d24     0x2748 CMakeFiles/build.elf.dir/libs/src/_syscalls.c.obj
                               0x8196 (size before relaxing)
 .debug_str     0x0005746c     0x5e79 CMakeFiles/build.elf.dir/libs/src/system_init.cpp.obj
                              0x5adc2 (size before relaxing)
 .debug_str     0x0005d2e5       0xde CMakeFiles/build.elf.dir/libs/src/system_stm32f4xx.c.obj
                              0x4fb1b (size before relaxing)
 .debug_str     0x0005d3c3      0x2f4 CMakeFiles/build.elf.dir/libs/src/xprintf.c.obj
                               0x317c (size before relaxing)
 .debug_str     0x0005d6b7     0x81f3 CMakeFiles/build.elf.dir/libs/superlib/src/dma.cpp.obj
                              0x604dd (size before relaxing)
 .debug_str     0x000658aa       0xcd CMakeFiles/build.elf.dir/libs/superlib/src/mcu_base.cpp.obj
                              0x58226 (size before relaxing)
 .debug_str     0x00065977       0xb7 CMakeFiles/build.elf.dir/libs/superlib/src/os_abstraction.cpp.obj
                              0x57d3d (size before relaxing)
 .debug_str     0x00065a2e      0x7b3 CMakeFiles/build.elf.dir/libs/superlib/src/uart.cpp.obj
                              0x60b5c (size before relaxing)
 .debug_str     0x000661e1    0x179ae CMakeFiles/build.elf.dir/src/main.cpp.obj
                              0x7ba0d (size before relaxing)
 .debug_str     0x0007db8f     0x1e9f libs/FreeRTOS-Kernel/libfreertos_kernel.a(tasks.c.obj)
                              0x59095 (size before relaxing)
 .debug_str     0x0007fa2e      0x61c libs/FreeRTOS-Kernel/libfreertos_kernel.a(heap_4.c.obj)
                              0x576ea (size before relaxing)
 .debug_str     0x0008004a       0x8e libs/FreeRTOS-Kernel/libfreertos_kernel.a(list.c.obj)
                              0x55f12 (size before relaxing)
 .debug_str     0x000800d8      0x7a1 libs/FreeRTOS-Kernel/portable/libfreertos_kernel_port.a(port.c.obj)
                              0x55132 (size before relaxing)
 .debug_str     0x00080879      0x1ab c:/users/daniil/desktop/embedded/gcc-arm-none-eabi-11.2/bin/../lib/gcc/arm-none-eabi/11.2.1/thumb/v7e-m+fp/hard\libg_nano.a(lib_a-assert.o)
                                0x5b3 (size before relaxing)
 .debug_str     0x00080a24       0xe5 c:/users/daniil/desktop/embedded/gcc-arm-none-eabi-11.2/bin/../lib/gcc/arm-none-eabi/11.2.1/thumb/v7e-m+fp/hard\libg_nano.a(lib_a-errno.o)
                                0x573 (size before relaxing)
 .debug_str     0x00080b09       0xfe c:/users/daniil/desktop/embedded/gcc-arm-none-eabi-11.2/bin/../lib/gcc/arm-none-eabi/11.2.1/thumb/v7e-m+fp/hard\libg_nano.a(lib_a-fprintf.o)
                                0x5b7 (size before relaxing)
 .debug_str     0x00080c07      0x131 c:/users/daniil/desktop/embedded/gcc-arm-none-eabi-11.2/bin/../lib/gcc/arm-none-eabi/11.2.1/thumb/v7e-m+fp/hard\libg_nano.a(lib_a-impure.o)
                                0x5ca (size before relaxing)
 .debug_str     0x00080d38      0x10b c:/users/daniil/desktop/embedded/gcc-arm-none-eabi-11.2/bin/../lib/gcc/arm-none-eabi/11.2.1/thumb/v7e-m+fp/hard\libg_nano.a(lib_a-memcpy-stub.o)
                                0x23b (size before relaxing)
 .debug_str     0x00080e43       0xe8 c:/users/daniil/desktop/embedded/gcc-arm-none-eabi-11.2/bin/../lib/gcc/arm-none-eabi/11.2.1/thumb/v7e-m+fp/hard\libg_nano.a(lib_a-memset.o)
                                0x218 (size before relaxing)
 .debug_str     0x00080f2b      0x1b0 c:/users/daniil/desktop/embedded/gcc-arm-none-eabi-11.2/bin/../lib/gcc/arm-none-eabi/11.2.1/thumb/v7e-m+fp/hard\libg_nano.a(lib_a-nano-vfprintf.o)
                                0x925 (size before relaxing)
 .debug_str     0x000810db       0x6a c:/users/daniil/desktop/embedded/gcc-arm-none-eabi-11.2/bin/../lib/gcc/arm-none-eabi/11.2.1/thumb/v7e-m+fp/hard\libg_nano.a(lib_a-wbuf.o)
                                0x5ee (size before relaxing)
 .debug_str     0x00081145       0x6f c:/users/daniil/desktop/embedded/gcc-arm-none-eabi-11.2/bin/../lib/gcc/arm-none-eabi/11.2.1/thumb/v7e-m+fp/hard\libg_nano.a(lib_a-wsetup.o)
                                0x5e9 (size before relaxing)
 .debug_str     0x000811b4       0x83 c:/users/daniil/desktop/embedded/gcc-arm-none-eabi-11.2/bin/../lib/gcc/arm-none-eabi/11.2.1/thumb/v7e-m+fp/hard\libg_nano.a(lib_a-fflush.o)
                                0x62a (size before relaxing)
 .debug_str     0x00081237      0x21d c:/users/daniil/desktop/embedded/gcc-arm-none-eabi-11.2/bin/../lib/gcc/arm-none-eabi/11.2.1/thumb/v7e-m+fp/hard\libg_nano.a(lib_a-findfp.o)
                                0x7d6 (size before relaxing)
 .debug_str     0x00081454       0x68 c:/users/daniil/desktop/embedded/gcc-arm-none-eabi-11.2/bin/../lib/gcc/arm-none-eabi/11.2.1/thumb/v7e-m+fp/hard\libg_nano.a(lib_a-fwalk.o)
                                0x590 (size before relaxing)