Archive member included to satisfy reference by file (symbol)

libs/FreeRTOS-Kernel/libfreertos_kernel.a(tasks.c.obj)
                              CMakeFiles/build.elf.dir/src/main.cpp.obj (xTaskCreate)
libs/FreeRTOS-Kernel/libfreertos_kernel.a(heap_4.c.obj)
                              CMakeFiles/build.elf.dir/libs/src/_mem.c.obj (pvPortMalloc)
libs/FreeRTOS-Kernel/libfreertos_kernel.a(list.c.obj)
                              libs/FreeRTOS-Kernel/libfreertos_kernel.a(tasks.c.obj) (vListInitialise)
libs/FreeRTOS-Kernel/portable/libfreertos_kernel_port.a(port.c.obj)
                              libs/FreeRTOS-Kernel/libfreertos_kernel.a(tasks.c.obj) (pxPortInitialiseStack)
c:/users/daniil/desktop/embedded/gcc-arm-none-eabi-11.2/bin/../lib/gcc/arm-none-eabi/11.2.1/thumb/v7e-m+fp/hard\libg_nano.a(lib_a-errno.o)
                              CMakeFiles/build.elf.dir/libs/src/_syscalls.c.obj (__errno)
c:/users/daniil/desktop/embedded/gcc-arm-none-eabi-11.2/bin/../lib/gcc/arm-none-eabi/11.2.1/thumb/v7e-m+fp/hard\libg_nano.a(lib_a-impure.o)
                              c:/users/daniil/desktop/embedded/gcc-arm-none-eabi-11.2/bin/../lib/gcc/arm-none-eabi/11.2.1/thumb/v7e-m+fp/hard\libg_nano.a(lib_a-errno.o) (_impure_ptr)
c:/users/daniil/desktop/embedded/gcc-arm-none-eabi-11.2/bin/../lib/gcc/arm-none-eabi/11.2.1/thumb/v7e-m+fp/hard\libg_nano.a(lib_a-memcpy-stub.o)
                              CMakeFiles/build.elf.dir/libs/src/system_init.cpp.obj (memcpy)
c:/users/daniil/desktop/embedded/gcc-arm-none-eabi-11.2/bin/../lib/gcc/arm-none-eabi/11.2.1/thumb/v7e-m+fp/hard\libg_nano.a(lib_a-memset.o)
                              CMakeFiles/build.elf.dir/libs/src/_startup.c.obj (memset)

Discarded input sections

 .group         0x00000000        0xc CMakeFiles/build.elf.dir/libs/src/_cxx.cpp.obj
 .group         0x00000000        0xc CMakeFiles/build.elf.dir/libs/src/_cxx.cpp.obj
 .group         0x00000000        0xc CMakeFiles/build.elf.dir/libs/src/_cxx.cpp.obj
 .group         0x00000000        0xc CMakeFiles/build.elf.dir/libs/src/_cxx.cpp.obj
 .group         0x00000000        0xc CMakeFiles/build.elf.dir/libs/src/_cxx.cpp.obj
 .group         0x00000000        0xc CMakeFiles/build.elf.dir/libs/src/_cxx.cpp.obj
 .group         0x00000000        0xc CMakeFiles/build.elf.dir/libs/src/_cxx.cpp.obj
 .group         0x00000000        0xc CMakeFiles/build.elf.dir/libs/src/_cxx.cpp.obj
 .group         0x00000000        0xc CMakeFiles/build.elf.dir/libs/src/_cxx.cpp.obj
 .group         0x00000000        0xc CMakeFiles/build.elf.dir/libs/src/_cxx.cpp.obj
 .group         0x00000000        0xc CMakeFiles/build.elf.dir/libs/src/_cxx.cpp.obj
 .group         0x00000000        0xc CMakeFiles/build.elf.dir/libs/src/_cxx.cpp.obj
 .group         0x00000000        0xc CMakeFiles/build.elf.dir/libs/src/_cxx.cpp.obj
 .group         0x00000000        0xc CMakeFiles/build.elf.dir/libs/src/_cxx.cpp.obj
 .group         0x00000000        0xc CMakeFiles/build.elf.dir/libs/src/_cxx.cpp.obj
 .group         0x00000000        0xc CMakeFiles/build.elf.dir/libs/src/_cxx.cpp.obj
 .group         0x00000000        0xc CMakeFiles/build.elf.dir/libs/src/_cxx.cpp.obj
 .group         0x00000000        0xc CMakeFiles/build.elf.dir/libs/src/_cxx.cpp.obj
 .group         0x00000000        0xc CMakeFiles/build.elf.dir/libs/src/_cxx.cpp.obj
 .group         0x00000000        0xc CMakeFiles/build.elf.dir/libs/src/_cxx.cpp.obj
 .group         0x00000000        0xc CMakeFiles/build.elf.dir/libs/src/_cxx.cpp.obj
 .group         0x00000000        0xc CMakeFiles/build.elf.dir/libs/src/_cxx.cpp.obj
 .group         0x00000000        0xc CMakeFiles/build.elf.dir/libs/src/_cxx.cpp.obj
 .group         0x00000000        0xc CMakeFiles/build.elf.dir/libs/src/_cxx.cpp.obj
 .group         0x00000000        0xc CMakeFiles/build.elf.dir/libs/src/_cxx.cpp.obj
 .group         0x00000000        0xc CMakeFiles/build.elf.dir/libs/src/_cxx.cpp.obj
 .group         0x00000000        0xc CMakeFiles/build.elf.dir/libs/src/_cxx.cpp.obj
 .group         0x00000000        0xc CMakeFiles/build.elf.dir/libs/src/_cxx.cpp.obj
 .group         0x00000000        0xc CMakeFiles/build.elf.dir/libs/src/_cxx.cpp.obj
 .group         0x00000000        0xc CMakeFiles/build.elf.dir/libs/src/_cxx.cpp.obj
 .group         0x00000000        0xc CMakeFiles/build.elf.dir/libs/src/_cxx.cpp.obj
 .group         0x00000000        0xc CMakeFiles/build.elf.dir/libs/src/_cxx.cpp.obj
 .group         0x00000000        0xc CMakeFiles/build.elf.dir/libs/src/_cxx.cpp.obj
 .group         0x00000000        0xc CMakeFiles/build.elf.dir/libs/src/_cxx.cpp.obj
 .group         0x00000000        0xc CMakeFiles/build.elf.dir/libs/src/_cxx.cpp.obj
 .group         0x00000000        0xc CMakeFiles/build.elf.dir/libs/src/_cxx.cpp.obj
 .group         0x00000000        0xc CMakeFiles/build.elf.dir/libs/src/_cxx.cpp.obj
 .group         0x00000000        0xc CMakeFiles/build.elf.dir/libs/src/_cxx.cpp.obj
[...]
Memory Configuration

Name             Origin             Length             Attributes
FLASH            0x08000000         0x00080000         xr
AXIFLASH         0x00000000         0x00000000         xr
RAM              0x20000000         0x00020000         xrw
ITCM             0x20000000         0x00000000         xrw
DTCM             0x20000000         0x00000000         xrw
CCMRAM           0x00000000         0x00000000         xrw
EXTMEMB0         0x00000000         0x00000000         xr
EXTMEMB1         0x00000000         0x00000000         xr
EXTMEMB2         0x00000000         0x00000000         xr
EXTMEMB3         0x00000000         0x00000000         xr
MEMORY_ARRAY     0x00000000         0x00000000         xrw
*default*        0x00000000         0xffffffff

Linker script and memory map

LOAD CMakeFiles/build.elf.dir/libs/src/_cxx.cpp.obj
LOAD CMakeFiles/build.elf.dir/libs/src/_mem.c.obj
LOAD CMakeFiles/build.elf.dir/libs/src/_startup.c.obj
LOAD CMakeFiles/build.elf.dir/libs/src/_syscalls.c.obj
LOAD CMakeFiles/build.elf.dir/libs/src/system_init.cpp.obj
LOAD CMakeFiles/build.elf.dir/libs/src/system_stm32f4xx.c.obj
LOAD CMakeFiles/build.elf.dir/libs/src/xprintf.c.obj
LOAD CMakeFiles/build.elf.dir/libs/superlib/src/dma.cpp.obj
LOAD CMakeFiles/build.elf.dir/libs/superlib/src/mcu_base.cpp.obj
LOAD CMakeFiles/build.elf.dir/libs/superlib/src/os_abstraction.cpp.obj
LOAD CMakeFiles/build.elf.dir/libs/superlib/src/supergpio.cpp.obj
LOAD CMakeFiles/build.elf.dir/libs/superlib/src/uart.cpp.obj
LOAD CMakeFiles/build.elf.dir/scripts/startup_stm32f411xe.s.obj
LOAD CMakeFiles/build.elf.dir/src/main.cpp.obj
LOAD libs/FreeRTOS-Kernel/libfreertos_kernel.a
LOAD libs/FreeRTOS-Kernel/portable/libfreertos_kernel_port.a
LOAD libs/FreeRTOS-Kernel/libfreertos_kernel.a
LOAD libs/FreeRTOS-Kernel/portable/libfreertos_kernel_port.a
LOAD c:/users/daniil/desktop/embedded/gcc-arm-none-eabi-11.2/bin/../lib/gcc/arm-none-eabi/11.2.1/thumb/v7e-m+fp/hard\libstdc++_nano.a
LOAD c:/users/daniil/desktop/embedded/gcc-arm-none-eabi-11.2/bin/../lib/gcc/arm-none-eabi/11.2.1/thumb/v7e-m+fp/hard\libm.a
START GROUP
LOAD c:/users/daniil/desktop/embedded/gcc-arm-none-eabi-11.2/bin/../lib/gcc/arm-none-eabi/11.2.1/thumb/v7e-m+fp/hard\libgcc.a
LOAD c:/users/daniil/desktop/embedded/gcc-arm-none-eabi-11.2/bin/../lib/gcc/arm-none-eabi/11.2.1/thumb/v7e-m+fp/hard\libg_nano.a
LOAD c:/users/daniil/desktop/embedded/gcc-arm-none-eabi-11.2/bin/../lib/gcc/arm-none-eabi/11.2.1/thumb/v7e-m+fp/hard\libc_nano.a
END GROUP
START GROUP
LOAD c:/users/daniil/desktop/embedded/gcc-arm-none-eabi-11.2/bin/../lib/gcc/arm-none-eabi/11.2.1/thumb/v7e-m+fp/hard\libgcc.a
LOAD c:/users/daniil/desktop/embedded/gcc-arm-none-eabi-11.2/bin/../lib/gcc/arm-none-eabi/11.2.1/thumb/v7e-m+fp/hard\libc_nano.a
END GROUP
                0x20020000                __stack = (ORIGIN (RAM) + LENGTH (RAM))
                0x20020000                _estack = __stack
                0x00000200                __Main_Stack_Size = 0x200
                [!provide]                PROVIDE (_Main_Stack_Size = __Main_Stack_Size)
                0x2001fe00                __Main_Stack_Limit = (__stack - __Main_Stack_Size)
                [!provide]                PROVIDE (_Main_Stack_Limit = __Main_Stack_Limit)
                0x00000100                _Minimum_Stack_Size = 0x100
                [!provide]                PROVIDE (_Heap_Begin = _end_noinit)
                [!provide]                PROVIDE (_Heap_Limit = (__stack - __Main_Stack_Size))

.isr_vector     0x08000000      0x244
 FILL mask 0xff
                0x08000000                __vectors_start = ABSOLUTE (.)
                0x08000000                __vectors_start__ = ABSOLUTE (.)
 *(.isr_vector)
 .isr_vector    0x08000000      0x198 CMakeFiles/build.elf.dir/scripts/startup_stm32f411xe.s.obj
                0x08000000                g_pfnVectors
                0x08000198                __vectors_end = ABSOLUTE (.)
 *(.cfmconfig)
 *(.after_vectors .after_vectors.*)
 .after_vectors
                0x08000198       0xac CMakeFiles/build.elf.dir/libs/src/_startup.c.obj
                0x08000198                _start

.inits          0x08000244       0x2c
                0x08000244                __data_regions_array_start = .
                0x08000244        0x4 LONG 0x8002214 LOADADDR (.data)
                0x08000248        0x4 LONG 0x20000000 ADDR (.data)
                0x0800024c        0x4 LONG 0x20000028 (ADDR (.data) + SIZEOF (.data))
                0x08000250        0x4 LONG 0x8002214 LOADADDR (.data_CCMRAM)
                0x08000254        0x4 LONG 0x0 ADDR (.data_CCMRAM)
                0x08000258        0x4 LONG 0x0 (ADDR (.data_CCMRAM) + SIZEOF (.data_CCMRAM))
                0x0800025c                __data_regions_array_end = .
                0x0800025c                __bss_regions_array_start = .
                0x0800025c        0x4 LONG 0x20000200 ADDR (.bss)
                0x08000260        0x4 LONG 0x20005c30 (ADDR (.bss) + SIZEOF (.bss))
                0x08000264        0x4 LONG 0x0 ADDR (.bss_CCMRAM)
                0x08000268        0x4 LONG 0x0 (ADDR (.bss_CCMRAM) + SIZEOF (.bss_CCMRAM))
                0x0800026c                __bss_regions_array_end = .
 *(.init)
 *(.fini)
                0x0800026c                . = ALIGN (0x4)
                0x0800026c                PROVIDE (__preinit_array_start = .)
 *(.preinit_array_sysinit .preinit_array_sysinit.*)
 *(.preinit_array_platform .preinit_array_platform.*)
 *(.preinit_array .preinit_array.*)
                0x0800026c                PROVIDE (__preinit_array_end = .)
                0x0800026c                . = ALIGN (0x4)
                0x0800026c                PROVIDE (__init_array_start = .)
 *(SORT_BY_NAME(.init_array.*))
 *(.init_array)
 .init_array    0x0800026c        0x4 CMakeFiles/build.elf.dir/src/main.cpp.obj
                0x08000270                PROVIDE (__init_array_end = .)
                0x08000270                . = ALIGN (0x4)
                0x08000270                PROVIDE (__fini_array_start = .)
 *(SORT_BY_NAME(.fini_array.*))
 *(.fini_array)
                0x08000270                PROVIDE (__fini_array_end = .)

.flashtext
 *(.flashtext .flashtext.*)

.text           0x08000270     0x1fa1
 *(.text .text.*)
 .text.Default_Handler
                0x08000270       0x10 CMakeFiles/build.elf.dir/libs/src/system_init.cpp.obj
                0x08000270                Default_Handler
 .text.vApplicationGetIdleTaskMemory
                0x08000280       0x18 CMakeFiles/build.elf.dir/libs/src/system_init.cpp.obj
                0x08000280                vApplicationGetIdleTaskMemory
 .text.system_preinit
                0x08000298        0x2 CMakeFiles/build.elf.dir/libs/src/system_init.cpp.obj
                0x08000298                system_preinit
 *fill*         0x0800029a        0x2 
 .text.system_vectors_init
                0x0800029c       0x28 CMakeFiles/build.elf.dir/libs/src/system_init.cpp.obj
                0x0800029c                system_vectors_init
 .text.system_config
                0x080002c4       0xec CMakeFiles/build.elf.dir/libs/src/system_init.cpp.obj
                0x080002c4                system_config
 .text.SystemCoreClockUpdate
                0x080003b0       0xa0 CMakeFiles/build.elf.dir/libs/src/system_stm32f4xx.c.obj
                0x080003b0                SystemCoreClockUpdate
 .text.xputc    0x08000450       0x38 CMakeFiles/build.elf.dir/libs/src/xprintf.c.obj
                0x08000450                xputc
 .text.xputs    0x08000488       0x14 CMakeFiles/build.elf.dir/libs/src/xprintf.c.obj
                0x08000488                xputs
 .text.xvprintf
                0x0800049c      0x20a CMakeFiles/build.elf.dir/libs/src/xprintf.c.obj
 .text.xprintf  0x080006a6       0x1c CMakeFiles/build.elf.dir/libs/src/xprintf.c.obj
                0x080006a6                xprintf
 *fill*         0x080006c2        0x2 
 .text._ZN3mcu10set_vectorE9IRQn_TypePFvvE
                0x080006c4       0x10 CMakeFiles/build.elf.dir/libs/superlib/src/dma.cpp.obj
                0x080006c4                _ZN3mcu10set_vectorE9IRQn_TypePFvvE
 .text._ZN3mcu17dma_error_handlerEv
                0x080006d4        0x8 CMakeFiles/build.elf.dir/libs/superlib/src/dma.cpp.obj
                0x080006d4                _ZN3mcu17dma_error_handlerEv
 .text._ZN3mcu10dma_stream9get_eventEh
                0x080006dc       0x1c CMakeFiles/build.elf.dir/libs/superlib/src/dma.cpp.obj
                0x080006dc                _ZN3mcu10dma_stream9get_eventEh
 .text._ZN3mcu10dma_stream10get_statusEv
                0x080006f8       0x50 CMakeFiles/build.elf.dir/libs/superlib/src/dma.cpp.obj
                0x080006f8                _ZN3mcu10dma_stream10get_statusEv
 .text._ZN3mcu10dma_stream11clear_flagsENS_10dma_config5eventE
                0x08000748       0x60 CMakeFiles/build.elf.dir/libs/superlib/src/dma.cpp.obj
                0x08000748                _ZN3mcu10dma_stream11clear_flagsENS_10dma_config5eventE
 .text._ZN3mcu11dma_handlerEv
                0x080007a8       0x3c CMakeFiles/build.elf.dir/libs/superlib/src/dma.cpp.obj
                0x080007a8                _ZN3mcu11dma_handlerEv
 .text._ZN3mcu10dma_streamC2EP18DMA_Stream_TypeDefh9IRQn_Type
                0x080007e4       0x48 CMakeFiles/build.elf.dir/libs/superlib/src/dma.cpp.obj
                0x080007e4                _ZN3mcu10dma_streamC1EP18DMA_Stream_TypeDefh9IRQn_Type
                0x080007e4                _ZN3mcu10dma_streamC2EP18DMA_Stream_TypeDefh9IRQn_Type
 .text._ZN3mcu3dmaC2EP11DMA_TypeDefRVmmOSt5arrayINS_10dma_streamELj8EE
                0x0800082c       0x74 CMakeFiles/build.elf.dir/libs/superlib/src/dma.cpp.obj
                0x0800082c                _ZN3mcu3dmaC1EP11DMA_TypeDefRVmmOSt5arrayINS_10dma_streamELj8EE
                0x0800082c                _ZN3mcu3dmaC2EP11DMA_TypeDefRVmmOSt5arrayINS_10dma_streamELj8EE
 .text._ZN3mcu12register_objE9IRQn_TypePv
                0x080008a0       0x10 CMakeFiles/build.elf.dir/libs/superlib/src/mcu_base.cpp.obj
                0x080008a0                _ZN3mcu12register_objE9IRQn_TypePv
 .text._ZN3mcu14get_periph_objEv
                0x080008b0       0x10 CMakeFiles/build.elf.dir/libs/superlib/src/mcu_base.cpp.obj
                0x080008b0                _ZN3mcu14get_periph_objEv
 .text._ZN2os14os_abstraction4waitEv
                0x080008c0       0x18 CMakeFiles/build.elf.dir/libs/superlib/src/os_abstraction.cpp.obj
                0x080008c0                _ZN2os14os_abstraction4waitEv
 .text._ZN2os14os_abstraction13resumeFromISREv
                0x080008d8       0x30 CMakeFiles/build.elf.dir/libs/superlib/src/os_abstraction.cpp.obj
                0x080008d8                _ZN2os14os_abstraction13resumeFromISREv
 .text._Z15dma_tx_callbackPvN3mcu10dma_config5eventE
                0x08000908       0x28 CMakeFiles/build.elf.dir/libs/superlib/src/uart.cpp.obj
                0x08000908                _Z15dma_tx_callbackPvN3mcu10dma_config5eventE
 .text._ZN3mcu4uart14get_uart_eventEv
                0x08000930       0x2e CMakeFiles/build.elf.dir/libs/superlib/src/uart.cpp.obj
                0x08000930                _ZN3mcu4uart14get_uart_eventEv
 *fill*         0x0800095e        0x2 
 .text._ZN3mcu12uart_handlerEv
                0x08000960       0x64 CMakeFiles/build.elf.dir/libs/superlib/src/uart.cpp.obj
                0x08000960                _ZN3mcu12uart_handlerEv
 .text._ZN3mcu4uartC2EP13USART_TypeDefRVmm9IRQn_Type
                0x080009c4       0x4c CMakeFiles/build.elf.dir/libs/superlib/src/uart.cpp.obj
                0x080009c4                _ZN3mcu4uartC2EP13USART_TypeDefRVmm9IRQn_Type
                0x080009c4                _ZN3mcu4uartC1EP13USART_TypeDefRVmm9IRQn_Type
 .text._ZN3mcu4uart6configEmNS_8uart_cfg8stop_bitENS1_6parityE
                0x08000a10       0xa0 CMakeFiles/build.elf.dir/libs/superlib/src/uart.cpp.obj
                0x08000a10                _ZN3mcu4uart6configEmNS_8uart_cfg8stop_bitENS1_6parityE
 .text._ZN3mcu4uart7send_ITEPht
                0x08000ab0       0x38 CMakeFiles/build.elf.dir/libs/superlib/src/uart.cpp.obj
                0x08000ab0                _ZN3mcu4uart7send_ITEPht
 .text._ZN3mcu4uart8send_dmaEPht
                0x08000ae8      0x220 CMakeFiles/build.elf.dir/libs/superlib/src/uart.cpp.obj
                0x08000ae8                _ZN3mcu4uart8send_dmaEPht
 .text._ZN3mcu4uart9send_charEh
                0x08000d08       0x18 CMakeFiles/build.elf.dir/libs/superlib/src/uart.cpp.obj
                0x08000d08                _ZN3mcu4uart9send_charEh
 .text._ZZ9uart_taskPvENUlhE_4_FUNEh
                0x08000d20       0x10 CMakeFiles/build.elf.dir/src/main.cpp.obj
 .text._Z41__static_initialization_and_destruction_0ii
                0x08000d30      0x1a0 CMakeFiles/build.elf.dir/src/main.cpp.obj
 .text.main     0x08000ed0       0x40 CMakeFiles/build.elf.dir/src/main.cpp.obj
                0x08000ed0                main
 .text._ZN3mcu4gpio4initIJLh13EEEEvP12GPIO_TypeDefNS0_4modeENS0_4typeENS0_5speedENS0_4pupdENS0_2afE
                0x08000f10       0x70 CMakeFiles/build.elf.dir/src/main.cpp.obj
                0x08000f10                _ZN3mcu4gpio4initIJLh13EEEEvP12GPIO_TypeDefNS0_4modeENS0_4typeENS0_5speedENS0_4pupdENS0_2afE
 .text._Z10task_blinkPv
                0x08000f80       0x2c CMakeFiles/build.elf.dir/src/main.cpp.obj
                0x08000f80                _Z10task_blinkPv
 .text._ZN3mcu4gpio4initIJLh9ELh10EEEEvP12GPIO_TypeDefNS0_4modeENS0_4typeENS0_5speedENS0_4pupdENS0_2afE
                0x08000fac       0x90 CMakeFiles/build.elf.dir/src/main.cpp.obj
                0x08000fac                _ZN3mcu4gpio4initIJLh9ELh10EEEEvP12GPIO_TypeDefNS0_4modeENS0_4typeENS0_5speedENS0_4pupdENS0_2afE
 .text._Z9uart_taskPv
                0x0800103c       0x80 CMakeFiles/build.elf.dir/src/main.cpp.obj
                0x0800103c                _Z9uart_taskPv
 .text._GLOBAL__sub_I__Z12exti_handlerv
                0x080010bc        0xe CMakeFiles/build.elf.dir/src/main.cpp.obj
 *fill*         0x080010ca        0x2 
 .text.prvResetNextTaskUnblockTime
                0x080010cc       0x28 libs/FreeRTOS-Kernel/libfreertos_kernel.a(tasks.c.obj)
 .text.prvInitialiseNewTask
                0x080010f4       0x92 libs/FreeRTOS-Kernel/libfreertos_kernel.a(tasks.c.obj)
 *fill*         0x08001186        0x2 
 .text.prvInitialiseTaskLists
                0x08001188       0x68 libs/FreeRTOS-Kernel/libfreertos_kernel.a(tasks.c.obj)
 .text.prvAddNewTaskToReadyList
                0x080011f0       0xc8 libs/FreeRTOS-Kernel/libfreertos_kernel.a(tasks.c.obj)
 .text.prvDeleteTCB
                0x080012b8       0x38 libs/FreeRTOS-Kernel/libfreertos_kernel.a(tasks.c.obj)
 .text.prvCheckTasksWaitingTermination
                0x080012f0       0x4c libs/FreeRTOS-Kernel/libfreertos_kernel.a(tasks.c.obj)
 .text.prvIdleTask
                0x0800133c       0x28 libs/FreeRTOS-Kernel/libfreertos_kernel.a(tasks.c.obj)
 .text.prvAddCurrentTaskToDelayedList
                0x08001364       0xb0 libs/FreeRTOS-Kernel/libfreertos_kernel.a(tasks.c.obj)
 .text.xTaskCreateStatic
                0x08001414       0x96 libs/FreeRTOS-Kernel/libfreertos_kernel.a(tasks.c.obj)
                0x08001414                xTaskCreateStatic
 .text.xTaskCreate
                0x080014aa       0x70 libs/FreeRTOS-Kernel/libfreertos_kernel.a(tasks.c.obj)
                0x080014aa                xTaskCreate
 *fill*         0x0800151a        0x2 
 .text.vTaskStartScheduler
                0x0800151c       0x7c libs/FreeRTOS-Kernel/libfreertos_kernel.a(tasks.c.obj)
                0x0800151c                vTaskStartScheduler
 .text.vTaskSuspendAll
                0x08001598       0x10 libs/FreeRTOS-Kernel/libfreertos_kernel.a(tasks.c.obj)
                0x08001598                vTaskSuspendAll
 .text.xTaskIncrementTick
                0x080015a8      0x178 libs/FreeRTOS-Kernel/libfreertos_kernel.a(tasks.c.obj)
                0x080015a8                xTaskIncrementTick
 .text.xTaskResumeAll
                0x08001720      0x14c libs/FreeRTOS-Kernel/libfreertos_kernel.a(tasks.c.obj)
                0x08001720                xTaskResumeAll
 .text.vTaskDelay
                0x0800186c       0x4c libs/FreeRTOS-Kernel/libfreertos_kernel.a(tasks.c.obj)
                0x0800186c                vTaskDelay
 .text.vTaskSwitchContext
                0x080018b8       0x98 libs/FreeRTOS-Kernel/libfreertos_kernel.a(tasks.c.obj)
                0x080018b8                vTaskSwitchContext
 .text.xTaskGetCurrentTaskHandle
                0x08001950        0xc libs/FreeRTOS-Kernel/libfreertos_kernel.a(tasks.c.obj)
                0x08001950                xTaskGetCurrentTaskHandle
 .text.ulTaskGenericNotifyTake
                0x0800195c       0xac libs/FreeRTOS-Kernel/libfreertos_kernel.a(tasks.c.obj)
                0x0800195c                ulTaskGenericNotifyTake
 .text.vTaskGenericNotifyGiveFromISR
                0x08001a08      0x138 libs/FreeRTOS-Kernel/libfreertos_kernel.a(tasks.c.obj)
                0x08001a08                vTaskGenericNotifyGiveFromISR
 .text.prvHeapInit
                0x08001b40       0x58 libs/FreeRTOS-Kernel/libfreertos_kernel.a(heap_4.c.obj)
 .text.prvInsertBlockIntoFreeList
                0x08001b98       0x64 libs/FreeRTOS-Kernel/libfreertos_kernel.a(heap_4.c.obj)
 .text.pvPortMalloc
                0x08001bfc       0xf8 libs/FreeRTOS-Kernel/libfreertos_kernel.a(heap_4.c.obj)
                0x08001bfc                pvPortMalloc
 .text.vPortFree
                0x08001cf4       0x78 libs/FreeRTOS-Kernel/libfreertos_kernel.a(heap_4.c.obj)
                0x08001cf4                vPortFree
 .text.vListInitialise
                0x08001d6c       0x16 libs/FreeRTOS-Kernel/libfreertos_kernel.a(list.c.obj)
                0x08001d6c                vListInitialise
 .text.vListInitialiseItem
                0x08001d82        0x6 libs/FreeRTOS-Kernel/libfreertos_kernel.a(list.c.obj)
                0x08001d82                vListInitialiseItem
 .text.vListInsert
                0x08001d88       0x32 libs/FreeRTOS-Kernel/libfreertos_kernel.a(list.c.obj)
                0x08001d88                vListInsert
 .text.uxListRemove
                0x08001dba       0x26 libs/FreeRTOS-Kernel/libfreertos_kernel.a(list.c.obj)
                0x08001dba                uxListRemove
 .text.prvTaskExitError
                0x08001de0       0x40 libs/FreeRTOS-Kernel/portable/libfreertos_kernel_port.a(port.c.obj)
 .text.prvPortStartFirstTask
                0x08001e20       0x28 libs/FreeRTOS-Kernel/portable/libfreertos_kernel_port.a(port.c.obj)
 .text.vPortEnableVFP
                0x08001e48       0x14 libs/FreeRTOS-Kernel/portable/libfreertos_kernel_port.a(port.c.obj)
 .text.pxPortInitialiseStack
                0x08001e5c       0x2c libs/FreeRTOS-Kernel/portable/libfreertos_kernel_port.a(port.c.obj)
                0x08001e5c                pxPortInitialiseStack
 *fill*         0x08001e88        0x8 
 .text.SVC_Handler
                0x08001e90       0x24 libs/FreeRTOS-Kernel/portable/libfreertos_kernel_port.a(port.c.obj)
                0x08001e90                SVC_Handler
 .text.vPortEnterCritical
                0x08001eb4       0x44 libs/FreeRTOS-Kernel/portable/libfreertos_kernel_port.a(port.c.obj)
                0x08001eb4                vPortEnterCritical
 .text.vPortExitCritical
                0x08001ef8       0x2c libs/FreeRTOS-Kernel/portable/libfreertos_kernel_port.a(port.c.obj)
                0x08001ef8                vPortExitCritical
 *fill*         0x08001f24        0xc 
 .text.PendSV_Handler
                0x08001f30       0x64 libs/FreeRTOS-Kernel/portable/libfreertos_kernel_port.a(port.c.obj)
                0x08001f30                PendSV_Handler
 .text.SysTick_Handler
                0x08001f94       0x2c libs/FreeRTOS-Kernel/portable/libfreertos_kernel_port.a(port.c.obj)
                0x08001f94                SysTick_Handler
 .text.vPortSetupTimerInterrupt
                0x08001fc0       0x28 libs/FreeRTOS-Kernel/portable/libfreertos_kernel_port.a(port.c.obj)
                0x08001fc0                vPortSetupTimerInterrupt
 .text.xPortStartScheduler
                0x08001fe8      0x118 libs/FreeRTOS-Kernel/portable/libfreertos_kernel_port.a(port.c.obj)
                0x08001fe8                xPortStartScheduler
 .text.vPortValidateInterruptPriority
                0x08002100       0x5c libs/FreeRTOS-Kernel/portable/libfreertos_kernel_port.a(port.c.obj)
                0x08002100                vPortValidateInterruptPriority
 .text.memcpy   0x0800215c       0x1c c:/users/daniil/desktop/embedded/gcc-arm-none-eabi-11.2/bin/../lib/gcc/arm-none-eabi/11.2.1/thumb/v7e-m+fp/hard\libg_nano.a(lib_a-memcpy-stub.o)
                0x0800215c                memcpy
 .text.memset   0x08002178       0x10 c:/users/daniil/desktop/embedded/gcc-arm-none-eabi-11.2/bin/../lib/gcc/arm-none-eabi/11.2.1/thumb/v7e-m+fp/hard\libg_nano.a(lib_a-memset.o)
                0x08002178                memset
 *(.rodata .rodata.* .constdata .constdata.*)
 .rodata.AHBPrescTable
                0x08002188       0x10 CMakeFiles/build.elf.dir/libs/src/system_stm32f4xx.c.obj
                0x08002188                AHBPrescTable
 .rodata.main.str1.4
                0x08002198        0xd CMakeFiles/build.elf.dir/src/main.cpp.obj
 *fill*         0x080021a5        0x3 
 .rodata._Z9uart_taskPv.str1.4
                0x080021a8       0x62 CMakeFiles/build.elf.dir/src/main.cpp.obj
 *fill*         0x0800220a        0x2 
 .rodata.vTaskStartScheduler.str1.4
                0x0800220c        0x5 libs/FreeRTOS-Kernel/libfreertos_kernel.a(tasks.c.obj)
 *(vtable)
 *(.eh_frame*)
 *(.glue_7)
 .glue_7        0x08002211        0x0 linker stubs
 *(.glue_7t)
 .glue_7t       0x08002211        0x0 linker stubs

.vfp11_veneer   0x08002214        0x0
 .vfp11_veneer  0x08002214        0x0 linker stubs

.v4_bx          0x08002214        0x0
 .v4_bx         0x08002214        0x0 linker stubs

.iplt           0x08002214        0x0
 .iplt          0x08002214        0x0 CMakeFiles/build.elf.dir/libs/src/_startup.c.obj

.rel.dyn        0x08002214        0x0
 .rel.iplt      0x08002214        0x0 CMakeFiles/build.elf.dir/libs/src/_startup.c.obj

.ARM.extab
 *(.ARM.extab* .gnu.linkonce.armextab.*)
                0x08002214                . = ALIGN (0x4)
                0x08002214                __exidx_start = .

.ARM.exidx
 *(.ARM.exidx* .gnu.linkonce.armexidx.*)
                0x08002214                __exidx_end = .
                0x08002214                . = ALIGN (0x4)
                0x08002214                _etext = .
                0x08002214                __etext = .

.data_CCMRAM    0x00000000        0x0 load address 0x08002214
 FILL mask 0xff
 *(.data.CCMRAM .data.CCMRAM.*)
                0x00000000                . = ALIGN (0x4)
                0x08002214                _sidata = LOADADDR (.data)

.data           0x20000000       0x28 load address 0x08002214
 FILL mask 0xff
                0x20000000                _sdata = .
                0x20000000                __data_start__ = .
 *(.data_begin .data_begin.*)
 *(.data .data.*)
 .data.SystemCoreClock
                0x20000000        0x4 CMakeFiles/build.elf.dir/libs/src/system_stm32f4xx.c.obj
                0x20000000                SystemCoreClock
 .data._ZN3mcu10dma_config7routingL8uartX_txE
                0x20000004       0x12 CMakeFiles/build.elf.dir/libs/superlib/src/uart.cpp.obj
 *fill*         0x20000016        0x2 ff
 .data.baud     0x20000018        0x4 CMakeFiles/build.elf.dir/src/main.cpp.obj
                0x20000018                baud
 .data.ddel     0x2000001c        0x4 CMakeFiles/build.elf.dir/src/main.cpp.obj
                0x2000001c                ddel
 .data.uxTopUsedPriority
                0x20000020        0x4 libs/FreeRTOS-Kernel/libfreertos_kernel.a(tasks.c.obj)
                0x20000020                uxTopUsedPriority
 .data.uxCriticalNesting
                0x20000024        0x4 libs/FreeRTOS-Kernel/portable/libfreertos_kernel_port.a(port.c.obj)
 *(.data_end .data_end.*)
                0x20000028                . = ALIGN (0x4)
                0x20000028                _edata = .
                0x20000028                __data_end__ = .

.igot.plt       0x20000028        0x0 load address 0x0800223c
 .igot.plt      0x20000028        0x0 CMakeFiles/build.elf.dir/libs/src/_startup.c.obj

.bss_CCMRAM     0x00000000        0x0
 *(.bss.CCMRAM .bss.CCMRAM.*)

.bss            0x20000200     0x5a30
                0x20000200                __bss_start__ = .
                0x20000200                _sbss = .
 *(.bss_begin .bss_begin.*)
 *(.bss .bss.*)
 .bss._ZZ29vApplicationGetIdleTaskMemoryE12xIdleTaskTCB
                0x20000200       0x54 CMakeFiles/build.elf.dir/libs/src/system_init.cpp.obj
 .bss._ZZ29vApplicationGetIdleTaskMemoryE15uxIdleTaskStack
                0x20000254      0x100 CMakeFiles/build.elf.dir/libs/src/system_init.cpp.obj
 *fill*         0x20000354       0xac 
 .bss.vectors   0x20000400      0x200 CMakeFiles/build.elf.dir/libs/src/system_init.cpp.obj
                0x20000400                vectors
 .bss.outptr    0x20000600        0x4 CMakeFiles/build.elf.dir/libs/src/xprintf.c.obj
 .bss.xfunc_out
                0x20000604        0x4 CMakeFiles/build.elf.dir/libs/src/xprintf.c.obj
                0x20000604                xfunc_out
 .bss._ZN3mcu3dma7dma_idxE
                0x20000608        0xc CMakeFiles/build.elf.dir/libs/superlib/src/dma.cpp.obj
                0x20000608                _ZN3mcu3dma7dma_idxE
 .bss._ZN3mcu16periph_obj_indexE
                0x20000614      0x200 CMakeFiles/build.elf.dir/libs/superlib/src/mcu_base.cpp.obj
                0x20000614                _ZN3mcu16periph_obj_indexE
 .bss.dma1      0x20000814       0xb4 CMakeFiles/build.elf.dir/src/main.cpp.obj
                0x20000814                dma1
 .bss.dma2      0x200008c8       0xb4 CMakeFiles/build.elf.dir/src/main.cpp.obj
                0x200008c8                dma2
 .bss.uart1     0x2000097c       0x84 CMakeFiles/build.elf.dir/src/main.cpp.obj
                0x2000097c                uart1
 .bss.uart2     0x20000a00       0x84 CMakeFiles/build.elf.dir/src/main.cpp.obj
                0x20000a00                uart2
 .bss.uart6     0x20000a84       0x84 CMakeFiles/build.elf.dir/src/main.cpp.obj
                0x20000a84                uart6
 .bss.pxCurrentTCB
                0x20000b08        0x4 libs/FreeRTOS-Kernel/libfreertos_kernel.a(tasks.c.obj)
                0x20000b08                pxCurrentTCB
 .bss.pxDelayedTaskList
                0x20000b0c        0x4 libs/FreeRTOS-Kernel/libfreertos_kernel.a(tasks.c.obj)
 .bss.pxOverflowDelayedTaskList
                0x20000b10        0x4 libs/FreeRTOS-Kernel/libfreertos_kernel.a(tasks.c.obj)
 .bss.pxReadyTasksLists
                0x20000b14       0x64 libs/FreeRTOS-Kernel/libfreertos_kernel.a(tasks.c.obj)
 .bss.uxCurrentNumberOfTasks
                0x20000b78        0x4 libs/FreeRTOS-Kernel/libfreertos_kernel.a(tasks.c.obj)
 .bss.uxDeletedTasksWaitingCleanUp
                0x20000b7c        0x4 libs/FreeRTOS-Kernel/libfreertos_kernel.a(tasks.c.obj)
 .bss.uxSchedulerSuspended
                0x20000b80        0x4 libs/FreeRTOS-Kernel/libfreertos_kernel.a(tasks.c.obj)
 .bss.uxTaskNumber
                0x20000b84        0x4 libs/FreeRTOS-Kernel/libfreertos_kernel.a(tasks.c.obj)
 .bss.uxTopReadyPriority
                0x20000b88        0x4 libs/FreeRTOS-Kernel/libfreertos_kernel.a(tasks.c.obj)
 .bss.xDelayedTaskList1
                0x20000b8c       0x14 libs/FreeRTOS-Kernel/libfreertos_kernel.a(tasks.c.obj)
 .bss.xDelayedTaskList2
                0x20000ba0       0x14 libs/FreeRTOS-Kernel/libfreertos_kernel.a(tasks.c.obj)
 .bss.xIdleTaskHandle
                0x20000bb4        0x4 libs/FreeRTOS-Kernel/libfreertos_kernel.a(tasks.c.obj)
 .bss.xNextTaskUnblockTime
                0x20000bb8        0x4 libs/FreeRTOS-Kernel/libfreertos_kernel.a(tasks.c.obj)
 .bss.xNumOfOverflows
                0x20000bbc        0x4 libs/FreeRTOS-Kernel/libfreertos_kernel.a(tasks.c.obj)
 .bss.xPendedTicks
                0x20000bc0        0x4 libs/FreeRTOS-Kernel/libfreertos_kernel.a(tasks.c.obj)
 .bss.xPendingReadyList
                0x20000bc4       0x14 libs/FreeRTOS-Kernel/libfreertos_kernel.a(tasks.c.obj)
 .bss.xSchedulerRunning
                0x20000bd8        0x4 libs/FreeRTOS-Kernel/libfreertos_kernel.a(tasks.c.obj)
 .bss.xSuspendedTaskList
                0x20000bdc       0x14 libs/FreeRTOS-Kernel/libfreertos_kernel.a(tasks.c.obj)
 .bss.xTasksWaitingTermination
                0x20000bf0       0x14 libs/FreeRTOS-Kernel/libfreertos_kernel.a(tasks.c.obj)
 .bss.xTickCount
                0x20000c04        0x4 libs/FreeRTOS-Kernel/libfreertos_kernel.a(tasks.c.obj)
 .bss.xYieldPending
                0x20000c08        0x4 libs/FreeRTOS-Kernel/libfreertos_kernel.a(tasks.c.obj)
 .bss.pxEnd     0x20000c0c        0x4 libs/FreeRTOS-Kernel/libfreertos_kernel.a(heap_4.c.obj)
 .bss.ucHeap    0x20000c10     0x5000 libs/FreeRTOS-Kernel/libfreertos_kernel.a(heap_4.c.obj)
 .bss.xFreeBytesRemaining
                0x20005c10        0x4 libs/FreeRTOS-Kernel/libfreertos_kernel.a(heap_4.c.obj)
 .bss.xMinimumEverFreeBytesRemaining
                0x20005c14        0x4 libs/FreeRTOS-Kernel/libfreertos_kernel.a(heap_4.c.obj)
 .bss.xNumberOfSuccessfulAllocations
                0x20005c18        0x4 libs/FreeRTOS-Kernel/libfreertos_kernel.a(heap_4.c.obj)
 .bss.xNumberOfSuccessfulFrees
                0x20005c1c        0x4 libs/FreeRTOS-Kernel/libfreertos_kernel.a(heap_4.c.obj)
 .bss.xStart    0x20005c20        0x8 libs/FreeRTOS-Kernel/libfreertos_kernel.a(heap_4.c.obj)
 .bss.ucMaxSysCallPriority
                0x20005c28        0x1 libs/FreeRTOS-Kernel/portable/libfreertos_kernel_port.a(port.c.obj)
 *fill*         0x20005c29        0x3 
 .bss.ulMaxPRIGROUPValue
                0x20005c2c        0x4 libs/FreeRTOS-Kernel/portable/libfreertos_kernel_port.a(port.c.obj)
 *(COMMON)
 *(.bss_end .bss_end.*)
                0x20005c30                . = ALIGN (0x4)
                0x20005c30                __bss_end__ = .
                0x20005c30                _ebss = .

.noinit_CCMRAM
 *(.noinit.CCMRAM .noinit.CCMRAM.*)

.noinit         0x20005c30        0x0
                0x20005c30                _noinit = .
 *(.noinit .noinit.*)
                0x20005c30                . = ALIGN (0x4)
                0x20005c30                _end_noinit = .
                [!provide]                PROVIDE (end = _end_noinit)
                [!provide]                PROVIDE (_end = _end_noinit)
                [!provide]                PROVIDE (__end = _end_noinit)
                [!provide]                PROVIDE (__end__ = _end_noinit)

._check_stack   0x20005c30      0x200
                0x20005e30                . = (. + __Main_Stack_Size)
 *fill*         0x20005c30      0x200 

.eb0text
 *(.eb0text)
 *(.eb0rodata)
 *(.eb0rodata.*)

.eb1text
 *(.eb1text)
 *(.eb1rodata)
 *(.eb1rodata.*)

.eb2text
 *(.eb2text)
 *(.eb2rodata)
 *(.eb2rodata.*)

.eb3text
 *(.eb3text)
 *(.eb3rodata)
 *(.eb3rodata.*)

DISCARD
 libc.a(*)
 libm.a(*)
 libgcc.a(*)

.stab
 *(.stab)

.stabstr
 *(.stabstr)

.stab.excl
 *(.stab.excl)

.stab.exclstr
 *(.stab.exclstr)

.stab.index
 *(.stab.index)

.stab.indexstr
 *(.stab.indexstr)

.comment        0x00000000       0x57
 *(.comment)
 .comment       0x00000000       0x57 CMakeFiles/build.elf.dir/libs/src/_startup.c.obj
                                 0x58 (size before relaxing)
 .comment       0x00000057       0x58 CMakeFiles/build.elf.dir/libs/src/system_init.cpp.obj
 .comment       0x00000057       0x58 CMakeFiles/build.elf.dir/libs/src/system_stm32f4xx.c.obj
 .comment       0x00000057       0x58 CMakeFiles/build.elf.dir/libs/src/xprintf.c.obj
 .comment       0x00000057       0x58 CMakeFiles/build.elf.dir/libs/superlib/src/dma.cpp.obj
 .comment       0x00000057       0x58 CMakeFiles/build.elf.dir/libs/superlib/src/mcu_base.cpp.obj
 .comment       0x00000057       0x58 CMakeFiles/build.elf.dir/libs/superlib/src/os_abstraction.cpp.obj
 .comment       0x00000057       0x58 CMakeFiles/build.elf.dir/libs/superlib/src/uart.cpp.obj
 .comment       0x00000057       0x58 CMakeFiles/build.elf.dir/src/main.cpp.obj
 .comment       0x00000057       0x58 libs/FreeRTOS-Kernel/libfreertos_kernel.a(tasks.c.obj)
 .comment       0x00000057       0x58 libs/FreeRTOS-Kernel/libfreertos_kernel.a(heap_4.c.obj)
 .comment       0x00000057       0x58 libs/FreeRTOS-Kernel/libfreertos_kernel.a(list.c.obj)
 .comment       0x00000057       0x58 libs/FreeRTOS-Kernel/portable/libfreertos_kernel_port.a(port.c.obj)
 .comment       0x00000057       0x58 c:/users/daniil/desktop/embedded/gcc-arm-none-eabi-11.2/bin/../lib/gcc/arm-none-eabi/11.2.1/thumb/v7e-m+fp/hard\libg_nano.a(lib_a-memcpy-stub.o)
 .comment       0x00000057       0x58 c:/users/daniil/desktop/embedded/gcc-arm-none-eabi-11.2/bin/../lib/gcc/arm-none-eabi/11.2.1/thumb/v7e-m+fp/hard\libg_nano.a(lib_a-memset.o)

.ARM.attributes
                0x00000000       0x32
 .ARM.attributes
                0x00000000       0x34 CMakeFiles/build.elf.dir/libs/src/_startup.c.obj
 .ARM.attributes
                0x00000034       0x34 CMakeFiles/build.elf.dir/libs/src/system_init.cpp.obj
 .ARM.attributes
                0x00000068       0x34 CMakeFiles/build.elf.dir/libs/src/system_stm32f4xx.c.obj
 .ARM.attributes
                0x0000009c       0x34 CMakeFiles/build.elf.dir/libs/src/xprintf.c.obj
 .ARM.attributes
                0x000000d0       0x34 CMakeFiles/build.elf.dir/libs/superlib/src/dma.cpp.obj
 .ARM.attributes
                0x00000104       0x34 CMakeFiles/build.elf.dir/libs/superlib/src/mcu_base.cpp.obj
 .ARM.attributes
                0x00000138       0x34 CMakeFiles/build.elf.dir/libs/superlib/src/os_abstraction.cpp.obj
 .ARM.attributes
                0x0000016c       0x34 CMakeFiles/build.elf.dir/libs/superlib/src/uart.cpp.obj
 .ARM.attributes
                0x000001a0       0x21 CMakeFiles/build.elf.dir/scripts/startup_stm32f411xe.s.obj
 .ARM.attributes
                0x000001c1       0x34 CMakeFiles/build.elf.dir/src/main.cpp.obj
 .ARM.attributes
                0x000001f5       0x34 libs/FreeRTOS-Kernel/libfreertos_kernel.a(tasks.c.obj)
 .ARM.attributes
                0x00000229       0x34 libs/FreeRTOS-Kernel/libfreertos_kernel.a(heap_4.c.obj)
 .ARM.attributes
                0x0000025d       0x34 libs/FreeRTOS-Kernel/libfreertos_kernel.a(list.c.obj)
 .ARM.attributes
                0x00000291       0x34 libs/FreeRTOS-Kernel/portable/libfreertos_kernel_port.a(port.c.obj)
 .ARM.attributes
                0x000002c5       0x34 c:/users/daniil/desktop/embedded/gcc-arm-none-eabi-11.2/bin/../lib/gcc/arm-none-eabi/11.2.1/thumb/v7e-m+fp/hard\libg_nano.a(lib_a-memcpy-stub.o)
 .ARM.attributes
                0x000002f9       0x34 c:/users/daniil/desktop/embedded/gcc-arm-none-eabi-11.2/bin/../lib/gcc/arm-none-eabi/11.2.1/thumb/v7e-m+fp/hard\libg_nano.a(lib_a-memset.o)

.debug
 *(.debug)

.line
 *(.line)

.debug_srcinfo
 *(.debug_srcinfo)

.debug_sfnames
 *(.debug_sfnames)

.debug_aranges  0x00000000      0x608
 *(.debug_aranges)
 .debug_aranges
                0x00000000       0x40 CMakeFiles/build.elf.dir/libs/src/_startup.c.obj
 .debug_aranges
                0x00000040       0x48 CMakeFiles/build.elf.dir/libs/src/system_init.cpp.obj
 .debug_aranges
                0x00000088       0x28 CMakeFiles/build.elf.dir/libs/src/system_stm32f4xx.c.obj
 .debug_aranges
                0x000000b0       0x78 CMakeFiles/build.elf.dir/libs/src/xprintf.c.obj
 .debug_aranges
                0x00000128       0x58 CMakeFiles/build.elf.dir/libs/superlib/src/dma.cpp.obj
 .debug_aranges
                0x00000180       0x38 CMakeFiles/build.elf.dir/libs/superlib/src/mcu_base.cpp.obj
 .debug_aranges
                0x000001b8       0x28 CMakeFiles/build.elf.dir/libs/superlib/src/os_abstraction.cpp.obj
 .debug_aranges
                0x000001e0       0x70 CMakeFiles/build.elf.dir/libs/superlib/src/uart.cpp.obj
 .debug_aranges
                0x00000250       0x68 CMakeFiles/build.elf.dir/src/main.cpp.obj
 .debug_aranges
                0x000002b8      0x1f0 libs/FreeRTOS-Kernel/libfreertos_kernel.a(tasks.c.obj)
 .debug_aranges
                0x000004a8       0x60 libs/FreeRTOS-Kernel/libfreertos_kernel.a(heap_4.c.obj)
 .debug_aranges
                0x00000508       0x40 libs/FreeRTOS-Kernel/libfreertos_kernel.a(list.c.obj)
 .debug_aranges
                0x00000548       0x80 libs/FreeRTOS-Kernel/portable/libfreertos_kernel_port.a(port.c.obj)
 .debug_aranges
                0x000005c8       0x20 c:/users/daniil/desktop/embedded/gcc-arm-none-eabi-11.2/bin/../lib/gcc/arm-none-eabi/11.2.1/thumb/v7e-m+fp/hard\libg_nano.a(lib_a-memcpy-stub.o)
 .debug_aranges
                0x000005e8       0x20 c:/users/daniil/desktop/embedded/gcc-arm-none-eabi-11.2/bin/../lib/gcc/arm-none-eabi/11.2.1/thumb/v7e-m+fp/hard\libg_nano.a(lib_a-memset.o)

.debug_pubnames
 *(.debug_pubnames)

.debug_info     0x00000000    0x1a4f8
 *(.debug_info .gnu.linkonce.wi.*)
 .debug_info    0x00000000      0x495 CMakeFiles/build.elf.dir/libs/src/_startup.c.obj
 .debug_info    0x00000495      0xe68 CMakeFiles/build.elf.dir/libs/src/system_init.cpp.obj
 .debug_info    0x000012fd      0x550 CMakeFiles/build.elf.dir/libs/src/system_stm32f4xx.c.obj
 .debug_info    0x0000184d      0x7c9 CMakeFiles/build.elf.dir/libs/src/xprintf.c.obj
 .debug_info    0x00002016     0x585d CMakeFiles/build.elf.dir/libs/superlib/src/dma.cpp.obj
 .debug_info    0x00007873      0x82d CMakeFiles/build.elf.dir/libs/superlib/src/mcu_base.cpp.obj
 .debug_info    0x000080a0      0x25c CMakeFiles/build.elf.dir/libs/superlib/src/os_abstraction.cpp.obj
 .debug_info    0x000082fc     0x6419 CMakeFiles/build.elf.dir/libs/superlib/src/uart.cpp.obj
 .debug_info    0x0000e715     0x7b46 CMakeFiles/build.elf.dir/src/main.cpp.obj
 .debug_info    0x0001625b     0x3222 libs/FreeRTOS-Kernel/libfreertos_kernel.a(tasks.c.obj)
 .debug_info    0x0001947d      0x65e libs/FreeRTOS-Kernel/libfreertos_kernel.a(heap_4.c.obj)
 .debug_info    0x00019adb      0x2c3 libs/FreeRTOS-Kernel/libfreertos_kernel.a(list.c.obj)
 .debug_info    0x00019d9e      0x559 libs/FreeRTOS-Kernel/portable/libfreertos_kernel_port.a(port.c.obj)
 .debug_info    0x0001a2f7      0x121 c:/users/daniil/desktop/embedded/gcc-arm-none-eabi-11.2/bin/../lib/gcc/arm-none-eabi/11.2.1/thumb/v7e-m+fp/hard\libg_nano.a(lib_a-memcpy-stub.o)
 .debug_info    0x0001a418       0xe0 c:/users/daniil/desktop/embedded/gcc-arm-none-eabi-11.2/bin/../lib/gcc/arm-none-eabi/11.2.1/thumb/v7e-m+fp/hard\libg_nano.a(lib_a-memset.o)

.debug_abbrev   0x00000000     0x3066
 *(.debug_abbrev)
 .debug_abbrev  0x00000000      0x234 CMakeFiles/build.elf.dir/libs/src/_startup.c.obj
 .debug_abbrev  0x00000234      0x393 CMakeFiles/build.elf.dir/libs/src/system_init.cpp.obj
 .debug_abbrev  0x000005c7      0x120 CMakeFiles/build.elf.dir/libs/src/system_stm32f4xx.c.obj
 .debug_abbrev  0x000006e7      0x292 CMakeFiles/build.elf.dir/libs/src/xprintf.c.obj
 .debug_abbrev  0x00000979      0x6c4 CMakeFiles/build.elf.dir/libs/superlib/src/dma.cpp.obj
 .debug_abbrev  0x0000103d      0x2dc CMakeFiles/build.elf.dir/libs/superlib/src/mcu_base.cpp.obj
 .debug_abbrev  0x00001319      0x182 CMakeFiles/build.elf.dir/libs/superlib/src/os_abstraction.cpp.obj
 .debug_abbrev  0x0000149b      0x7e7 CMakeFiles/build.elf.dir/libs/superlib/src/uart.cpp.obj
 .debug_abbrev  0x00001c82      0x876 CMakeFiles/build.elf.dir/src/main.cpp.obj
 .debug_abbrev  0x000024f8      0x3b3 libs/FreeRTOS-Kernel/libfreertos_kernel.a(tasks.c.obj)
 .debug_abbrev  0x000028ab      0x2bb libs/FreeRTOS-Kernel/libfreertos_kernel.a(heap_4.c.obj)
 .debug_abbrev  0x00002b66      0x10c libs/FreeRTOS-Kernel/libfreertos_kernel.a(list.c.obj)
 .debug_abbrev  0x00002c72      0x295 libs/FreeRTOS-Kernel/portable/libfreertos_kernel_port.a(port.c.obj)
 .debug_abbrev  0x00002f07       0xc1 c:/users/daniil/desktop/embedded/gcc-arm-none-eabi-11.2/bin/../lib/gcc/arm-none-eabi/11.2.1/thumb/v7e-m+fp/hard\libg_nano.a(lib_a-memcpy-stub.o)
 .debug_abbrev  0x00002fc8       0x9e c:/users/daniil/desktop/embedded/gcc-arm-none-eabi-11.2/bin/../lib/gcc/arm-none-eabi/11.2.1/thumb/v7e-m+fp/hard\libg_nano.a(lib_a-memset.o)

.debug_line     0x00000000     0xa9de
 *(.debug_line)
 .debug_line    0x00000000      0x576 CMakeFiles/build.elf.dir/libs/src/_startup.c.obj
 .debug_line    0x00000576      0xab4 CMakeFiles/build.elf.dir/libs/src/system_init.cpp.obj
 .debug_line    0x0000102a      0x45e CMakeFiles/build.elf.dir/libs/src/system_stm32f4xx.c.obj
 .debug_line    0x00001488      0x95c CMakeFiles/build.elf.dir/libs/src/xprintf.c.obj
 .debug_line    0x00001de4      0xcd7 CMakeFiles/build.elf.dir/libs/superlib/src/dma.cpp.obj
 .debug_line    0x00002abb      0x828 CMakeFiles/build.elf.dir/libs/superlib/src/mcu_base.cpp.obj
 .debug_line    0x000032e3      0x786 CMakeFiles/build.elf.dir/libs/superlib/src/os_abstraction.cpp.obj
 .debug_line    0x00003a69     0x10ad CMakeFiles/build.elf.dir/libs/superlib/src/uart.cpp.obj
 .debug_line    0x00004b16      0xe07 CMakeFiles/build.elf.dir/src/main.cpp.obj
 .debug_line    0x0000591d     0x3106 libs/FreeRTOS-Kernel/libfreertos_kernel.a(tasks.c.obj)
 .debug_line    0x00008a23      0xb4b libs/FreeRTOS-Kernel/libfreertos_kernel.a(heap_4.c.obj)
 .debug_line    0x0000956e      0x76b libs/FreeRTOS-Kernel/libfreertos_kernel.a(list.c.obj)
 .debug_line    0x00009cd9      0x9fe libs/FreeRTOS-Kernel/portable/libfreertos_kernel_port.a(port.c.obj)
 .debug_line    0x0000a6d7      0x191 c:/users/daniil/desktop/embedded/gcc-arm-none-eabi-11.2/bin/../lib/gcc/arm-none-eabi/11.2.1/thumb/v7e-m+fp/hard\libg_nano.a(lib_a-memcpy-stub.o)
 .debug_line    0x0000a868      0x176 c:/users/daniil/desktop/embedded/gcc-arm-none-eabi-11.2/bin/../lib/gcc/arm-none-eabi/11.2.1/thumb/v7e-m+fp/hard\libg_nano.a(lib_a-memset.o)

.debug_frame    0x00000000      0xf24
 *(.debug_frame)
 .debug_frame   0x00000000       0x80 CMakeFiles/build.elf.dir/libs/src/_startup.c.obj
 .debug_frame   0x00000080       0x84 CMakeFiles/build.elf.dir/libs/src/system_init.cpp.obj
 .debug_frame   0x00000104       0x30 CMakeFiles/build.elf.dir/libs/src/system_stm32f4xx.c.obj
 .debug_frame   0x00000134      0x1b8 CMakeFiles/build.elf.dir/libs/src/xprintf.c.obj
 .debug_frame   0x000002ec       0xc4 CMakeFiles/build.elf.dir/libs/superlib/src/dma.cpp.obj
 .debug_frame   0x000003b0       0x5c CMakeFiles/build.elf.dir/libs/superlib/src/mcu_base.cpp.obj
 .debug_frame   0x0000040c       0x48 CMakeFiles/build.elf.dir/libs/superlib/src/os_abstraction.cpp.obj
 .debug_frame   0x00000454      0x108 CMakeFiles/build.elf.dir/libs/superlib/src/uart.cpp.obj
 .debug_frame   0x0000055c      0x11c CMakeFiles/build.elf.dir/src/main.cpp.obj
 .debug_frame   0x00000678      0x5f8 libs/FreeRTOS-Kernel/libfreertos_kernel.a(tasks.c.obj)
 .debug_frame   0x00000c70       0xec libs/FreeRTOS-Kernel/libfreertos_kernel.a(heap_4.c.obj)
 .debug_frame   0x00000d5c       0x70 libs/FreeRTOS-Kernel/libfreertos_kernel.a(list.c.obj)
 .debug_frame   0x00000dcc      0x110 libs/FreeRTOS-Kernel/portable/libfreertos_kernel_port.a(port.c.obj)
 .debug_frame   0x00000edc       0x28 c:/users/daniil/desktop/embedded/gcc-arm-none-eabi-11.2/bin/../lib/gcc/arm-none-eabi/11.2.1/thumb/v7e-m+fp/hard\libg_nano.a(lib_a-memcpy-stub.o)
 .debug_frame   0x00000f04       0x20 c:/users/daniil/desktop/embedded/gcc-arm-none-eabi-11.2/bin/../lib/gcc/arm-none-eabi/11.2.1/thumb/v7e-m+fp/hard\libg_nano.a(lib_a-memset.o)

.debug_str      0x00000000    0x68a78
 *(.debug_str)
 .debug_str     0x00000000     0x61ec CMakeFiles/build.elf.dir/libs/src/_startup.c.obj
                               0x63ec (size before relaxing)
 .debug_str     0x000061ec    0x55782 CMakeFiles/build.elf.dir/libs/src/system_init.cpp.obj
                              0x5ae5c (size before relaxing)
 .debug_str     0x0005b96e       0xf1 CMakeFiles/build.elf.dir/libs/src/system_stm32f4xx.c.obj
                              0x4fb1b (size before relaxing)
 .debug_str     0x0005ba5f      0x2f4 CMakeFiles/build.elf.dir/libs/src/xprintf.c.obj
                               0x317c (size before relaxing)
 .debug_str     0x0005bd53     0x8214 CMakeFiles/build.elf.dir/libs/superlib/src/dma.cpp.obj
                              0x6055a (size before relaxing)
 .debug_str     0x00063f67       0xcd CMakeFiles/build.elf.dir/libs/superlib/src/mcu_base.cpp.obj
                              0x582a3 (size before relaxing)
 .debug_str     0x00064034       0xb7 CMakeFiles/build.elf.dir/libs/superlib/src/os_abstraction.cpp.obj
                              0x57dba (size before relaxing)
 .debug_str     0x000640eb      0x7b3 CMakeFiles/build.elf.dir/libs/superlib/src/uart.cpp.obj
                              0x60bd9 (size before relaxing)
 .debug_str     0x0006489e     0x11f7 CMakeFiles/build.elf.dir/src/main.cpp.obj
                              0x6442f (size before relaxing)
 .debug_str     0x00065a95     0x1f18 libs/FreeRTOS-Kernel/libfreertos_kernel.a(tasks.c.obj)
                              0x59095 (size before relaxing)
 .debug_str     0x000679ad      0x61c libs/FreeRTOS-Kernel/libfreertos_kernel.a(heap_4.c.obj)
                              0x576ea (size before relaxing)
 .debug_str     0x00067fc9       0x8e libs/FreeRTOS-Kernel/libfreertos_kernel.a(list.c.obj)
                              0x55f12 (size before relaxing)
 .debug_str     0x00068057      0x7a1 libs/FreeRTOS-Kernel/portable/libfreertos_kernel_port.a(port.c.obj)
                              0x55132 (size before relaxing)
 .debug_str     0x000687f8      0x198 c:/users/daniil/desktop/embedded/gcc-arm-none-eabi-11.2/bin/../lib/gcc/arm-none-eabi/11.2.1/thumb/v7e-m+fp/hard\libg_nano.a(lib_a-memcpy-stub.o)
                                0x23b (size before relaxing)
 .debug_str     0x00068990       0xe8 c:/users/daniil/desktop/embedded/gcc-arm-none-eabi-11.2/bin/../lib/gcc/arm-none-eabi/11.2.1/thumb/v7e-m+fp/hard\libg_nano.a(lib_a-memset.o)
                                0x218 (size before relaxing)

.debug_loc
 *(.debug_loc)

.debug_macinfo
 *(.debug_macinfo)

.debug_weaknames
 *(.debug_weaknames)

.debug_funcnames
 *(.debug_funcnames)

.debug_typenames
 *(.debug_typenames)

.debug_varnames
 *(.debug_varnames)
OUTPUT(build.elf elf32-littlearm)
LOAD linker stubs
LOAD c:/users/daniil/desktop/embedded/gcc-arm-none-eabi-11.2/bin/../lib/gcc/arm-none-eabi/11.2.1/thumb/v7e-m+fp/hard\libc.a
LOAD c:/users/daniil/desktop/embedded/gcc-arm-none-eabi-11.2/bin/../lib/gcc/arm-none-eabi/11.2.1/thumb/v7e-m+fp/hard\libm.a
LOAD c:/users/daniil/desktop/embedded/gcc-arm-none-eabi-11.2/bin/../lib/gcc/arm-none-eabi/11.2.1/thumb/v7e-m+fp/hard\libgcc.a

.debug_loclists
                0x00000000     0x360b
 .debug_loclists
                0x00000000      0x22b CMakeFiles/build.elf.dir/libs/src/_startup.c.obj
 .debug_loclists
                0x0000022b       0x5f CMakeFiles/build.elf.dir/libs/src/system_init.cpp.obj
 .debug_loclists
                0x0000028a       0xdb CMakeFiles/build.elf.dir/libs/src/system_stm32f4xx.c.obj
 .debug_loclists
                0x00000365      0x756 CMakeFiles/build.elf.dir/libs/src/xprintf.c.obj
 .debug_loclists
                0x00000abb      0x504 CMakeFiles/build.elf.dir/libs/superlib/src/dma.cpp.obj
 .debug_loclists
                0x00000fbf       0xf1 CMakeFiles/build.elf.dir/libs/superlib/src/mcu_base.cpp.obj
 .debug_loclists
                0x000010b0       0x34 CMakeFiles/build.elf.dir/libs/superlib/src/os_abstraction.cpp.obj
 .debug_loclists
                0x000010e4      0x6c7 CMakeFiles/build.elf.dir/libs/superlib/src/uart.cpp.obj
 .debug_loclists
                0x000017ab      0x1b2 CMakeFiles/build.elf.dir/src/main.cpp.obj
 .debug_loclists
                0x0000195d     0x179c libs/FreeRTOS-Kernel/libfreertos_kernel.a(tasks.c.obj)
 .debug_loclists
                0x000030f9      0x312 libs/FreeRTOS-Kernel/libfreertos_kernel.a(heap_4.c.obj)
 .debug_loclists
                0x0000340b       0x6f libs/FreeRTOS-Kernel/libfreertos_kernel.a(list.c.obj)
 .debug_loclists
                0x0000347a       0xbb libs/FreeRTOS-Kernel/portable/libfreertos_kernel_port.a(port.c.obj)
 .debug_loclists
                0x00003535       0x8f c:/users/daniil/desktop/embedded/gcc-arm-none-eabi-11.2/bin/../lib/gcc/arm-none-eabi/11.2.1/thumb/v7e-m+fp/hard\libg_nano.a(lib_a-memcpy-stub.o)
 .debug_loclists
                0x000035c4       0x47 c:/users/daniil/desktop/embedded/gcc-arm-none-eabi-11.2/bin/../lib/gcc/arm-none-eabi/11.2.1/thumb/v7e-m+fp/hard\libg_nano.a(lib_a-memset.o)

.debug_rnglists
                0x00000000      0x63b
 .debug_rnglists
                0x00000000       0x54 CMakeFiles/build.elf.dir/libs/src/_startup.c.obj
 .debug_rnglists
                0x00000054       0x32 CMakeFiles/build.elf.dir/libs/src/system_init.cpp.obj
 .debug_rnglists
                0x00000086       0x1a CMakeFiles/build.elf.dir/libs/src/system_stm32f4xx.c.obj
 .debug_rnglists
                0x000000a0       0x58 CMakeFiles/build.elf.dir/libs/src/xprintf.c.obj
 .debug_rnglists
                0x000000f8       0x61 CMakeFiles/build.elf.dir/libs/superlib/src/dma.cpp.obj
 .debug_rnglists
                0x00000159       0x31 CMakeFiles/build.elf.dir/libs/superlib/src/mcu_base.cpp.obj
 .debug_rnglists
                0x0000018a       0x19 CMakeFiles/build.elf.dir/libs/superlib/src/os_abstraction.cpp.obj
 .debug_rnglists
                0x000001a3       0x85 CMakeFiles/build.elf.dir/libs/superlib/src/uart.cpp.obj
 .debug_rnglists
                0x00000228       0x58 CMakeFiles/build.elf.dir/src/main.cpp.obj
 .debug_rnglists
                0x00000280      0x2bc libs/FreeRTOS-Kernel/libfreertos_kernel.a(tasks.c.obj)
 .debug_rnglists
                0x0000053c       0x45 libs/FreeRTOS-Kernel/libfreertos_kernel.a(heap_4.c.obj)
 .debug_rnglists
                0x00000581       0x2b libs/FreeRTOS-Kernel/libfreertos_kernel.a(list.c.obj)
 .debug_rnglists
                0x000005ac       0x69 libs/FreeRTOS-Kernel/portable/libfreertos_kernel_port.a(port.c.obj)
 .debug_rnglists
                0x00000615       0x13 c:/users/daniil/desktop/embedded/gcc-arm-none-eabi-11.2/bin/../lib/gcc/arm-none-eabi/11.2.1/thumb/v7e-m+fp/hard\libg_nano.a(lib_a-memcpy-stub.o)
 .debug_rnglists
                0x00000628       0x13 c:/users/daniil/desktop/embedded/gcc-arm-none-eabi-11.2/bin/../lib/gcc/arm-none-eabi/11.2.1/thumb/v7e-m+fp/hard\libg_nano.a(lib_a-memset.o)

.debug_macro    0x00000000     0x3d7d
 .debug_macro   0x00000000      0x164 CMakeFiles/build.elf.dir/libs/src/_startup.c.obj
 .debug_macro   0x00000164       0x5e CMakeFiles/build.elf.dir/libs/src/_startup.c.obj
 .debug_macro   0x000001c2       0x34 CMakeFiles/build.elf.dir/libs/src/_startup.c.obj
 .debug_macro   0x000001f6      0x341 CMakeFiles/build.elf.dir/libs/src/_startup.c.obj
 .debug_macro   0x00000537       0x43 CMakeFiles/build.elf.dir/libs/src/_startup.c.obj
 .debug_macro   0x0000057a      0x271 CMakeFiles/build.elf.dir/libs/src/system_init.cpp.obj
 .debug_macro   0x000007eb      0x17b CMakeFiles/build.elf.dir/libs/src/system_init.cpp.obj
 .debug_macro   0x00000966       0x10 CMakeFiles/build.elf.dir/libs/src/system_init.cpp.obj
 .debug_macro   0x00000976       0x35 CMakeFiles/build.elf.dir/libs/src/system_init.cpp.obj
 .debug_macro   0x000009ab       0x8e CMakeFiles/build.elf.dir/libs/src/system_init.cpp.obj
 .debug_macro   0x00000a39       0x1c CMakeFiles/build.elf.dir/libs/src/system_init.cpp.obj
 .debug_macro   0x00000a55     0x1011 CMakeFiles/build.elf.dir/libs/src/system_init.cpp.obj
 .debug_macro   0x00001a66      0x19e CMakeFiles/build.elf.dir/libs/src/system_init.cpp.obj
 .debug_macro   0x00001c04       0xc3 CMakeFiles/build.elf.dir/libs/src/system_init.cpp.obj
 .debug_macro   0x00001cc7      0x120 CMakeFiles/build.elf.dir/libs/src/system_init.cpp.obj
 .debug_macro   0x00001de7       0x87 CMakeFiles/build.elf.dir/libs/src/system_init.cpp.obj
 .debug_macro   0x00001e6e       0x6a CMakeFiles/build.elf.dir/libs/src/system_init.cpp.obj
 .debug_macro   0x00001ed8       0xda CMakeFiles/build.elf.dir/libs/src/system_stm32f4xx.c.obj
 .debug_macro   0x00001fb2       0x23 CMakeFiles/build.elf.dir/libs/src/xprintf.c.obj
 .debug_macro   0x00001fd5       0x4c CMakeFiles/build.elf.dir/libs/src/xprintf.c.obj
 .debug_macro   0x00002021       0x58 CMakeFiles/build.elf.dir/libs/src/xprintf.c.obj
 .debug_macro   0x00002079      0x292 CMakeFiles/build.elf.dir/libs/superlib/src/dma.cpp.obj
 .debug_macro   0x0000230b       0x64 CMakeFiles/build.elf.dir/libs/superlib/src/dma.cpp.obj
 .debug_macro   0x0000236f       0x26 CMakeFiles/build.elf.dir/libs/superlib/src/dma.cpp.obj
 .debug_macro   0x00002395       0x27 CMakeFiles/build.elf.dir/libs/superlib/src/dma.cpp.obj
 .debug_macro   0x000023bc       0x1c CMakeFiles/build.elf.dir/libs/superlib/src/dma.cpp.obj
 .debug_macro   0x000023d8       0x18 CMakeFiles/build.elf.dir/libs/superlib/src/dma.cpp.obj
 .debug_macro   0x000023f0       0x4f CMakeFiles/build.elf.dir/libs/superlib/src/dma.cpp.obj
 .debug_macro   0x0000243f       0x28 CMakeFiles/build.elf.dir/libs/superlib/src/dma.cpp.obj
 .debug_macro   0x00002467       0x2e CMakeFiles/build.elf.dir/libs/superlib/src/dma.cpp.obj
 .debug_macro   0x00002495       0x1f CMakeFiles/build.elf.dir/libs/superlib/src/dma.cpp.obj
 .debug_macro   0x000024b4       0x88 CMakeFiles/build.elf.dir/libs/superlib/src/dma.cpp.obj
 .debug_macro   0x0000253c       0x19 CMakeFiles/build.elf.dir/libs/superlib/src/dma.cpp.obj
 .debug_macro   0x00002555       0x11 CMakeFiles/build.elf.dir/libs/superlib/src/dma.cpp.obj
 .debug_macro   0x00002566      0x1a7 CMakeFiles/build.elf.dir/libs/superlib/src/mcu_base.cpp.obj
 .debug_macro   0x0000270d      0x1a3 CMakeFiles/build.elf.dir/libs/superlib/src/os_abstraction.cpp.obj
 .debug_macro   0x000028b0      0x2a0 CMakeFiles/build.elf.dir/libs/superlib/src/uart.cpp.obj
 .debug_macro   0x00002b50      0x424 CMakeFiles/build.elf.dir/src/main.cpp.obj
 .debug_macro   0x00002f74       0x1c CMakeFiles/build.elf.dir/src/main.cpp.obj
 .debug_macro   0x00002f90       0x3c CMakeFiles/build.elf.dir/src/main.cpp.obj
 .debug_macro   0x00002fcc       0x10 CMakeFiles/build.elf.dir/src/main.cpp.obj
 .debug_macro   0x00002fdc       0x10 CMakeFiles/build.elf.dir/src/main.cpp.obj
 .debug_macro   0x00002fec       0x33 CMakeFiles/build.elf.dir/src/main.cpp.obj
 .debug_macro   0x0000301f      0x173 CMakeFiles/build.elf.dir/src/main.cpp.obj
 .debug_macro   0x00003192       0x11 CMakeFiles/build.elf.dir/src/main.cpp.obj
 .debug_macro   0x000031a3       0x11 CMakeFiles/build.elf.dir/src/main.cpp.obj
 .debug_macro   0x000031b4       0x19 CMakeFiles/build.elf.dir/src/main.cpp.obj
 .debug_macro   0x000031cd      0x2db libs/FreeRTOS-Kernel/libfreertos_kernel.a(tasks.c.obj)
 .debug_macro   0x000034a8      0x10e libs/FreeRTOS-Kernel/libfreertos_kernel.a(tasks.c.obj)
 .debug_macro   0x000035b6       0x8d libs/FreeRTOS-Kernel/libfreertos_kernel.a(tasks.c.obj)
 .debug_macro   0x00003643       0x16 libs/FreeRTOS-Kernel/libfreertos_kernel.a(tasks.c.obj)
 .debug_macro   0x00003659       0x91 libs/FreeRTOS-Kernel/libfreertos_kernel.a(tasks.c.obj)
 .debug_macro   0x000036ea       0x17 libs/FreeRTOS-Kernel/libfreertos_kernel.a(tasks.c.obj)
 .debug_macro   0x00003701      0x276 libs/FreeRTOS-Kernel/libfreertos_kernel.a(heap_4.c.obj)
 .debug_macro   0x00003977      0x1fa libs/FreeRTOS-Kernel/libfreertos_kernel.a(list.c.obj)
 .debug_macro   0x00003b71      0x20c libs/FreeRTOS-Kernel/portable/libfreertos_kernel_port.a(port.c.obj)
